     VMA      LMA     Size Align Out     In      Symbol
       0        0        0     1 PAGE_SIZE = 256
       0        0        0     1 STACK_SIZE = 1500
       0        0        0     1 END_STACK = ORIGIN ( SRAM ) + LENGTH ( SRAM )
c0de0000 c0de0000     2a00     4 .text
c0de0000 c0de0000        0     1         _text = .
c0de0000 c0de0000        0     1         _nvram_start = .
c0de0000 c0de0000       8c     4         build/nanox/obj/main.o:(.boot)
c0de0000 c0de0000        0     1                 $t.5
c0de0001 c0de0001       8c     1                 main
c0de0080 c0de0080        0     1                 $d.6
c0de008c c0de008c        0     1         _code = .
c0de008c c0de008c        c     4         build/nanox/obj/cx_stubs.o:(.text.cx_hash_get_size)
c0de008c c0de008c        0     1                 $t
c0de008d c0de008d        0     1                 cx_hash_get_size
c0de0092 c0de0092        0     1                 $d
c0de0094 c0de0094        0     1                 $d
c0de0098 c0de0098        c     4         build/nanox/obj/cx_stubs.o:(.text.cx_hash_no_throw)
c0de0098 c0de0098        0     1                 $t
c0de0099 c0de0099        0     1                 cx_hash_no_throw
c0de009e c0de009e        0     1                 $d
c0de00a0 c0de00a0        0     1                 $d
c0de00a4 c0de00a4        c     4         build/nanox/obj/cx_stubs.o:(.text.cx_keccak_init_no_throw)
c0de00a4 c0de00a4        0     1                 $t
c0de00a5 c0de00a5        0     1                 cx_keccak_init_no_throw
c0de00aa c0de00aa        0     1                 $d
c0de00ac c0de00ac        0     1                 $d
c0de00b0 c0de00b0       14     4         build/nanox/obj/cx_stubs.o:(.text.cx_x448)
c0de00b0 c0de00b0        0     1                 $t
c0de00b1 c0de00b1        0     1                 cx_x448
c0de00b7 c0de00b7        0     1                 cx_trampoline_helper
c0de00ba c0de00ba        0     1                 $d
c0de00bc c0de00bc        0     1                 $d
c0de00c4 c0de00c4       e0     4         build/nanox/obj/eth_internals.o:(.text.getEthAddressStringFromBinary)
c0de00c4 c0de00c4        0     1                 $t.0
c0de00c5 c0de00c5       e0     1                 getEthAddressStringFromBinary
c0de019c c0de019c        0     1                 $d.1
c0de01a4 c0de01a4       7c     4         build/nanox/obj/eth_internals.o:(.text.u64_to_string)
c0de01a4 c0de01a4        0     1                 $t.2
c0de01a5 c0de01a5       7c     1                 u64_to_string
c0de021c c0de021c        0     1                 $d.3
c0de0220 c0de0220       14     2         build/nanox/obj/eth_internals.o:(.text.cx_keccak_init)
c0de0220 c0de0220        0     1                 $t.4
c0de0221 c0de0221       14     1                 cx_keccak_init
c0de0234 c0de0234       2c     2         build/nanox/obj/eth_internals.o:(.text.cx_hash)
c0de0234 c0de0234        0     1                 $t.5
c0de0235 c0de0235       2c     1                 cx_hash
c0de0260 c0de0260      106     2         build/nanox/obj/eth_internals.o:(.text.adjustDecimals)
c0de0260 c0de0260        0     1                 $t.9
c0de0261 c0de0261      106     1                 adjustDecimals
c0de0368 c0de0368       e4     4         build/nanox/obj/eth_internals.o:(.text.uint256_to_decimal)
c0de0368 c0de0368        0     1                 $t.10
c0de0369 c0de0369       e4     1                 uint256_to_decimal
c0de0448 c0de0448        0     1                 $d.11
c0de044c c0de044c       30     2         build/nanox/obj/eth_internals.o:(.text.allzeroes)
c0de044c c0de044c        0     1                 $t.12
c0de044d c0de044d       30     1                 allzeroes
c0de047c c0de047c       88     2         build/nanox/obj/eth_internals.o:(.text.amountToString)
c0de047c c0de047c        0     1                 $t.13
c0de047d c0de047d       88     1                 amountToString
c0de0504 c0de0504       b4     4         build/nanox/obj/handle_finalize.o:(.text.handle_finalize)
c0de0504 c0de0504        0     1                 $t.0
c0de0505 c0de0505       b4     1                 handle_finalize
c0de05a8 c0de05a8        0     1                 $d.1
c0de05b8 c0de05b8       30     4         build/nanox/obj/handle_finalize.o:(.text.printf_hex_array)
c0de05b8 c0de05b8        0     1                 $t.2
c0de05b9 c0de05b9       30     1                 printf_hex_array
c0de05e0 c0de05e0        0     1                 $d.3
c0de05e8 c0de05e8       12     2         build/nanox/obj/handle_finalize.o:(.text.sent_network_token)
c0de05e8 c0de05e8        0     1                 $t.4
c0de05e9 c0de05e9       12     1                 sent_network_token
c0de05fa c0de05fa       12     2         build/nanox/obj/handle_finalize.o:(.text.received_network_token)
c0de05fa c0de05fa        0     1                 $t.5
c0de05fb c0de05fb       12     1                 received_network_token
c0de060c c0de060c       dc     4         build/nanox/obj/handle_init_contract.o:(.text.handle_init_contract)
c0de060c c0de060c        0     1                 $t.0
c0de060d c0de060d       dc     1                 handle_init_contract
c0de06d8 c0de06d8        0     1                 $d.1
c0de06e8 c0de06e8       16     2         build/nanox/obj/handle_init_contract.o:(.text.U4BE)
c0de06e8 c0de06e8        0     1                 $t.2
c0de06e9 c0de06e9       16     1                 U4BE
c0de0700 c0de0700       3c     4         build/nanox/obj/handle_init_contract.o:(.text.find_selector)
c0de0700 c0de0700        0     1                 $t.3
c0de0701 c0de0701       3c     1                 find_selector
c0de0738 c0de0738        0     1                 $d.4
c0de073c c0de073c       e4     4         build/nanox/obj/handle_provide_parameter.o:(.text.handle_provide_parameter)
c0de073c c0de073c        0     1                 $t.0
c0de073d c0de073d       e4     1                 handle_provide_parameter
c0de0818 c0de0818        0     1                 $d.1
c0de0820 c0de0820       34     4         build/nanox/obj/handle_provide_parameter.o:(.text.printf_hex_array)
c0de0820 c0de0820        0     1                 $t.2
c0de0821 c0de0821       34     1                 printf_hex_array
c0de084c c0de084c        0     1                 $d.3
c0de0854 c0de0854       20     4         build/nanox/obj/handle_provide_parameter.o:(.text.handle_zapper_deposit_eth)
c0de0854 c0de0854        0     1                 $t.4
c0de0855 c0de0855       20     1                 handle_zapper_deposit_eth
c0de0870 c0de0870        0     1                 $d.5
c0de0874 c0de0874       44     4         build/nanox/obj/handle_provide_parameter.o:(.text.handle_zapper_deposit_sfrxeth)
c0de0874 c0de0874        0     1                 $t.6
c0de0875 c0de0875       44     1                 handle_zapper_deposit_sfrxeth
c0de08b4 c0de08b4        0     1                 $d.7
c0de08b8 c0de08b8       58     4         build/nanox/obj/handle_provide_parameter.o:(.text.handle_vault_mint)
c0de08b8 c0de08b8        0     1                 $t.8
c0de08b9 c0de08b9       58     1                 handle_vault_mint
c0de090c c0de090c        0     1                 $d.9
c0de0910 c0de0910       44     4         build/nanox/obj/handle_provide_parameter.o:(.text.handle_vault_redeem)
c0de0910 c0de0910        0     1                 $t.10
c0de0911 c0de0911       44     1                 handle_vault_redeem
c0de0950 c0de0950        0     1                 $d.11
c0de0954 c0de0954       68     4         build/nanox/obj/handle_provide_parameter.o:(.text.handle_curve_pool_exchange)
c0de0954 c0de0954        0     1                 $t.12
c0de0955 c0de0955       68     1                 handle_curve_pool_exchange
c0de09b8 c0de09b8        0     1                 $d.13
c0de09bc c0de09bc       ac     4         build/nanox/obj/handle_provide_parameter.o:(.text.handle_curve_router_exchange)
c0de09bc c0de09bc        0     1                 $t.14
c0de09bd c0de09bd       ac     1                 handle_curve_router_exchange
c0de0a5c c0de0a5c        0     1                 $d.15
c0de0a68 c0de0a68      114     4         build/nanox/obj/handle_provide_parameter.o:(.text.handle_uniswap_exchange)
c0de0a68 c0de0a68        0     1                 $t.16
c0de0a69 c0de0a69      114     1                 handle_uniswap_exchange
c0de0b70 c0de0b70        0     1                 $d.17
c0de0b7c c0de0b7c       7c     4         build/nanox/obj/handle_provide_parameter.o:(.text.handle_uniswap_exchange_single)
c0de0b7c c0de0b7c        0     1                 $t.18
c0de0b7d c0de0b7d       7c     1                 handle_uniswap_exchange_single
c0de0bf4 c0de0bf4        0     1                 $d.19
c0de0bf8 c0de0bf8       34     4         build/nanox/obj/handle_provide_parameter.o:(.text.handle_flipper_exchange)
c0de0bf8 c0de0bf8        0     1                 $t.20
c0de0bf9 c0de0bf9       34     1                 handle_flipper_exchange
c0de0c28 c0de0c28        0     1                 $d.21
c0de0c2c c0de0c2c       44     4         build/nanox/obj/handle_provide_parameter.o:(.text.handle_wrap)
c0de0c2c c0de0c2c        0     1                 $t.22
c0de0c2d c0de0c2d       44     1                 handle_wrap
c0de0c6c c0de0c6c        0     1                 $d.23
c0de0c70 c0de0c70       10     2         build/nanox/obj/handle_provide_parameter.o:(.text.handle_amount_sent)
c0de0c70 c0de0c70        0     1                 $t.24
c0de0c71 c0de0c71       10     1                 handle_amount_sent
c0de0c80 c0de0c80       12     2         build/nanox/obj/handle_provide_parameter.o:(.text.handle_min_amount_received)
c0de0c80 c0de0c80        0     1                 $t.25
c0de0c81 c0de0c81       12     1                 handle_min_amount_received
c0de0c94 c0de0c94       d8     4         build/nanox/obj/handle_provide_parameter.o:(.text.handle_token_sent)
c0de0c94 c0de0c94        0     1                 $t.26
c0de0c95 c0de0c95       d8     1                 handle_token_sent
c0de0d44 c0de0d44        0     1                 $d.27
c0de0d6c c0de0d6c       d8     4         build/nanox/obj/handle_provide_parameter.o:(.text.handle_token_received)
c0de0d6c c0de0d6c        0     1                 $t.28
c0de0d6d c0de0d6d       d8     1                 handle_token_received
c0de0e1c c0de0e1c        0     1                 $d.29
c0de0e44 c0de0e44       30     4         build/nanox/obj/handle_provide_parameter.o:(.text.handle_beneficiary)
c0de0e44 c0de0e44        0     1                 $t.30
c0de0e45 c0de0e45       30     1                 handle_beneficiary
c0de0e70 c0de0e70        0     1                 $d.31
c0de0e74 c0de0e74        c     2         build/nanox/obj/handle_provide_parameter.o:(.text.U2BE)
c0de0e74 c0de0e74        0     1                 $t.32
c0de0e75 c0de0e75        c     1                 U2BE
c0de0e80 c0de0e80      108     4         build/nanox/obj/handle_provide_token.o:(.text.handle_provide_token)
c0de0e80 c0de0e80        0     1                 $t.0
c0de0e81 c0de0e81      108     1                 handle_provide_token
c0de0f70 c0de0f70        0     1                 $d.1
c0de0f88 c0de0f88       84     4         build/nanox/obj/handle_provide_token.o:(.text.check_token_sent)
c0de0f88 c0de0f88        0     1                 $t.2
c0de0f89 c0de0f89       84     1                 check_token_sent
c0de0ff8 c0de0ff8        0     1                 $d.3
c0de100c c0de100c       12     2         build/nanox/obj/handle_provide_token.o:(.text.sent_network_token)
c0de100c c0de100c        0     1                 $t.4
c0de100d c0de100d       12     1                 sent_network_token
c0de1020 c0de1020       84     4         build/nanox/obj/handle_provide_token.o:(.text.check_token_received)
c0de1020 c0de1020        0     1                 $t.5
c0de1021 c0de1021       84     1                 check_token_received
c0de1090 c0de1090        0     1                 $d.6
c0de10a4 c0de10a4       12     2         build/nanox/obj/handle_provide_token.o:(.text.received_network_token)
c0de10a4 c0de10a4        0     1                 $t.7
c0de10a5 c0de10a5       12     1                 received_network_token
c0de10b8 c0de10b8       84     4         build/nanox/obj/handle_query_contract_id.o:(.text.handle_query_contract_id)
c0de10b8 c0de10b8        0     1                 $t.0
c0de10b9 c0de10b9       84     1                 handle_query_contract_id
c0de1120 c0de1120        0     1                 $d.1
c0de113c c0de113c       74     4         build/nanox/obj/handle_query_contract_ui.o:(.text.handle_query_contract_ui)
c0de113c c0de113c        0     1                 $t.0
c0de113d c0de113d       74     1                 handle_query_contract_ui
c0de11ac c0de11ac        0     1                 $d.1
c0de11b0 c0de11b0       e2     2         build/nanox/obj/handle_query_contract_ui.o:(.text.get_screen)
c0de11b0 c0de11b0        0     1                 $t.2
c0de11b1 c0de11b1       e2     1                 get_screen
c0de1294 c0de1294      2c4     4         build/nanox/obj/handle_query_contract_ui.o:(.text.set_send_ui)
c0de1294 c0de1294        0     1                 $t.3
c0de1295 c0de1295      2c4     1                 set_send_ui
c0de14d8 c0de14d8        0     1                 $d.4
c0de1558 c0de1558      264     4         build/nanox/obj/handle_query_contract_ui.o:(.text.set_receive_ui)
c0de1558 c0de1558        0     1                 $t.5
c0de1559 c0de1559      264     1                 set_receive_ui
c0de175c c0de175c        0     1                 $d.6
c0de17bc c0de17bc       28     4         build/nanox/obj/handle_query_contract_ui.o:(.text.set_warning_ui)
c0de17bc c0de17bc        0     1                 $t.7
c0de17bd c0de17bd       28     1                 set_warning_ui
c0de17dc c0de17dc        0     1                 $d.8
c0de17e4 c0de17e4       40     4         build/nanox/obj/handle_query_contract_ui.o:(.text.set_beneficiary_ui)
c0de17e4 c0de17e4        0     1                 $t.9
c0de17e5 c0de17e5       40     1                 set_beneficiary_ui
c0de1820 c0de1820        0     1                 $d.10
c0de1824 c0de1824       78     4         build/nanox/obj/main.o:(.text.dispatch_plugin_calls)
c0de1824 c0de1824        0     1                 $t.0
c0de1825 c0de1825       78     1                 dispatch_plugin_calls
c0de1898 c0de1898        0     1                 $d.1
c0de189c c0de189c       14     2         build/nanox/obj/main.o:(.text.handle_query_ui_exception)
c0de189c c0de189c        0     1                 $t.2
c0de189d c0de189d       14     1                 handle_query_ui_exception
c0de18b0 c0de18b0       20     4         build/nanox/obj/main.o:(.text.call_app_ethereum)
c0de18b0 c0de18b0        0     1                 $t.3
c0de18b1 c0de18b1       20     1                 call_app_ethereum
c0de18cc c0de18cc        0     1                 $d.4
c0de18d0 c0de18d0       12     2         build/nanox/obj/main.o:(.text.check_api_level)
c0de18d0 c0de18d0        0     1                 $t.7
c0de18d1 c0de18d1       12     1                 check_api_level
c0de18e2 c0de18e2        a     2         build/nanox/obj/os.o:(.text.os_boot)
c0de18e2 c0de18e2        0     1                 $t.0
c0de18e3 c0de18e3        a     1                 os_boot
c0de18ec c0de18ec       1c     4         build/nanox/obj/os.o:(.text.os_longjmp)
c0de18ec c0de18ec        0     1                 $t.3
c0de18ed c0de18ed       1c     1                 os_longjmp
c0de1904 c0de1904        0     1                 $d.4
c0de1908 c0de1908       26     2         build/nanox/obj/os_io_seproxyhal.o:(.text.mcu_usb_prints)
c0de1908 c0de1908        0     1                 $t.55
c0de1909 c0de1909       26     1                 mcu_usb_prints
c0de1930 c0de1930      350     4         build/nanox/obj/os_printf.o:(.text.mcu_usb_printf)
c0de1930 c0de1930        0     1                 $t.0
c0de1931 c0de1931      350     1                 mcu_usb_printf
c0de1931 c0de1931      350     1                 screen_printf
c0de1c64 c0de1c64        0     1                 $d.1
c0de1c80 c0de1c80        e     2         build/nanox/obj/svc_call.o:(.text)
c0de1c80 c0de1c80        0     1                 $t
c0de1c81 c0de1c81        0     1                 SVC_Call
c0de1c88 c0de1c88        0     1                 exception
c0de1c8e c0de1c8e       16     2         build/nanox/obj/syscalls.o:(.text.get_api_level)
c0de1c8e c0de1c8e        0     1                 $t.0
c0de1c8f c0de1c8f       16     1                 get_api_level
c0de1ca4 c0de1ca4       1c     4         build/nanox/obj/syscalls.o:(.text.os_lib_call)
c0de1ca4 c0de1ca4        0     1                 $t.221
c0de1ca5 c0de1ca5       1c     1                 os_lib_call
c0de1cbc c0de1cbc        0     1                 $d.222
c0de1cc0 c0de1cc0       10     2         build/nanox/obj/syscalls.o:(.text.os_lib_end)
c0de1cc0 c0de1cc0        0     1                 $t.223
c0de1cc1 c0de1cc1       10     1                 os_lib_end
c0de1cd0 c0de1cd0       18     4         build/nanox/obj/syscalls.o:(.text.os_sched_exit)
c0de1cd0 c0de1cd0        0     1                 $t.251
c0de1cd1 c0de1cd1       18     1                 os_sched_exit
c0de1ce4 c0de1ce4        0     1                 $d.252
c0de1ce8 c0de1ce8       18     4         build/nanox/obj/syscalls.o:(.text.io_seph_send)
c0de1ce8 c0de1ce8        0     1                 $t.259
c0de1ce9 c0de1ce9       18     1                 io_seph_send
c0de1cfc c0de1cfc        0     1                 $d.260
c0de1d00 c0de1d00       14     2         build/nanox/obj/syscalls.o:(.text.try_context_get)
c0de1d00 c0de1d00        0     1                 $t.268
c0de1d01 c0de1d01       14     1                 try_context_get
c0de1d14 c0de1d14       1c     4         build/nanox/obj/syscalls.o:(.text.try_context_set)
c0de1d14 c0de1d14        0     1                 $t.269
c0de1d15 c0de1d15       1c     1                 try_context_set
c0de1d2c c0de1d2c        0     1                 $d.270
c0de1d30 c0de1d30      114     4         /opt/nanox-secure-sdk/arch/st33/lib/libgcc.a(_udivsi3.o):(.text)
c0de1d30 c0de1d30        0     1                 $t
c0de1d30 c0de1d30        0     1                 .udivsi3_skip_div0_test
c0de1d31 c0de1d31      10a     1                 __udivsi3
c0de1d31 c0de1d31        0     1                 __aeabi_uidiv
c0de1e3d c0de1e3d        8     1                 __aeabi_uidivmod
c0de1e44 c0de1e44        4     4         /opt/nanox-secure-sdk/arch/st33/lib/libgcc.a(_dvmd_tls.o):(.text)
c0de1e44 c0de1e44        0     1                 $t
c0de1e45 c0de1e45        2     1                 __aeabi_idiv0
c0de1e45 c0de1e45        2     1                 __aeabi_ldiv0
c0de1e48 c0de1e48       40     4         /opt/nanox-secure-sdk/arch/st33/lib/libgcc.a(_aeabi_uldivmod.o):(.text)
c0de1e48 c0de1e48        0     1                 $t
c0de1e49 c0de1e49       3e     1                 __aeabi_uldivmod
c0de1e6c c0de1e6c        0     1                 $d
c0de1e70 c0de1e70        0     1                 $t
c0de1e88 c0de1e88       54     4         /opt/nanox-secure-sdk/arch/st33/lib/libgcc.a(_muldi3.o):(.text)
c0de1e88 c0de1e88        0     1                 $t
c0de1e89 c0de1e89       54     1                 __muldi3
c0de1e89 c0de1e89       54     1                 __aeabi_lmul
c0de1edc c0de1edc      1a4     4         /opt/nanox-secure-sdk/arch/st33/lib/libgcc.a(_udivmoddi4.o):(.text)
c0de1edc c0de1edc        0     1                 $t
c0de1edd c0de1edd      1a2     1                 __udivmoddi4
c0de2080 c0de2080       18     4         /opt/nanox-secure-sdk/arch/st33/lib/libgcc.a(_clzdi2.o):(.text)
c0de2080 c0de2080        0     1                 $t
c0de2081 c0de2081       16     1                 __clzdi2
c0de2098 c0de2098       3c     4         /opt/nanox-secure-sdk/arch/st33/lib/libgcc.a(_clzsi2.o):(.text)
c0de2098 c0de2098        0     1                 $t
c0de2099 c0de2099       3c     1                 __clzsi2
c0de20c4 c0de20c4        0     1                 $d
c0de20d4 c0de20d4        c     4         /opt/nanox-secure-sdk/arch/st33/lib/libc.a(lib_a-aeabi_memclr.o):(.text.__aeabi_memclr)
c0de20d4 c0de20d4        0     1                 $t
c0de20d5 c0de20d5        a     1                 __aeabi_memclr
c0de20d5 c0de20d5        a     1                 __aeabi_memclr8
c0de20d5 c0de20d5        a     1                 __aeabi_memclr4
c0de20e0 c0de20e0        8     4         /opt/nanox-secure-sdk/arch/st33/lib/libc.a(lib_a-aeabi_memcpy.o):(.text.__aeabi_memcpy)
c0de20e0 c0de20e0        0     1                 $t
c0de20e1 c0de20e1        8     1                 __aeabi_memcpy
c0de20e1 c0de20e1        8     1                 __aeabi_memcpy8
c0de20e1 c0de20e1        8     1                 __aeabi_memcpy4
c0de20e8 c0de20e8        8     4         /opt/nanox-secure-sdk/arch/st33/lib/libc.a(lib_a-aeabi_memmove.o):(.text.__aeabi_memmove)
c0de20e8 c0de20e8        0     1                 $t
c0de20e9 c0de20e9        8     1                 __aeabi_memmove
c0de20e9 c0de20e9        8     1                 __aeabi_memmove8
c0de20e9 c0de20e9        8     1                 __aeabi_memmove4
c0de20f0 c0de20f0       10     4         /opt/nanox-secure-sdk/arch/st33/lib/libc.a(lib_a-aeabi_memset.o):(.text.__aeabi_memset)
c0de20f0 c0de20f0        0     1                 $t
c0de20f1 c0de20f1        e     1                 __aeabi_memset
c0de20f1 c0de20f1        e     1                 __aeabi_memset8
c0de20f1 c0de20f1        e     1                 __aeabi_memset4
c0de2100 c0de2100       50     4         /opt/nanox-secure-sdk/arch/st33/lib/libc.a(lib_a-memcmp.o):(.text.memcmp)
c0de2100 c0de2100        0     1                 $t
c0de2101 c0de2101       50     1                 memcmp
c0de2150 c0de2150       a8     4         /opt/nanox-secure-sdk/arch/st33/lib/libc.a(lib_a-memcpy-stub.o):(.text.memcpy)
c0de2150 c0de2150        0     1                 $t
c0de2151 c0de2151       a6     1                 memcpy
c0de21f8 c0de21f8       bc     4         /opt/nanox-secure-sdk/arch/st33/lib/libc.a(lib_a-memmove.o):(.text.memmove)
c0de21f8 c0de21f8        0     1                 $t
c0de21f9 c0de21f9       ba     1                 memmove
c0de22b4 c0de22b4       a8     4         /opt/nanox-secure-sdk/arch/st33/lib/libc.a(lib_a-memset.o):(.text.memset)
c0de22b4 c0de22b4        0     1                 $t
c0de22b5 c0de22b5       a8     1                 memset
c0de235c c0de235c       34     2         /opt/nanox-secure-sdk/arch/st33/lib/libc.a(lib_a-setjmp.o):(.text)
c0de235c c0de235c        0     1                 $t
c0de235d c0de235d        0     1                 setjmp
c0de2375 c0de2375        0     1                 longjmp
c0de2390 c0de2390       68     4         /opt/nanox-secure-sdk/arch/st33/lib/libc.a(lib_a-strlcat.o):(.text.strlcat)
c0de2390 c0de2390        0     1                 $t
c0de2391 c0de2391       66     1                 strlcat
c0de23f8 c0de23f8       4c     4         /opt/nanox-secure-sdk/arch/st33/lib/libc.a(lib_a-strlcpy.o):(.text.strlcpy)
c0de23f8 c0de23f8        0     1                 $t
c0de23f9 c0de23f9       4c     1                 strlcpy
c0de2444 c0de2444       68     4         /opt/nanox-secure-sdk/arch/st33/lib/libc.a(lib_a-strlen-stub.o):(.text.strlen)
c0de2444 c0de2444        0     1                 $t
c0de2445 c0de2445       68     1                 strlen
c0de24a4 c0de24a4        0     1                 $d
c0de24ac c0de24ac       2c     4         /opt/nanox-secure-sdk/arch/st33/lib/libc.a(lib_a-strnlen.o):(.text.strnlen)
c0de24ac c0de24ac        0     1                 $t
c0de24ad c0de24ad       2a     1                 strnlen
c0de24d8 c0de24d8        0     1         _ecode = .
c0de24d8 c0de24d8      317     1         <internal>:(.text)
c0de27f0 c0de27f0       44     4         build/nanox/obj/main.o:(.rodata.ORIGIN_DEFI_SELECTORS)
c0de27f0 c0de27f0       44     1                 ORIGIN_DEFI_SELECTORS
c0de2834 c0de2834       14     1         build/nanox/obj/main.o:(.rodata.OETH_ADDRESS)
c0de2834 c0de2834       14     1                 OETH_ADDRESS
c0de2848 c0de2848       14     1         build/nanox/obj/main.o:(.rodata.OUSD_ADDRESS)
c0de2848 c0de2848       14     1                 OUSD_ADDRESS
c0de285c c0de285c       14     1         build/nanox/obj/main.o:(.rodata.DAI_ADDRESS)
c0de285c c0de285c       14     1                 DAI_ADDRESS
c0de2870 c0de2870       14     1         build/nanox/obj/main.o:(.rodata.USDC_ADDRESS)
c0de2870 c0de2870       14     1                 USDC_ADDRESS
c0de2884 c0de2884       14     1         build/nanox/obj/main.o:(.rodata.USDT_ADDRESS)
c0de2884 c0de2884       14     1                 USDT_ADDRESS
c0de2898 c0de2898       14     1         build/nanox/obj/main.o:(.rodata.OETH_VAULT_ADDRESS)
c0de2898 c0de2898       14     1                 OETH_VAULT_ADDRESS
c0de28ac c0de28ac       14     1         build/nanox/obj/main.o:(.rodata.WOETH_ADDRESS)
c0de28ac c0de28ac       14     1                 WOETH_ADDRESS
c0de28c0 c0de28c0       14     1         build/nanox/obj/main.o:(.rodata.CURVE_OETH_POOL_ADDRESS)
c0de28c0 c0de28c0       14     1                 CURVE_OETH_POOL_ADDRESS
c0de28d4 c0de28d4       14     1         build/nanox/obj/main.o:(.rodata.CURVE_OUSD_POOL_ADDRESS)
c0de28d4 c0de28d4       14     1                 CURVE_OUSD_POOL_ADDRESS
c0de28e8 c0de28e8       10     1         build/nanox/obj/os_printf.o:(.rodata.g_pcHex)
c0de28e8 c0de28e8       10     1                 g_pcHex
c0de28f8 c0de28f8       10     1         build/nanox/obj/os_printf.o:(.rodata.g_pcHex_cap)
c0de28f8 c0de28f8       10     1                 g_pcHex_cap
c0de2908 c0de2908       14     1         build/nanox/obj/main.o:(.rodata.NULL_ETH_ADDRESS)
c0de2908 c0de2908       14     1                 NULL_ETH_ADDRESS
c0de291c c0de291c        0     1         . = ALIGN ( 4 )
c0de291c c0de291c        0     1         _etext = .
c0de291c c0de291c       e4     1         . = ALIGN ( PAGE_SIZE )
c0de2a00 c0de2a00        0     1         _nvram_data = .
c0de2a00 c0de2a00        0     1         . = ALIGN ( PAGE_SIZE )
c0de2a00 c0de2a00        0     1         _envram_data = .
c0de2a00 c0de2a00        0     1         _install_parameters = .
c0de2a00 c0de2a00        0     1         _nvram_end = .
d0000000 d0000000        0     1 .data
d0000000 d0000000        0     1         . = ALIGN ( 4 )
d0000000 d0000000        0     1         _data = .
d0000000 d0000000        0     1         _edata = .
da7a0000 da7a0000      5e4     1 .bss
da7a0000 da7a0000        0     1         _bss = .
da7a0000 da7a0000        0     1         __stack_chk_guard = .
da7a0000 da7a0000        4     1         . += 4
da7a0004 da7a0004        0     1         _ebss = .
da7a0004 da7a0004        0     1         . = ALIGN ( 4 )
da7a0004 da7a0004        0     1         app_stack_canary = .
da7a0004 da7a0004        4     1         . += 4
da7a0008 da7a0008        0     1         _stack_validation = .
da7a0008 da7a0008      5dc     1         . = _stack_validation + STACK_SIZE
da7a05e4 da7a05e4        0     1         _stack = ABSOLUTE ( END_STACK ) - STACK_SIZE
da7a05e4 da7a05e4        0     1         _estack = ABSOLUTE ( END_STACK )
       0        0       30     1 .comment
       0        0       30     1         <internal>:(.comment)
       0        0      4b0     8 .debug_aranges
       0        0      450     8         build/nanox/obj/cx_stubs.o:(.debug_aranges)
     450      450       20     8         build/nanox/obj/stack_protector_init.o:(.debug_aranges)
     470      470       20     8         build/nanox/obj/svc_call.o:(.debug_aranges)
     490      490       20     8         build/nanox/obj/svc_cx_call.o:(.debug_aranges)
       0        0    10ee4     1 .debug_info
       0        0      9ea     1         build/nanox/obj/bagl.o:(.debug_info)
     9ea      9ea      278     1         build/nanox/obj/bagl_fonts.o:(.debug_info)
     c62      c62       22     1         build/nanox/obj/cx_stubs.o:(.debug_info)
     c84      c84      b8d     1         build/nanox/obj/eth_internals.o:(.debug_info)
    1811     1811      3be     1         build/nanox/obj/glyphs.o:(.debug_info)
    1bcf     1bcf      74f     1         build/nanox/obj/handle_finalize.o:(.debug_info)
    231e     231e      7b4     1         build/nanox/obj/handle_init_contract.o:(.debug_info)
    2ad2     2ad2      a19     1         build/nanox/obj/handle_provide_parameter.o:(.debug_info)
    34eb     34eb      78b     1         build/nanox/obj/handle_provide_token.o:(.debug_info)
    3c76     3c76      689     1         build/nanox/obj/handle_query_contract_id.o:(.debug_info)
    42ff     42ff      8d6     1         build/nanox/obj/handle_query_contract_ui.o:(.debug_info)
    4bd5     4bd5      2e7     1         build/nanox/obj/ledger_protocol.o:(.debug_info)
    4ebc     4ebc      832     1         build/nanox/obj/main.o:(.debug_info)
    56ee     56ee      718     1         build/nanox/obj/os.o:(.debug_info)
    5e06     5e06      e57     1         build/nanox/obj/os_io_seproxyhal.o:(.debug_info)
    6c5d     6c5d       38     1         build/nanox/obj/os_io_task.o:(.debug_info)
    6c95     6c95      263     1         build/nanox/obj/os_io_usb.o:(.debug_info)
    6ef8     6ef8      20a     1         build/nanox/obj/os_printf.o:(.debug_info)
    7102     7102       8c     1         build/nanox/obj/pic.o:(.debug_info)
    718e     718e      2ed     1         build/nanox/obj/printf.o:(.debug_info)
    747b     747b       26     1         build/nanox/obj/stack_protector_init.o:(.debug_info)
    74a1     74a1       26     1         build/nanox/obj/svc_call.o:(.debug_info)
    74c7     74c7       26     1         build/nanox/obj/svc_cx_call.o:(.debug_info)
    74ed     74ed     33af     1         build/nanox/obj/syscalls.o:(.debug_info)
    a89c     a89c      8ec     1         build/nanox/obj/usbd_conf.o:(.debug_info)
    b188     b188      a5d     1         build/nanox/obj/usbd_core.o:(.debug_info)
    bbe5     bbe5      938     1         build/nanox/obj/usbd_ctlreq.o:(.debug_info)
    c51d     c51d      615     1         build/nanox/obj/usbd_hid.o:(.debug_info)
    cb32     cb32      a00     1         build/nanox/obj/usbd_impl.o:(.debug_info)
    d532     d532      6af     1         build/nanox/obj/usbd_ioreq.o:(.debug_info)
    dbe1     dbe1      3a0     1         build/nanox/obj/ux_flow_engine.o:(.debug_info)
    df81     df81      1e6     1         build/nanox/obj/ux_layout_bb.o:(.debug_info)
    e167     e167      249     1         build/nanox/obj/ux_layout_bn.o:(.debug_info)
    e3b0     e3b0      1c5     1         build/nanox/obj/ux_layout_bnn.o:(.debug_info)
    e575     e575      1c5     1         build/nanox/obj/ux_layout_bnnn.o:(.debug_info)
    e73a     e73a      249     1         build/nanox/obj/ux_layout_nn.o:(.debug_info)
    e983     e983      23a     1         build/nanox/obj/ux_layout_nnbnn.o:(.debug_info)
    ebbd     ebbd      1c5     1         build/nanox/obj/ux_layout_nnn.o:(.debug_info)
    ed82     ed82      1c5     1         build/nanox/obj/ux_layout_nnnn.o:(.debug_info)
    ef47     ef47      709     1         build/nanox/obj/ux_layout_paging.o:(.debug_info)
    f650     f650      251     1         build/nanox/obj/ux_layout_paging_compute.o:(.debug_info)
    f8a1     f8a1      2a8     1         build/nanox/obj/ux_layout_pb.o:(.debug_info)
    fb49     fb49      2d5     1         build/nanox/obj/ux_layout_pbb.o:(.debug_info)
    fe1e     fe1e      249     1         build/nanox/obj/ux_layout_pbn.o:(.debug_info)
   10067    10067      1c5     1         build/nanox/obj/ux_layout_pn.o:(.debug_info)
   1022c    1022c      249     1         build/nanox/obj/ux_layout_pnn.o:(.debug_info)
   10475    10475      251     1         build/nanox/obj/ux_layout_utils.o:(.debug_info)
   106c6    106c6      1b6     1         build/nanox/obj/ux_legacy.o:(.debug_info)
   1087c    1087c      204     1         build/nanox/obj/ux_menulist.o:(.debug_info)
   10a80    10a80      464     1         build/nanox/obj/ux_stack.o:(.debug_info)
       0        0     35aa     1 .debug_abbrev
       0        0      1d4     1         build/nanox/obj/bagl.o:(.debug_abbrev)
     1d4      1d4       96     1         build/nanox/obj/bagl_fonts.o:(.debug_abbrev)
     26a      26a       12     1         build/nanox/obj/cx_stubs.o:(.debug_abbrev)
     27c      27c      1ba     1         build/nanox/obj/eth_internals.o:(.debug_abbrev)
     436      436       7e     1         build/nanox/obj/glyphs.o:(.debug_abbrev)
     4b4      4b4      136     1         build/nanox/obj/handle_finalize.o:(.debug_abbrev)
     5ea      5ea      143     1         build/nanox/obj/handle_init_contract.o:(.debug_abbrev)
     72d      72d      180     1         build/nanox/obj/handle_provide_parameter.o:(.debug_abbrev)
     8ad      8ad      141     1         build/nanox/obj/handle_provide_token.o:(.debug_abbrev)
     9ee      9ee      106     1         build/nanox/obj/handle_query_contract_id.o:(.debug_abbrev)
     af4      af4      16a     1         build/nanox/obj/handle_query_contract_ui.o:(.debug_abbrev)
     c5e      c5e      116     1         build/nanox/obj/ledger_protocol.o:(.debug_abbrev)
     d74      d74      196     1         build/nanox/obj/main.o:(.debug_abbrev)
     f0a      f0a      1d8     1         build/nanox/obj/os.o:(.debug_abbrev)
    10e2     10e2      288     1         build/nanox/obj/os_io_seproxyhal.o:(.debug_abbrev)
    136a     136a       2c     1         build/nanox/obj/os_io_task.o:(.debug_abbrev)
    1396     1396      12c     1         build/nanox/obj/os_io_usb.o:(.debug_abbrev)
    14c2     14c2      111     1         build/nanox/obj/os_printf.o:(.debug_abbrev)
    15d3     15d3       7d     1         build/nanox/obj/pic.o:(.debug_abbrev)
    1650     1650      12e     1         build/nanox/obj/printf.o:(.debug_abbrev)
    177e     177e       14     1         build/nanox/obj/stack_protector_init.o:(.debug_abbrev)
    1792     1792       14     1         build/nanox/obj/svc_call.o:(.debug_abbrev)
    17a6     17a6       14     1         build/nanox/obj/svc_cx_call.o:(.debug_abbrev)
    17ba     17ba      198     1         build/nanox/obj/syscalls.o:(.debug_abbrev)
    1952     1952      173     1         build/nanox/obj/usbd_conf.o:(.debug_abbrev)
    1ac5     1ac5      1a7     1         build/nanox/obj/usbd_core.o:(.debug_abbrev)
    1c6c     1c6c      19f     1         build/nanox/obj/usbd_ctlreq.o:(.debug_abbrev)
    1e0b     1e0b      12a     1         build/nanox/obj/usbd_hid.o:(.debug_abbrev)
    1f35     1f35      1c3     1         build/nanox/obj/usbd_impl.o:(.debug_abbrev)
    20f8     20f8      10c     1         build/nanox/obj/usbd_ioreq.o:(.debug_abbrev)
    2204     2204      180     1         build/nanox/obj/ux_flow_engine.o:(.debug_abbrev)
    2384     2384       cc     1         build/nanox/obj/ux_layout_bb.o:(.debug_abbrev)
    2450     2450       d6     1         build/nanox/obj/ux_layout_bn.o:(.debug_abbrev)
    2526     2526       cc     1         build/nanox/obj/ux_layout_bnn.o:(.debug_abbrev)
    25f2     25f2       cc     1         build/nanox/obj/ux_layout_bnnn.o:(.debug_abbrev)
    26be     26be       d6     1         build/nanox/obj/ux_layout_nn.o:(.debug_abbrev)
    2794     2794       fa     1         build/nanox/obj/ux_layout_nnbnn.o:(.debug_abbrev)
    288e     288e       cc     1         build/nanox/obj/ux_layout_nnn.o:(.debug_abbrev)
    295a     295a       cc     1         build/nanox/obj/ux_layout_nnnn.o:(.debug_abbrev)
    2a26     2a26      1ee     1         build/nanox/obj/ux_layout_paging.o:(.debug_abbrev)
    2c14     2c14       f0     1         build/nanox/obj/ux_layout_paging_compute.o:(.debug_abbrev)
    2d04     2d04       fa     1         build/nanox/obj/ux_layout_pb.o:(.debug_abbrev)
    2dfe     2dfe       fa     1         build/nanox/obj/ux_layout_pbb.o:(.debug_abbrev)
    2ef8     2ef8       d6     1         build/nanox/obj/ux_layout_pbn.o:(.debug_abbrev)
    2fce     2fce       cc     1         build/nanox/obj/ux_layout_pn.o:(.debug_abbrev)
    309a     309a       d6     1         build/nanox/obj/ux_layout_pnn.o:(.debug_abbrev)
    3170     3170      101     1         build/nanox/obj/ux_layout_utils.o:(.debug_abbrev)
    3271     3271       a2     1         build/nanox/obj/ux_legacy.o:(.debug_abbrev)
    3313     3313      100     1         build/nanox/obj/ux_menulist.o:(.debug_abbrev)
    3413     3413      197     1         build/nanox/obj/ux_stack.o:(.debug_abbrev)
       0        0     bc18     1 .debug_line
       0        0      d75     1         build/nanox/obj/bagl.o:(.debug_line)
     d75      d75      11c     1         build/nanox/obj/bagl_fonts.o:(.debug_line)
     e91      e91      911     1         build/nanox/obj/cx_stubs.o:(.debug_line)
    17a2     17a2      7dc     1         build/nanox/obj/eth_internals.o:(.debug_line)
    1f7e     1f7e       6f     1         build/nanox/obj/glyphs.o:(.debug_line)
    1fed     1fed      2f2     1         build/nanox/obj/handle_finalize.o:(.debug_line)
    22df     22df      30c     1         build/nanox/obj/handle_init_contract.o:(.debug_line)
    25eb     25eb      99e     1         build/nanox/obj/handle_provide_parameter.o:(.debug_line)
    2f89     2f89      377     1         build/nanox/obj/handle_provide_token.o:(.debug_line)
    3300     3300      23b     1         build/nanox/obj/handle_query_contract_id.o:(.debug_line)
    353b     353b      713     1         build/nanox/obj/handle_query_contract_ui.o:(.debug_line)
    3c4e     3c4e      447     1         build/nanox/obj/ledger_protocol.o:(.debug_line)
    4095     4095      331     1         build/nanox/obj/main.o:(.debug_line)
    43c6     43c6      61c     1         build/nanox/obj/os.o:(.debug_line)
    49e2     49e2      d1f     1         build/nanox/obj/os_io_seproxyhal.o:(.debug_line)
    5701     5701       6f     1         build/nanox/obj/os_io_task.o:(.debug_line)
    5770     5770      394     1         build/nanox/obj/os_io_usb.o:(.debug_line)
    5b04     5b04      388     1         build/nanox/obj/os_printf.o:(.debug_line)
    5e8c     5e8c       84     1         build/nanox/obj/pic.o:(.debug_line)
    5f10     5f10      43c     1         build/nanox/obj/printf.o:(.debug_line)
    634c     634c       60     1         build/nanox/obj/stack_protector_init.o:(.debug_line)
    63ac     63ac       57     1         build/nanox/obj/svc_call.o:(.debug_line)
    6403     6403       56     1         build/nanox/obj/svc_cx_call.o:(.debug_line)
    6459     6459     1b15     1         build/nanox/obj/syscalls.o:(.debug_line)
    7f6e     7f6e      309     1         build/nanox/obj/usbd_conf.o:(.debug_line)
    8277     8277      6a3     1         build/nanox/obj/usbd_core.o:(.debug_line)
    891a     891a      757     1         build/nanox/obj/usbd_ctlreq.o:(.debug_line)
    9071     9071      235     1         build/nanox/obj/usbd_hid.o:(.debug_line)
    92a6     92a6      3cb     1         build/nanox/obj/usbd_impl.o:(.debug_line)
    9671     9671      208     1         build/nanox/obj/usbd_ioreq.o:(.debug_line)
    9879     9879      6bc     1         build/nanox/obj/ux_flow_engine.o:(.debug_line)
    9f35     9f35      10f     1         build/nanox/obj/ux_layout_bb.o:(.debug_line)
    a044     a044      107     1         build/nanox/obj/ux_layout_bn.o:(.debug_line)
    a14b     a14b       e8     1         build/nanox/obj/ux_layout_bnn.o:(.debug_line)
    a233     a233       e9     1         build/nanox/obj/ux_layout_bnnn.o:(.debug_line)
    a31c     a31c      107     1         build/nanox/obj/ux_layout_nn.o:(.debug_line)
    a423     a423      154     1         build/nanox/obj/ux_layout_nnbnn.o:(.debug_line)
    a577     a577       e8     1         build/nanox/obj/ux_layout_nnn.o:(.debug_line)
    a65f     a65f       e9     1         build/nanox/obj/ux_layout_nnnn.o:(.debug_line)
    a748     a748      500     1         build/nanox/obj/ux_layout_paging.o:(.debug_line)
    ac48     ac48      22e     1         build/nanox/obj/ux_layout_paging_compute.o:(.debug_line)
    ae76     ae76      166     1         build/nanox/obj/ux_layout_pb.o:(.debug_line)
    afdc     afdc      184     1         build/nanox/obj/ux_layout_pbb.o:(.debug_line)
    b160     b160      108     1         build/nanox/obj/ux_layout_pbn.o:(.debug_line)
    b268     b268       e7     1         build/nanox/obj/ux_layout_pn.o:(.debug_line)
    b34f     b34f      108     1         build/nanox/obj/ux_layout_pnn.o:(.debug_line)
    b457     b457      170     1         build/nanox/obj/ux_layout_utils.o:(.debug_line)
    b5c7     b5c7       ca     1         build/nanox/obj/ux_legacy.o:(.debug_line)
    b691     b691      19a     1         build/nanox/obj/ux_menulist.o:(.debug_line)
    b82b     b82b      3ed     1         build/nanox/obj/ux_stack.o:(.debug_line)
       0        0     3e88     4 .debug_frame
       0        0      13c     4         build/nanox/obj/bagl.o:(.debug_frame)
     13c      13c      1d4     4         build/nanox/obj/eth_internals.o:(.debug_frame)
     310      310       70     4         build/nanox/obj/handle_finalize.o:(.debug_frame)
     380      380       60     4         build/nanox/obj/handle_init_contract.o:(.debug_frame)
     3e0      3e0      1fc     4         build/nanox/obj/handle_provide_parameter.o:(.debug_frame)
     5dc      5dc       88     4         build/nanox/obj/handle_provide_token.o:(.debug_frame)
     664      664       30     4         build/nanox/obj/handle_query_contract_id.o:(.debug_frame)
     694      694       c8     4         build/nanox/obj/handle_query_contract_ui.o:(.debug_frame)
     75c      75c       a4     4         build/nanox/obj/ledger_protocol.o:(.debug_frame)
     800      800       90     4         build/nanox/obj/main.o:(.debug_frame)
     890      890      1e4     4         build/nanox/obj/os.o:(.debug_frame)
     a74      a74      350     4         build/nanox/obj/os_io_seproxyhal.o:(.debug_frame)
     dc4      dc4       2c     4         build/nanox/obj/os_io_task.o:(.debug_frame)
     df0      df0       8c     4         build/nanox/obj/os_io_usb.o:(.debug_frame)
     e7c      e7c       38     4         build/nanox/obj/os_printf.o:(.debug_frame)
     eb4      eb4       3c     4         build/nanox/obj/pic.o:(.debug_frame)
     ef0      ef0       84     4         build/nanox/obj/printf.o:(.debug_frame)
     f74      f74     1184     4         build/nanox/obj/syscalls.o:(.debug_frame)
    20f8     20f8      16c     4         build/nanox/obj/usbd_conf.o:(.debug_frame)
    2264     2264      200     4         build/nanox/obj/usbd_core.o:(.debug_frame)
    2464     2464      1a8     4         build/nanox/obj/usbd_ctlreq.o:(.debug_frame)
    260c     260c       64     4         build/nanox/obj/usbd_hid.o:(.debug_frame)
    2670     2670      128     4         build/nanox/obj/usbd_impl.o:(.debug_frame)
    2798     2798       ac     4         build/nanox/obj/usbd_ioreq.o:(.debug_frame)
    2844     2844      1e0     4         build/nanox/obj/ux_flow_engine.o:(.debug_frame)
    2a24     2a24       44     4         build/nanox/obj/ux_layout_bb.o:(.debug_frame)
    2a68     2a68       44     4         build/nanox/obj/ux_layout_bn.o:(.debug_frame)
    2aac     2aac       2c     4         build/nanox/obj/ux_layout_bnn.o:(.debug_frame)
    2ad8     2ad8       2c     4         build/nanox/obj/ux_layout_bnnn.o:(.debug_frame)
    2b04     2b04       44     4         build/nanox/obj/ux_layout_nn.o:(.debug_frame)
    2b48     2b48       4c     4         build/nanox/obj/ux_layout_nnbnn.o:(.debug_frame)
    2b94     2b94       2c     4         build/nanox/obj/ux_layout_nnn.o:(.debug_frame)
    2bc0     2bc0       2c     4         build/nanox/obj/ux_layout_nnnn.o:(.debug_frame)
    2bec     2bec      1a4     4         build/nanox/obj/ux_layout_paging.o:(.debug_frame)
    2d90     2d90       44     4         build/nanox/obj/ux_layout_paging_compute.o:(.debug_frame)
    2dd4     2dd4       4c     4         build/nanox/obj/ux_layout_pb.o:(.debug_frame)
    2e20     2e20       64     4         build/nanox/obj/ux_layout_pbb.o:(.debug_frame)
    2e84     2e84       44     4         build/nanox/obj/ux_layout_pbn.o:(.debug_frame)
    2ec8     2ec8       2c     4         build/nanox/obj/ux_layout_pn.o:(.debug_frame)
    2ef4     2ef4       44     4         build/nanox/obj/ux_layout_pnn.o:(.debug_frame)
    2f38     2f38       5c     4         build/nanox/obj/ux_layout_utils.o:(.debug_frame)
    2f94     2f94       2c     4         build/nanox/obj/ux_legacy.o:(.debug_frame)
    2fc0     2fc0       84     4         build/nanox/obj/ux_menulist.o:(.debug_frame)
    3044     3044      128     4         build/nanox/obj/ux_stack.o:(.debug_frame)
    316c     316c       20     4         /opt/nanox-secure-sdk/arch/st33/lib/libgcc.a(_udivsi3.o):(.debug_frame)
    317c     317c        0     1                 $d
    318c     318c       34     4         /opt/nanox-secure-sdk/arch/st33/lib/libgcc.a(_muldi3.o):(.debug_frame)
    31c0     31c0       3c     4         /opt/nanox-secure-sdk/arch/st33/lib/libgcc.a(_udivmoddi4.o):(.debug_frame)
    31fc     31fc       28     4         /opt/nanox-secure-sdk/arch/st33/lib/libc.a(lib_a-aeabi_memclr.o):(.debug_frame)
    3224     3224       28     4         /opt/nanox-secure-sdk/arch/st33/lib/libc.a(lib_a-aeabi_memcpy.o):(.debug_frame)
    324c     324c       28     4         /opt/nanox-secure-sdk/arch/st33/lib/libc.a(lib_a-aeabi_memmove.o):(.debug_frame)
    3274     3274       28     4         /opt/nanox-secure-sdk/arch/st33/lib/libc.a(lib_a-aeabi_memset.o):(.debug_frame)
    329c     329c       28     4         /opt/nanox-secure-sdk/arch/st33/lib/libc.a(lib_a-explicit_bzero.o):(.debug_frame)
    32c4     32c4       28     4         /opt/nanox-secure-sdk/arch/st33/lib/libc.a(lib_a-bzero.o):(.debug_frame)
    32ec     32ec       2c     4         /opt/nanox-secure-sdk/arch/st33/lib/libc.a(lib_a-memcmp.o):(.debug_frame)
    3318     3318       34     4         /opt/nanox-secure-sdk/arch/st33/lib/libc.a(lib_a-memcpy-stub.o):(.debug_frame)
    334c     334c       34     4         /opt/nanox-secure-sdk/arch/st33/lib/libc.a(lib_a-memmove.o):(.debug_frame)
    3380     3380       30     4         /opt/nanox-secure-sdk/arch/st33/lib/libc.a(lib_a-memset.o):(.debug_frame)
    33b0     33b0       50     4         /opt/nanox-secure-sdk/arch/st33/lib/libc.a(lib_a-snprintf.o):(.debug_frame)
    3400     3400       2c     4         /opt/nanox-secure-sdk/arch/st33/lib/libc.a(lib_a-strlcat.o):(.debug_frame)
    342c     342c       30     4         /opt/nanox-secure-sdk/arch/st33/lib/libc.a(lib_a-strlcpy.o):(.debug_frame)
    345c     345c       28     4         /opt/nanox-secure-sdk/arch/st33/lib/libc.a(lib_a-strlen-stub.o):(.debug_frame)
    3484     3484       28     4         /opt/nanox-secure-sdk/arch/st33/lib/libc.a(lib_a-strnlen.o):(.debug_frame)
    34ac     34ac       3c     4         /opt/nanox-secure-sdk/arch/st33/lib/libc.a(lib_a-svfprintf.o):(.debug_frame)
    34e8     34e8       2c     4         /opt/nanox-secure-sdk/arch/st33/lib/libgcc.a(unorddf2.o):(.debug_frame)
    3514     3514       38     4         /opt/nanox-secure-sdk/arch/st33/lib/libgcc.a(ledf2.o):(.debug_frame)
    354c     354c       38     4         /opt/nanox-secure-sdk/arch/st33/lib/libgcc.a(eqdf2.o):(.debug_frame)
    3584     3584       38     4         /opt/nanox-secure-sdk/arch/st33/lib/libgcc.a(gedf2.o):(.debug_frame)
    35bc     35bc       3c     4         /opt/nanox-secure-sdk/arch/st33/lib/libgcc.a(muldf3.o):(.debug_frame)
    35f8     35f8       2c     4         /opt/nanox-secure-sdk/arch/st33/lib/libgcc.a(fixdfsi.o):(.debug_frame)
    3624     3624       2c     4         /opt/nanox-secure-sdk/arch/st33/lib/libgcc.a(floatsidf.o):(.debug_frame)
    3650     3650       3c     4         /opt/nanox-secure-sdk/arch/st33/lib/libgcc.a(subdf3.o):(.debug_frame)
    368c     368c       20     4         /opt/nanox-secure-sdk/arch/st33/lib/libgcc.a(_divsi3.o):(.debug_frame)
    369c     369c        0     1                 $d
    36ac     36ac       40     4         /opt/nanox-secure-sdk/arch/st33/lib/libc.a(lib_a-localeconv.o):(.debug_frame)
    36ec     36ec       54     4         /opt/nanox-secure-sdk/arch/st33/lib/libc.a(lib_a-locale.o):(.debug_frame)
    3740     3740       20     4         /opt/nanox-secure-sdk/arch/st33/lib/libc.a(lib_a-strcmp.o):(.debug_frame)
    3760     3760       40     4         /opt/nanox-secure-sdk/arch/st33/lib/libc.a(lib_a-mbtowc_r.o):(.debug_frame)
    37a0     37a0       68     4         /opt/nanox-secure-sdk/arch/st33/lib/libc.a(lib_a-svfiprintf.o):(.debug_frame)
    3808     3808       3c     4         /opt/nanox-secure-sdk/arch/st33/lib/libc.a(lib_a-mallocr.o):(.debug_frame)
    3844     3844       40     4         /opt/nanox-secure-sdk/arch/st33/lib/libc.a(lib_a-mlock.o):(.debug_frame)
    3884     3884       b0     4         /opt/nanox-secure-sdk/arch/st33/lib/libc.a(lib_a-lock.o):(.debug_frame)
    3934     3934       2c     4         /opt/nanox-secure-sdk/arch/st33/lib/libc.a(lib_a-sbrkr.o):(.debug_frame)
    3960     3960       48     4         /opt/nanox-secure-sdk/arch/st33/lib/libc.a(lib_a-reent.o):(.debug_frame)
    39a8     39a8       58     4         /opt/nanox-secure-sdk/arch/st33/lib/libc.a(lib_a-freer.o):(.debug_frame)
    3a00     3a00       3c     4         /opt/nanox-secure-sdk/arch/st33/lib/libc.a(lib_a-reallocr.o):(.debug_frame)
    3a3c     3a3c       2c     4         /opt/nanox-secure-sdk/arch/st33/lib/libc.a(lib_a-memchr-stub.o):(.debug_frame)
    3a68     3a68       30     4         /opt/nanox-secure-sdk/arch/st33/lib/libc.a(lib_a-strncpy.o):(.debug_frame)
    3a98     3a98       68     4         /opt/nanox-secure-sdk/arch/st33/lib/libc.a(lib_a-dtoa.o):(.debug_frame)
    3b00     3b00      258     4         /opt/nanox-secure-sdk/arch/st33/lib/libc.a(lib_a-mprec.o):(.debug_frame)
    3d58     3d58       28     4         /opt/nanox-secure-sdk/arch/st33/lib/libc.a(lib_a-callocr.o):(.debug_frame)
    3d80     3d80       3c     4         /opt/nanox-secure-sdk/arch/st33/lib/libgcc.a(divdf3.o):(.debug_frame)
    3dbc     3dbc       2c     4         /opt/nanox-secure-sdk/arch/st33/lib/libgcc.a(floatunsidf.o):(.debug_frame)
    3de8     3de8       38     4         /opt/nanox-secure-sdk/arch/st33/lib/libgcc.a(adddf3.o):(.debug_frame)
    3e20     3e20       2c     4         /opt/nanox-secure-sdk/arch/st33/lib/libm.a(lib_a-s_frexp.o):(.debug_frame)
    3e4c     3e4c       3c     4         /opt/nanox-secure-sdk/arch/st33/lib/libc.a(lib_a-wctomb_r.o):(.debug_frame)
       0        0     6492     1 .debug_str
       0        0     6492     1         <internal>:(.debug_str)
       0        0     c18a     1 .debug_loc
       0        0     1665     1         build/nanox/obj/bagl.o:(.debug_loc)
    1665     1665      d67     1         build/nanox/obj/eth_internals.o:(.debug_loc)
    23cc     23cc      108     1         build/nanox/obj/handle_finalize.o:(.debug_loc)
    24d4     24d4      106     1         build/nanox/obj/handle_init_contract.o:(.debug_loc)
    25da     25da      7c0     1         build/nanox/obj/handle_provide_parameter.o:(.debug_loc)
    2d9a     2d9a      106     1         build/nanox/obj/handle_provide_token.o:(.debug_loc)
    2ea0     2ea0       3c     1         build/nanox/obj/handle_query_contract_id.o:(.debug_loc)
    2edc     2edc      216     1         build/nanox/obj/handle_query_contract_ui.o:(.debug_loc)
    30f2     30f2      214     1         build/nanox/obj/ledger_protocol.o:(.debug_loc)
    3306     3306      184     1         build/nanox/obj/main.o:(.debug_loc)
    348a     348a      bb6     1         build/nanox/obj/os.o:(.debug_loc)
    4040     4040      a03     1         build/nanox/obj/os_io_seproxyhal.o:(.debug_loc)
    4a43     4a43      1b7     1         build/nanox/obj/os_io_usb.o:(.debug_loc)
    4bfa     4bfa      601     1         build/nanox/obj/os_printf.o:(.debug_loc)
    51fb     51fb       8b     1         build/nanox/obj/pic.o:(.debug_loc)
    5286     5286      704     1         build/nanox/obj/printf.o:(.debug_loc)
    598a     598a     3a65     1         build/nanox/obj/syscalls.o:(.debug_loc)
    93ef     93ef      429     1         build/nanox/obj/usbd_conf.o:(.debug_loc)
    9818     9818      690     1         build/nanox/obj/usbd_core.o:(.debug_loc)
    9ea8     9ea8      887     1         build/nanox/obj/usbd_ctlreq.o:(.debug_loc)
    a72f     a72f      178     1         build/nanox/obj/usbd_hid.o:(.debug_loc)
    a8a7     a8a7      2df     1         build/nanox/obj/usbd_impl.o:(.debug_loc)
    ab86     ab86      235     1         build/nanox/obj/usbd_ioreq.o:(.debug_loc)
    adbb     adbb      37c     1         build/nanox/obj/ux_flow_engine.o:(.debug_loc)
    b137     b137       4c     1         build/nanox/obj/ux_layout_bb.o:(.debug_loc)
    b183     b183       6a     1         build/nanox/obj/ux_layout_bn.o:(.debug_loc)
    b1ed     b1ed       1e     1         build/nanox/obj/ux_layout_bnn.o:(.debug_loc)
    b20b     b20b       1e     1         build/nanox/obj/ux_layout_bnnn.o:(.debug_loc)
    b229     b229       6a     1         build/nanox/obj/ux_layout_nn.o:(.debug_loc)
    b293     b293       67     1         build/nanox/obj/ux_layout_nnbnn.o:(.debug_loc)
    b2fa     b2fa       1e     1         build/nanox/obj/ux_layout_nnn.o:(.debug_loc)
    b318     b318       1e     1         build/nanox/obj/ux_layout_nnnn.o:(.debug_loc)
    b336     b336      47e     1         build/nanox/obj/ux_layout_paging.o:(.debug_loc)
    b7b4     b7b4      329     1         build/nanox/obj/ux_layout_paging_compute.o:(.debug_loc)
    badd     badd       67     1         build/nanox/obj/ux_layout_pb.o:(.debug_loc)
    bb44     bb44       8d     1         build/nanox/obj/ux_layout_pbb.o:(.debug_loc)
    bbd1     bbd1       6a     1         build/nanox/obj/ux_layout_pbn.o:(.debug_loc)
    bc3b     bc3b       1e     1         build/nanox/obj/ux_layout_pn.o:(.debug_loc)
    bc59     bc59       6a     1         build/nanox/obj/ux_layout_pnn.o:(.debug_loc)
    bcc3     bcc3       bc     1         build/nanox/obj/ux_layout_utils.o:(.debug_loc)
    bd7f     bd7f      1c7     1         build/nanox/obj/ux_menulist.o:(.debug_loc)
    bf46     bf46      244     1         build/nanox/obj/ux_stack.o:(.debug_loc)
da7a05e4 da7a05e4        0     1 PROVIDE ( _nvram = ABSOLUTE ( _nvram_start ) )
da7a05e4 da7a05e4        0     1 PROVIDE ( _envram = ABSOLUTE ( _nvram_end ) )
       0        0     1580     8 .debug_ranges
       0        0      100     1         build/nanox/obj/bagl.o:(.debug_ranges)
     100      100      448     8         build/nanox/obj/cx_stubs.o:(.debug_ranges)
     548      548      148     1         build/nanox/obj/eth_internals.o:(.debug_ranges)
     690      690       28     1         build/nanox/obj/handle_finalize.o:(.debug_ranges)
     6b8      6b8       38     1         build/nanox/obj/handle_init_contract.o:(.debug_ranges)
     6f0      6f0       98     1         build/nanox/obj/handle_provide_parameter.o:(.debug_ranges)
     788      788       30     1         build/nanox/obj/handle_provide_token.o:(.debug_ranges)
     7b8      7b8       38     1         build/nanox/obj/handle_query_contract_ui.o:(.debug_ranges)
     7f0      7f0       38     1         build/nanox/obj/ledger_protocol.o:(.debug_ranges)
     828      828       48     1         build/nanox/obj/main.o:(.debug_ranges)
     870      870       c8     1         build/nanox/obj/os.o:(.debug_ranges)
     938      938      168     1         build/nanox/obj/os_io_seproxyhal.o:(.debug_ranges)
     aa0      aa0       30     1         build/nanox/obj/os_io_usb.o:(.debug_ranges)
     ad0      ad0       18     1         build/nanox/obj/pic.o:(.debug_ranges)
     ae8      ae8       40     1         build/nanox/obj/printf.o:(.debug_ranges)
     b28      b28      508     1         build/nanox/obj/syscalls.o:(.debug_ranges)
    1030     1030       70     1         build/nanox/obj/usbd_conf.o:(.debug_ranges)
    10a0     10a0       b0     1         build/nanox/obj/usbd_core.o:(.debug_ranges)
    1150     1150       88     1         build/nanox/obj/usbd_ctlreq.o:(.debug_ranges)
    11d8     11d8       20     1         build/nanox/obj/usbd_hid.o:(.debug_ranges)
    11f8     11f8       80     1         build/nanox/obj/usbd_impl.o:(.debug_ranges)
    1278     1278       38     1         build/nanox/obj/usbd_ioreq.o:(.debug_ranges)
    12b0     12b0       98     1         build/nanox/obj/ux_flow_engine.o:(.debug_ranges)
    1348     1348       18     1         build/nanox/obj/ux_layout_bb.o:(.debug_ranges)
    1360     1360       18     1         build/nanox/obj/ux_layout_bn.o:(.debug_ranges)
    1378     1378       18     1         build/nanox/obj/ux_layout_nn.o:(.debug_ranges)
    1390     1390       18     1         build/nanox/obj/ux_layout_nnbnn.o:(.debug_ranges)
    13a8     13a8       a0     1         build/nanox/obj/ux_layout_paging.o:(.debug_ranges)
    1448     1448       18     1         build/nanox/obj/ux_layout_paging_compute.o:(.debug_ranges)
    1460     1460       18     1         build/nanox/obj/ux_layout_pb.o:(.debug_ranges)
    1478     1478       20     1         build/nanox/obj/ux_layout_pbb.o:(.debug_ranges)
    1498     1498       18     1         build/nanox/obj/ux_layout_pbn.o:(.debug_ranges)
    14b0     14b0       18     1         build/nanox/obj/ux_layout_pnn.o:(.debug_ranges)
    14c8     14c8       20     1         build/nanox/obj/ux_layout_utils.o:(.debug_ranges)
    14e8     14e8       28     1         build/nanox/obj/ux_menulist.o:(.debug_ranges)
    1510     1510       70     1         build/nanox/obj/ux_stack.o:(.debug_ranges)
       0        0       45     1 .ARM.attributes
       0        0       45     1         build/nanox/obj/bagl.o:(.ARM.attributes)
       0        0     1810     4 .symtab
       0        0     1810     4         <internal>:(.symtab)
       0        0       ab     1 .shstrtab
       0        0       ab     1         <internal>:(.shstrtab)
       0        0      e33     1 .strtab
       0        0      e33     1         <internal>:(.strtab)
