     VMA      LMA     Size Align Out     In      Symbol
       0        0        0     1 PAGE_SIZE = 256
       0        0        0     1 STACK_SIZE = 1500
       0        0        0     1 END_STACK = ORIGIN ( SRAM ) + LENGTH ( SRAM )
c0de0000 c0de0000     1a00     4 .text
c0de0000 c0de0000        0     1         _text = .
c0de0000 c0de0000        0     1         _nvram_start = .
c0de0000 c0de0000       a0     4         build/nanox/obj/main.o:(.boot)
c0de0000 c0de0000        0     1                 $t.5
c0de0001 c0de0001       a0     1                 main
c0de0098 c0de0098        0     1                 $d.6
c0de00a0 c0de00a0        0     1         _code = .
c0de00a0 c0de00a0       d6     2         build/nanox/obj/eth_internals.o:(.text.adjustDecimals)
c0de00a0 c0de00a0        0     1                 $t.9
c0de00a1 c0de00a1       d6     1                 adjustDecimals
c0de0178 c0de0178       d0     4         build/nanox/obj/eth_internals.o:(.text.uint256_to_decimal)
c0de0178 c0de0178        0     1                 $t.10
c0de0179 c0de0179       d0     1                 uint256_to_decimal
c0de0244 c0de0244        0     1                 $d.11
c0de0248 c0de0248       1e     2         build/nanox/obj/eth_internals.o:(.text.allzeroes)
c0de0248 c0de0248        0     1                 $t.12
c0de0249 c0de0249       1e     1                 allzeroes
c0de0266 c0de0266       8c     2         build/nanox/obj/eth_internals.o:(.text.amountToString)
c0de0266 c0de0266        0     1                 $t.13
c0de0267 c0de0267       8c     1                 amountToString
c0de02f4 c0de02f4       9c     4         build/nanox/obj/handle_finalize.o:(.text.handle_finalize)
c0de02f4 c0de02f4        0     1                 $t.0
c0de02f5 c0de02f5       9c     1                 handle_finalize
c0de037c c0de037c        0     1                 $d.1
c0de0390 c0de0390       30     4         build/nanox/obj/handle_finalize.o:(.text.printf_hex_array)
c0de0390 c0de0390        0     1                 $t.2
c0de0391 c0de0391       30     1                 printf_hex_array
c0de03b8 c0de03b8        0     1                 $d.3
c0de03c0 c0de03c0       b0     4         build/nanox/obj/handle_init_contract.o:(.text.handle_init_contract)
c0de03c0 c0de03c0        0     1                 $t.0
c0de03c1 c0de03c1       b0     1                 handle_init_contract
c0de0464 c0de0464        0     1                 $d.1
c0de0470 c0de0470      1c4     4         build/nanox/obj/handle_provide_parameter.o:(.text.handle_provide_parameter)
c0de0470 c0de0470        0     1                 $t.0
c0de0471 c0de0471      1c4     1                 handle_provide_parameter
c0de0600 c0de0600        0     1                 $d.1
c0de0634 c0de0634       34     4         build/nanox/obj/handle_provide_parameter.o:(.text.printf_hex_array)
c0de0634 c0de0634        0     1                 $t.2
c0de0635 c0de0635       34     1                 printf_hex_array
c0de0660 c0de0660        0     1                 $d.3
c0de0668 c0de0668       d0     4         build/nanox/obj/handle_provide_parameter.o:(.text.handle_token_sent)
c0de0668 c0de0668        0     1                 $t.4
c0de0669 c0de0669       d0     1                 handle_token_sent
c0de0710 c0de0710        0     1                 $d.5
c0de0738 c0de0738      114     4         build/nanox/obj/handle_provide_token.o:(.text.handle_provide_token)
c0de0738 c0de0738        0     1                 $t.0
c0de0739 c0de0739      114     1                 handle_provide_token
c0de082c c0de082c        0     1                 $d.1
c0de084c c0de084c       60     4         build/nanox/obj/handle_query_contract_id.o:(.text.handle_query_contract_id)
c0de084c c0de084c        0     1                 $t.0
c0de084d c0de084d       60     1                 handle_query_contract_id
c0de0898 c0de0898        0     1                 $d.1
c0de08ac c0de08ac      398     4         build/nanox/obj/handle_query_contract_ui.o:(.text.handle_query_contract_ui)
c0de08ac c0de08ac        0     1                 $t.0
c0de08ad c0de08ad      398     1                 handle_query_contract_ui
c0de0bc8 c0de0bc8        0     1                 $d.1
c0de0c44 c0de0c44       74     4         build/nanox/obj/main.o:(.text.dispatch_plugin_calls)
c0de0c44 c0de0c44        0     1                 $t.0
c0de0c45 c0de0c45       74     1                 dispatch_plugin_calls
c0de0cb4 c0de0cb4        0     1                 $d.1
c0de0cb8 c0de0cb8       1c     4         build/nanox/obj/main.o:(.text.call_app_ethereum)
c0de0cb8 c0de0cb8        0     1                 $t.3
c0de0cb9 c0de0cb9       1c     1                 call_app_ethereum
c0de0cd0 c0de0cd0        0     1                 $d.4
c0de0cd4 c0de0cd4        a     2         build/nanox/obj/os.o:(.text.os_boot)
c0de0cd4 c0de0cd4        0     1                 $t.0
c0de0cd5 c0de0cd5        a     1                 os_boot
c0de0ce0 c0de0ce0       1c     4         build/nanox/obj/os.o:(.text.os_longjmp)
c0de0ce0 c0de0ce0        0     1                 $t.3
c0de0ce1 c0de0ce1       1c     1                 os_longjmp
c0de0cf8 c0de0cf8        0     1                 $d.4
c0de0cfc c0de0cfc       22     2         build/nanox/obj/os_io_seproxyhal.o:(.text.mcu_usb_prints)
c0de0cfc c0de0cfc        0     1                 $t.54
c0de0cfd c0de0cfd       22     1                 mcu_usb_prints
c0de0d20 c0de0d20      300     4         build/nanox/obj/os_printf.o:(.text.mcu_usb_printf)
c0de0d20 c0de0d20        0     1                 $t.0
c0de0d21 c0de0d21      300     1                 mcu_usb_printf
c0de0d21 c0de0d21      300     1                 screen_printf
c0de1004 c0de1004        0     1                 $d.1
c0de1020 c0de1020        e     2         build/nanox/obj/svc_call.o:(.text)
c0de1020 c0de1020        0     1                 $t
c0de1021 c0de1021        0     1                 SVC_Call
c0de1028 c0de1028        0     1                 exception
c0de102e c0de102e       12     2         build/nanox/obj/syscalls.o:(.text.get_api_level)
c0de102e c0de102e        0     1                 $t.0
c0de102f c0de102f       12     1                 get_api_level
c0de1040 c0de1040       18     4         build/nanox/obj/syscalls.o:(.text.os_lib_call)
c0de1040 c0de1040        0     1                 $t.221
c0de1041 c0de1041       18     1                 os_lib_call
c0de1054 c0de1054        0     1                 $d.222
c0de1058 c0de1058       10     2         build/nanox/obj/syscalls.o:(.text.os_lib_end)
c0de1058 c0de1058        0     1                 $t.223
c0de1059 c0de1059       10     1                 os_lib_end
c0de1068 c0de1068       18     4         build/nanox/obj/syscalls.o:(.text.os_sched_exit)
c0de1068 c0de1068        0     1                 $t.251
c0de1069 c0de1069       18     1                 os_sched_exit
c0de107c c0de107c        0     1                 $d.252
c0de1080 c0de1080       14     4         build/nanox/obj/syscalls.o:(.text.io_seph_send)
c0de1080 c0de1080        0     1                 $t.259
c0de1081 c0de1081       14     1                 io_seph_send
c0de1090 c0de1090        0     1                 $d.260
c0de1094 c0de1094       10     2         build/nanox/obj/syscalls.o:(.text.try_context_get)
c0de1094 c0de1094        0     1                 $t.268
c0de1095 c0de1095       10     1                 try_context_get
c0de10a4 c0de10a4       18     4         build/nanox/obj/syscalls.o:(.text.try_context_set)
c0de10a4 c0de10a4        0     1                 $t.269
c0de10a5 c0de10a5       18     1                 try_context_set
c0de10b8 c0de10b8        0     1                 $d.270
c0de10bc c0de10bc      114     4         /opt/nanox-secure-sdk/arch/st33/lib/libgcc.a(_udivsi3.o):(.text)
c0de10bc c0de10bc        0     1                 $t
c0de10bc c0de10bc        0     1                 .udivsi3_skip_div0_test
c0de10bd c0de10bd      10a     1                 __udivsi3
c0de10bd c0de10bd        0     1                 __aeabi_uidiv
c0de11c9 c0de11c9        8     1                 __aeabi_uidivmod
c0de11d0 c0de11d0        4     4         /opt/nanox-secure-sdk/arch/st33/lib/libgcc.a(_dvmd_tls.o):(.text)
c0de11d0 c0de11d0        0     1                 $t
c0de11d1 c0de11d1        2     1                 __aeabi_idiv0
c0de11d1 c0de11d1        2     1                 __aeabi_ldiv0
c0de11d4 c0de11d4       54     4         /opt/nanox-secure-sdk/arch/st33/lib/libgcc.a(_muldi3.o):(.text)
c0de11d4 c0de11d4        0     1                 $t
c0de11d5 c0de11d5       54     1                 __muldi3
c0de11d5 c0de11d5       54     1                 __aeabi_lmul
c0de1228 c0de1228        c     4         /opt/nanox-secure-sdk/arch/st33/lib/libc.a(lib_a-aeabi_memclr.o):(.text.__aeabi_memclr)
c0de1228 c0de1228        0     1                 $t
c0de1229 c0de1229        a     1                 __aeabi_memclr
c0de1229 c0de1229        a     1                 __aeabi_memclr8
c0de1229 c0de1229        a     1                 __aeabi_memclr4
c0de1234 c0de1234        8     4         /opt/nanox-secure-sdk/arch/st33/lib/libc.a(lib_a-aeabi_memcpy.o):(.text.__aeabi_memcpy)
c0de1234 c0de1234        0     1                 $t
c0de1235 c0de1235        8     1                 __aeabi_memcpy
c0de1235 c0de1235        8     1                 __aeabi_memcpy8
c0de1235 c0de1235        8     1                 __aeabi_memcpy4
c0de123c c0de123c        8     4         /opt/nanox-secure-sdk/arch/st33/lib/libc.a(lib_a-aeabi_memmove.o):(.text.__aeabi_memmove)
c0de123c c0de123c        0     1                 $t
c0de123d c0de123d        8     1                 __aeabi_memmove
c0de123d c0de123d        8     1                 __aeabi_memmove8
c0de123d c0de123d        8     1                 __aeabi_memmove4
c0de1244 c0de1244       10     4         /opt/nanox-secure-sdk/arch/st33/lib/libc.a(lib_a-aeabi_memset.o):(.text.__aeabi_memset)
c0de1244 c0de1244        0     1                 $t
c0de1245 c0de1245        e     1                 __aeabi_memset
c0de1245 c0de1245        e     1                 __aeabi_memset8
c0de1245 c0de1245        e     1                 __aeabi_memset4
c0de1254 c0de1254       50     4         /opt/nanox-secure-sdk/arch/st33/lib/libc.a(lib_a-memcmp.o):(.text.memcmp)
c0de1254 c0de1254        0     1                 $t
c0de1255 c0de1255       50     1                 memcmp
c0de12a4 c0de12a4       a8     4         /opt/nanox-secure-sdk/arch/st33/lib/libc.a(lib_a-memcpy-stub.o):(.text.memcpy)
c0de12a4 c0de12a4        0     1                 $t
c0de12a5 c0de12a5       a6     1                 memcpy
c0de134c c0de134c       bc     4         /opt/nanox-secure-sdk/arch/st33/lib/libc.a(lib_a-memmove.o):(.text.memmove)
c0de134c c0de134c        0     1                 $t
c0de134d c0de134d       ba     1                 memmove
c0de1408 c0de1408       a8     4         /opt/nanox-secure-sdk/arch/st33/lib/libc.a(lib_a-memset.o):(.text.memset)
c0de1408 c0de1408        0     1                 $t
c0de1409 c0de1409       a8     1                 memset
c0de14b0 c0de14b0       34     2         /opt/nanox-secure-sdk/arch/st33/lib/libc.a(lib_a-setjmp.o):(.text)
c0de14b0 c0de14b0        0     1                 $t
c0de14b1 c0de14b1        0     1                 setjmp
c0de14c9 c0de14c9        0     1                 longjmp
c0de14e4 c0de14e4       4c     4         /opt/nanox-secure-sdk/arch/st33/lib/libc.a(lib_a-strlcpy.o):(.text.strlcpy)
c0de14e4 c0de14e4        0     1                 $t
c0de14e5 c0de14e5       4c     1                 strlcpy
c0de1530 c0de1530       2c     4         /opt/nanox-secure-sdk/arch/st33/lib/libc.a(lib_a-strnlen.o):(.text.strnlen)
c0de1530 c0de1530        0     1                 $t
c0de1531 c0de1531       2a     1                 strnlen
c0de155c c0de155c        0     1         _ecode = .
c0de155c c0de155c      2be     1         <internal>:(.text)
c0de181c c0de181c       3c     4         build/nanox/obj/main.o:(.rodata.ORIGIN_DEFI_SELECTORS)
c0de181c c0de181c       3c     1                 ORIGIN_DEFI_SELECTORS
c0de1858 c0de1858       14     1         build/nanox/obj/main.o:(.rodata.OETH_ADDRESS)
c0de1858 c0de1858       14     1                 OETH_ADDRESS
c0de186c c0de186c       14     1         build/nanox/obj/main.o:(.rodata.DAI_ADDRESS)
c0de186c c0de186c       14     1                 DAI_ADDRESS
c0de1880 c0de1880       14     1         build/nanox/obj/main.o:(.rodata.USDC_ADDRESS)
c0de1880 c0de1880       14     1                 USDC_ADDRESS
c0de1894 c0de1894       14     1         build/nanox/obj/main.o:(.rodata.USDT_ADDRESS)
c0de1894 c0de1894       14     1                 USDT_ADDRESS
c0de18a8 c0de18a8       14     1         build/nanox/obj/main.o:(.rodata.OETH_VAULT_ADDRESS)
c0de18a8 c0de18a8       14     1                 OETH_VAULT_ADDRESS
c0de18bc c0de18bc       14     1         build/nanox/obj/main.o:(.rodata.CURVE_OETH_POOL_ADDRESS)
c0de18bc c0de18bc       14     1                 CURVE_OETH_POOL_ADDRESS
c0de18d0 c0de18d0       14     1         build/nanox/obj/main.o:(.rodata.CURVE_OUSD_POOL_ADDRESS)
c0de18d0 c0de18d0       14     1                 CURVE_OUSD_POOL_ADDRESS
c0de18e4 c0de18e4       10     1         build/nanox/obj/os_printf.o:(.rodata.g_pcHex)
c0de18e4 c0de18e4       10     1                 g_pcHex
c0de18f4 c0de18f4       10     1         build/nanox/obj/os_printf.o:(.rodata.g_pcHex_cap)
c0de18f4 c0de18f4       10     1                 g_pcHex_cap
c0de1904 c0de1904       14     1         build/nanox/obj/main.o:(.rodata.NULL_ETH_ADDRESS)
c0de1904 c0de1904       14     1                 NULL_ETH_ADDRESS
c0de1918 c0de1918        0     1         . = ALIGN ( 4 )
c0de1918 c0de1918        0     1         _etext = .
c0de1918 c0de1918       e8     1         . = ALIGN ( PAGE_SIZE )
c0de1a00 c0de1a00        0     1         _nvram_data = .
c0de1a00 c0de1a00        0     1         . = ALIGN ( PAGE_SIZE )
c0de1a00 c0de1a00        0     1         _envram_data = .
c0de1a00 c0de1a00        0     1         _install_parameters = .
c0de1a00 c0de1a00        0     1         _nvram_end = .
d0000000 d0000000        0     1 .data
d0000000 d0000000        0     1         . = ALIGN ( 4 )
d0000000 d0000000        0     1         _data = .
d0000000 d0000000        0     1         _edata = .
da7a0000 da7a0000      5e4     1 .bss
da7a0000 da7a0000        0     1         _bss = .
da7a0000 da7a0000        0     1         __stack_chk_guard = .
da7a0000 da7a0000        4     1         . += 4
da7a0004 da7a0004        0     1         _ebss = .
da7a0004 da7a0004        0     1         . = ALIGN ( 4 )
da7a0004 da7a0004        0     1         app_stack_canary = .
da7a0004 da7a0004        4     1         . += 4
da7a0008 da7a0008        0     1         _stack_validation = .
da7a0008 da7a0008      5dc     1         . = _stack_validation + STACK_SIZE
da7a05e4 da7a05e4        0     1         _stack = ABSOLUTE ( END_STACK ) - STACK_SIZE
da7a05e4 da7a05e4        0     1         _estack = ABSOLUTE ( END_STACK )
       0        0       30     1 .comment
       0        0       30     1         <internal>:(.comment)
       0        0      4b0     8 .debug_aranges
       0        0      450     8         build/nanox/obj/cx_stubs.o:(.debug_aranges)
     450      450       20     8         build/nanox/obj/stack_protector_init.o:(.debug_aranges)
     470      470       20     8         build/nanox/obj/svc_call.o:(.debug_aranges)
     490      490       20     8         build/nanox/obj/svc_cx_call.o:(.debug_aranges)
       0        0    1c1ea     1 .debug_info
       0        0      9ee     1         build/nanox/obj/bagl.o:(.debug_info)
     9ee      9ee      278     1         build/nanox/obj/bagl_fonts.o:(.debug_info)
     c66      c66     2982     1         build/nanox/obj/ble_gap_aci.o:(.debug_info)
    35e8     35e8     2d9b     1         build/nanox/obj/ble_gatt_aci.o:(.debug_info)
    6383     6383      bf0     1         build/nanox/obj/ble_hal_aci.o:(.debug_info)
    6f73     6f73     2e4e     1         build/nanox/obj/ble_hci_le.o:(.debug_info)
    9dc1     9dc1      9bb     1         build/nanox/obj/ble_l2cap_aci.o:(.debug_info)
    a77c     a77c       22     1         build/nanox/obj/cx_stubs.o:(.debug_info)
    a79e     a79e      bb8     1         build/nanox/obj/eth_internals.o:(.debug_info)
    b356     b356      3be     1         build/nanox/obj/glyphs.o:(.debug_info)
    b714     b714      712     1         build/nanox/obj/handle_finalize.o:(.debug_info)
    be26     be26      77f     1         build/nanox/obj/handle_init_contract.o:(.debug_info)
    c5a5     c5a5      853     1         build/nanox/obj/handle_provide_parameter.o:(.debug_info)
    cdf8     cdf8      6d7     1         build/nanox/obj/handle_provide_token.o:(.debug_info)
    d4cf     d4cf      63c     1         build/nanox/obj/handle_query_contract_id.o:(.debug_info)
    db0b     db0b      896     1         build/nanox/obj/handle_query_contract_ui.o:(.debug_info)
    e3a1     e3a1     11bd     1         build/nanox/obj/ledger_ble.o:(.debug_info)
    f55e     f55e      36d     1         build/nanox/obj/ledger_protocol.o:(.debug_info)
    f8cb     f8cb      840     1         build/nanox/obj/main.o:(.debug_info)
   1010b    1010b      73a     1         build/nanox/obj/os.o:(.debug_info)
   10845    10845      fea     1         build/nanox/obj/os_io_seproxyhal.o:(.debug_info)
   1182f    1182f       78     1         build/nanox/obj/os_io_task.o:(.debug_info)
   118a7    118a7      2b6     1         build/nanox/obj/os_io_usb.o:(.debug_info)
   11b5d    11b5d      39e     1         build/nanox/obj/os_printf.o:(.debug_info)
   11efb    11efb      105     1         build/nanox/obj/osal.o:(.debug_info)
   12000    12000       8c     1         build/nanox/obj/pic.o:(.debug_info)
   1208c    1208c      3d2     1         build/nanox/obj/printf.o:(.debug_info)
   1245e    1245e       26     1         build/nanox/obj/stack_protector_init.o:(.debug_info)
   12484    12484       26     1         build/nanox/obj/svc_call.o:(.debug_info)
   124aa    124aa       26     1         build/nanox/obj/svc_cx_call.o:(.debug_info)
   124d0    124d0     34de     1         build/nanox/obj/syscalls.o:(.debug_info)
   159ae    159ae      8e9     1         build/nanox/obj/usbd_conf.o:(.debug_info)
   16297    16297      aa7     1         build/nanox/obj/usbd_core.o:(.debug_info)
   16d3e    16d3e      9fb     1         build/nanox/obj/usbd_ctlreq.o:(.debug_info)
   17739    17739      612     1         build/nanox/obj/usbd_hid.o:(.debug_info)
   17d4b    17d4b      9fd     1         build/nanox/obj/usbd_impl.o:(.debug_info)
   18748    18748      6ac     1         build/nanox/obj/usbd_ioreq.o:(.debug_info)
   18df4    18df4      3a0     1         build/nanox/obj/ux_flow_engine.o:(.debug_info)
   19194    19194      1e6     1         build/nanox/obj/ux_layout_bb.o:(.debug_info)
   1937a    1937a      249     1         build/nanox/obj/ux_layout_bn.o:(.debug_info)
   195c3    195c3      1c5     1         build/nanox/obj/ux_layout_bnn.o:(.debug_info)
   19788    19788      1c5     1         build/nanox/obj/ux_layout_bnnn.o:(.debug_info)
   1994d    1994d      249     1         build/nanox/obj/ux_layout_nn.o:(.debug_info)
   19b96    19b96      23a     1         build/nanox/obj/ux_layout_nnbnn.o:(.debug_info)
   19dd0    19dd0      1c5     1         build/nanox/obj/ux_layout_nnn.o:(.debug_info)
   19f95    19f95      1c5     1         build/nanox/obj/ux_layout_nnnn.o:(.debug_info)
   1a15a    1a15a      7fc     1         build/nanox/obj/ux_layout_paging.o:(.debug_info)
   1a956    1a956      251     1         build/nanox/obj/ux_layout_paging_compute.o:(.debug_info)
   1aba7    1aba7      2a8     1         build/nanox/obj/ux_layout_pb.o:(.debug_info)
   1ae4f    1ae4f      2d5     1         build/nanox/obj/ux_layout_pbb.o:(.debug_info)
   1b124    1b124      249     1         build/nanox/obj/ux_layout_pbn.o:(.debug_info)
   1b36d    1b36d      1c5     1         build/nanox/obj/ux_layout_pn.o:(.debug_info)
   1b532    1b532      249     1         build/nanox/obj/ux_layout_pnn.o:(.debug_info)
   1b77b    1b77b      251     1         build/nanox/obj/ux_layout_utils.o:(.debug_info)
   1b9cc    1b9cc      1b6     1         build/nanox/obj/ux_legacy.o:(.debug_info)
   1bb82    1bb82      204     1         build/nanox/obj/ux_menulist.o:(.debug_info)
   1bd86    1bd86      464     1         build/nanox/obj/ux_stack.o:(.debug_info)
       0        0     44bf     1 .debug_abbrev
       0        0      1d4     1         build/nanox/obj/bagl.o:(.debug_abbrev)
     1d4      1d4       96     1         build/nanox/obj/bagl_fonts.o:(.debug_abbrev)
     26a      26a      194     1         build/nanox/obj/ble_gap_aci.o:(.debug_abbrev)
     3fe      3fe      199     1         build/nanox/obj/ble_gatt_aci.o:(.debug_abbrev)
     597      597      162     1         build/nanox/obj/ble_hal_aci.o:(.debug_abbrev)
     6f9      6f9      17a     1         build/nanox/obj/ble_hci_le.o:(.debug_abbrev)
     873      873      151     1         build/nanox/obj/ble_l2cap_aci.o:(.debug_abbrev)
     9c4      9c4       12     1         build/nanox/obj/cx_stubs.o:(.debug_abbrev)
     9d6      9d6      222     1         build/nanox/obj/eth_internals.o:(.debug_abbrev)
     bf8      bf8       7e     1         build/nanox/obj/glyphs.o:(.debug_abbrev)
     c76      c76      180     1         build/nanox/obj/handle_finalize.o:(.debug_abbrev)
     df6      df6      174     1         build/nanox/obj/handle_init_contract.o:(.debug_abbrev)
     f6a      f6a      1c1     1         build/nanox/obj/handle_provide_parameter.o:(.debug_abbrev)
    112b     112b      149     1         build/nanox/obj/handle_provide_token.o:(.debug_abbrev)
    1274     1274      106     1         build/nanox/obj/handle_query_contract_id.o:(.debug_abbrev)
    137a     137a      18f     1         build/nanox/obj/handle_query_contract_ui.o:(.debug_abbrev)
    1509     1509      2d8     1         build/nanox/obj/ledger_ble.o:(.debug_abbrev)
    17e1     17e1      141     1         build/nanox/obj/ledger_protocol.o:(.debug_abbrev)
    1922     1922      1e0     1         build/nanox/obj/main.o:(.debug_abbrev)
    1b02     1b02      201     1         build/nanox/obj/os.o:(.debug_abbrev)
    1d03     1d03      2fb     1         build/nanox/obj/os_io_seproxyhal.o:(.debug_abbrev)
    1ffe     1ffe       84     1         build/nanox/obj/os_io_task.o:(.debug_abbrev)
    2082     2082      160     1         build/nanox/obj/os_io_usb.o:(.debug_abbrev)
    21e2     21e2      150     1         build/nanox/obj/os_printf.o:(.debug_abbrev)
    2332     2332       59     1         build/nanox/obj/osal.o:(.debug_abbrev)
    238b     238b       7d     1         build/nanox/obj/pic.o:(.debug_abbrev)
    2408     2408      18b     1         build/nanox/obj/printf.o:(.debug_abbrev)
    2593     2593       14     1         build/nanox/obj/stack_protector_init.o:(.debug_abbrev)
    25a7     25a7       14     1         build/nanox/obj/svc_call.o:(.debug_abbrev)
    25bb     25bb       14     1         build/nanox/obj/svc_cx_call.o:(.debug_abbrev)
    25cf     25cf      1b0     1         build/nanox/obj/syscalls.o:(.debug_abbrev)
    277f     277f      157     1         build/nanox/obj/usbd_conf.o:(.debug_abbrev)
    28d6     28d6      1e1     1         build/nanox/obj/usbd_core.o:(.debug_abbrev)
    2ab7     2ab7      207     1         build/nanox/obj/usbd_ctlreq.o:(.debug_abbrev)
    2cbe     2cbe      10e     1         build/nanox/obj/usbd_hid.o:(.debug_abbrev)
    2dcc     2dcc      1a7     1         build/nanox/obj/usbd_impl.o:(.debug_abbrev)
    2f73     2f73       f0     1         build/nanox/obj/usbd_ioreq.o:(.debug_abbrev)
    3063     3063      180     1         build/nanox/obj/ux_flow_engine.o:(.debug_abbrev)
    31e3     31e3       cc     1         build/nanox/obj/ux_layout_bb.o:(.debug_abbrev)
    32af     32af       d6     1         build/nanox/obj/ux_layout_bn.o:(.debug_abbrev)
    3385     3385       cc     1         build/nanox/obj/ux_layout_bnn.o:(.debug_abbrev)
    3451     3451       cc     1         build/nanox/obj/ux_layout_bnnn.o:(.debug_abbrev)
    351d     351d       d6     1         build/nanox/obj/ux_layout_nn.o:(.debug_abbrev)
    35f3     35f3       fa     1         build/nanox/obj/ux_layout_nnbnn.o:(.debug_abbrev)
    36ed     36ed       cc     1         build/nanox/obj/ux_layout_nnn.o:(.debug_abbrev)
    37b9     37b9       cc     1         build/nanox/obj/ux_layout_nnnn.o:(.debug_abbrev)
    3885     3885      2a4     1         build/nanox/obj/ux_layout_paging.o:(.debug_abbrev)
    3b29     3b29       f0     1         build/nanox/obj/ux_layout_paging_compute.o:(.debug_abbrev)
    3c19     3c19       fa     1         build/nanox/obj/ux_layout_pb.o:(.debug_abbrev)
    3d13     3d13       fa     1         build/nanox/obj/ux_layout_pbb.o:(.debug_abbrev)
    3e0d     3e0d       d6     1         build/nanox/obj/ux_layout_pbn.o:(.debug_abbrev)
    3ee3     3ee3       cc     1         build/nanox/obj/ux_layout_pn.o:(.debug_abbrev)
    3faf     3faf       d6     1         build/nanox/obj/ux_layout_pnn.o:(.debug_abbrev)
    4085     4085      101     1         build/nanox/obj/ux_layout_utils.o:(.debug_abbrev)
    4186     4186       a2     1         build/nanox/obj/ux_legacy.o:(.debug_abbrev)
    4228     4228      100     1         build/nanox/obj/ux_menulist.o:(.debug_abbrev)
    4328     4328      197     1         build/nanox/obj/ux_stack.o:(.debug_abbrev)
       0        0    11388     1 .debug_line
       0        0      d1e     1         build/nanox/obj/bagl.o:(.debug_line)
     d1e      d1e      11c     1         build/nanox/obj/bagl_fonts.o:(.debug_line)
     e3a      e3a     12c0     1         build/nanox/obj/ble_gap_aci.o:(.debug_line)
    20fa     20fa     1479     1         build/nanox/obj/ble_gatt_aci.o:(.debug_line)
    3573     3573      7ca     1         build/nanox/obj/ble_hal_aci.o:(.debug_line)
    3d3d     3d3d     19a5     1         build/nanox/obj/ble_hci_le.o:(.debug_line)
    56e2     56e2      4ae     1         build/nanox/obj/ble_l2cap_aci.o:(.debug_line)
    5b90     5b90      911     1         build/nanox/obj/cx_stubs.o:(.debug_line)
    64a1     64a1      76e     1         build/nanox/obj/eth_internals.o:(.debug_line)
    6c0f     6c0f       6f     1         build/nanox/obj/glyphs.o:(.debug_line)
    6c7e     6c7e      29d     1         build/nanox/obj/handle_finalize.o:(.debug_line)
    6f1b     6f1b      290     1         build/nanox/obj/handle_init_contract.o:(.debug_line)
    71ab     71ab      3fb     1         build/nanox/obj/handle_provide_parameter.o:(.debug_line)
    75a6     75a6      276     1         build/nanox/obj/handle_provide_token.o:(.debug_line)
    781c     781c      22a     1         build/nanox/obj/handle_query_contract_id.o:(.debug_line)
    7a46     7a46      44b     1         build/nanox/obj/handle_query_contract_ui.o:(.debug_line)
    7e91     7e91     11d6     1         build/nanox/obj/ledger_ble.o:(.debug_line)
    9067     9067      422     1         build/nanox/obj/ledger_protocol.o:(.debug_line)
    9489     9489      335     1         build/nanox/obj/main.o:(.debug_line)
    97be     97be      5ba     1         build/nanox/obj/os.o:(.debug_line)
    9d78     9d78      d41     1         build/nanox/obj/os_io_seproxyhal.o:(.debug_line)
    aab9     aab9       a2     1         build/nanox/obj/os_io_task.o:(.debug_line)
    ab5b     ab5b      38d     1         build/nanox/obj/os_io_usb.o:(.debug_line)
    aee8     aee8      705     1         build/nanox/obj/os_printf.o:(.debug_line)
    b5ed     b5ed       9d     1         build/nanox/obj/osal.o:(.debug_line)
    b68a     b68a       8e     1         build/nanox/obj/pic.o:(.debug_line)
    b718     b718      3f9     1         build/nanox/obj/printf.o:(.debug_line)
    bb11     bb11       60     1         build/nanox/obj/stack_protector_init.o:(.debug_line)
    bb71     bb71       57     1         build/nanox/obj/svc_call.o:(.debug_line)
    bbc8     bbc8       56     1         build/nanox/obj/svc_cx_call.o:(.debug_line)
    bc1e     bc1e     1b6b     1         build/nanox/obj/syscalls.o:(.debug_line)
    d789     d789      301     1         build/nanox/obj/usbd_conf.o:(.debug_line)
    da8a     da8a      690     1         build/nanox/obj/usbd_core.o:(.debug_line)
    e11a     e11a      740     1         build/nanox/obj/usbd_ctlreq.o:(.debug_line)
    e85a     e85a      231     1         build/nanox/obj/usbd_hid.o:(.debug_line)
    ea8b     ea8b      3d1     1         build/nanox/obj/usbd_impl.o:(.debug_line)
    ee5c     ee5c      208     1         build/nanox/obj/usbd_ioreq.o:(.debug_line)
    f064     f064      677     1         build/nanox/obj/ux_flow_engine.o:(.debug_line)
    f6db     f6db      10f     1         build/nanox/obj/ux_layout_bb.o:(.debug_line)
    f7ea     f7ea      107     1         build/nanox/obj/ux_layout_bn.o:(.debug_line)
    f8f1     f8f1       e8     1         build/nanox/obj/ux_layout_bnn.o:(.debug_line)
    f9d9     f9d9       e9     1         build/nanox/obj/ux_layout_bnnn.o:(.debug_line)
    fac2     fac2      107     1         build/nanox/obj/ux_layout_nn.o:(.debug_line)
    fbc9     fbc9      14a     1         build/nanox/obj/ux_layout_nnbnn.o:(.debug_line)
    fd13     fd13       e8     1         build/nanox/obj/ux_layout_nnn.o:(.debug_line)
    fdfb     fdfb       e9     1         build/nanox/obj/ux_layout_nnnn.o:(.debug_line)
    fee4     fee4      4cc     1         build/nanox/obj/ux_layout_paging.o:(.debug_line)
   103b0    103b0      22f     1         build/nanox/obj/ux_layout_paging_compute.o:(.debug_line)
   105df    105df      166     1         build/nanox/obj/ux_layout_pb.o:(.debug_line)
   10745    10745      187     1         build/nanox/obj/ux_layout_pbb.o:(.debug_line)
   108cc    108cc      108     1         build/nanox/obj/ux_layout_pbn.o:(.debug_line)
   109d4    109d4       e7     1         build/nanox/obj/ux_layout_pn.o:(.debug_line)
   10abb    10abb      108     1         build/nanox/obj/ux_layout_pnn.o:(.debug_line)
   10bc3    10bc3      175     1         build/nanox/obj/ux_layout_utils.o:(.debug_line)
   10d38    10d38       ca     1         build/nanox/obj/ux_legacy.o:(.debug_line)
   10e02    10e02      199     1         build/nanox/obj/ux_menulist.o:(.debug_line)
   10f9b    10f9b      3ed     1         build/nanox/obj/ux_stack.o:(.debug_line)
       0        0     498c     4 .debug_frame
       0        0      140     4         build/nanox/obj/bagl.o:(.debug_frame)
     140      140      5f0     4         build/nanox/obj/ble_gap_aci.o:(.debug_frame)
     730      730      660     4         build/nanox/obj/ble_gatt_aci.o:(.debug_frame)
     d90      d90      294     4         build/nanox/obj/ble_hal_aci.o:(.debug_frame)
    1024     1024      8c4     4         build/nanox/obj/ble_hci_le.o:(.debug_frame)
    18e8     18e8      158     4         build/nanox/obj/ble_l2cap_aci.o:(.debug_frame)
    1a40     1a40      1a8     4         build/nanox/obj/eth_internals.o:(.debug_frame)
    1be8     1be8       50     4         build/nanox/obj/handle_finalize.o:(.debug_frame)
    1c38     1c38       30     4         build/nanox/obj/handle_init_contract.o:(.debug_frame)
    1c68     1c68       6c     4         build/nanox/obj/handle_provide_parameter.o:(.debug_frame)
    1cd4     1cd4       34     4         build/nanox/obj/handle_provide_token.o:(.debug_frame)
    1d08     1d08       30     4         build/nanox/obj/handle_query_contract_id.o:(.debug_frame)
    1d38     1d38       34     4         build/nanox/obj/handle_query_contract_ui.o:(.debug_frame)
    1d6c     1d6c      220     4         build/nanox/obj/ledger_ble.o:(.debug_frame)
    1f8c     1f8c       64     4         build/nanox/obj/ledger_protocol.o:(.debug_frame)
    1ff0     1ff0       74     4         build/nanox/obj/main.o:(.debug_frame)
    2064     2064      1a4     4         build/nanox/obj/os.o:(.debug_frame)
    2208     2208      33c     4         build/nanox/obj/os_io_seproxyhal.o:(.debug_frame)
    2544     2544       2c     4         build/nanox/obj/os_io_task.o:(.debug_frame)
    2570     2570       7c     4         build/nanox/obj/os_io_usb.o:(.debug_frame)
    25ec     25ec       5c     4         build/nanox/obj/os_printf.o:(.debug_frame)
    2648     2648       5c     4         build/nanox/obj/osal.o:(.debug_frame)
    26a4     26a4       3c     4         build/nanox/obj/pic.o:(.debug_frame)
    26e0     26e0       58     4         build/nanox/obj/printf.o:(.debug_frame)
    2738     2738      f78     4         build/nanox/obj/syscalls.o:(.debug_frame)
    36b0     36b0      148     4         build/nanox/obj/usbd_conf.o:(.debug_frame)
    37f8     37f8      1f8     4         build/nanox/obj/usbd_core.o:(.debug_frame)
    39f0     39f0      1a0     4         build/nanox/obj/usbd_ctlreq.o:(.debug_frame)
    3b90     3b90       64     4         build/nanox/obj/usbd_hid.o:(.debug_frame)
    3bf4     3bf4      124     4         build/nanox/obj/usbd_impl.o:(.debug_frame)
    3d18     3d18       ac     4         build/nanox/obj/usbd_ioreq.o:(.debug_frame)
    3dc4     3dc4      1dc     4         build/nanox/obj/ux_flow_engine.o:(.debug_frame)
    3fa0     3fa0       44     4         build/nanox/obj/ux_layout_bb.o:(.debug_frame)
    3fe4     3fe4       44     4         build/nanox/obj/ux_layout_bn.o:(.debug_frame)
    4028     4028       2c     4         build/nanox/obj/ux_layout_bnn.o:(.debug_frame)
    4054     4054       2c     4         build/nanox/obj/ux_layout_bnnn.o:(.debug_frame)
    4080     4080       44     4         build/nanox/obj/ux_layout_nn.o:(.debug_frame)
    40c4     40c4       4c     4         build/nanox/obj/ux_layout_nnbnn.o:(.debug_frame)
    4110     4110       2c     4         build/nanox/obj/ux_layout_nnn.o:(.debug_frame)
    413c     413c       2c     4         build/nanox/obj/ux_layout_nnnn.o:(.debug_frame)
    4168     4168      164     4         build/nanox/obj/ux_layout_paging.o:(.debug_frame)
    42cc     42cc       44     4         build/nanox/obj/ux_layout_paging_compute.o:(.debug_frame)
    4310     4310       4c     4         build/nanox/obj/ux_layout_pb.o:(.debug_frame)
    435c     435c       64     4         build/nanox/obj/ux_layout_pbb.o:(.debug_frame)
    43c0     43c0       44     4         build/nanox/obj/ux_layout_pbn.o:(.debug_frame)
    4404     4404       2c     4         build/nanox/obj/ux_layout_pn.o:(.debug_frame)
    4430     4430       44     4         build/nanox/obj/ux_layout_pnn.o:(.debug_frame)
    4474     4474       5c     4         build/nanox/obj/ux_layout_utils.o:(.debug_frame)
    44d0     44d0       2c     4         build/nanox/obj/ux_legacy.o:(.debug_frame)
    44fc     44fc       84     4         build/nanox/obj/ux_menulist.o:(.debug_frame)
    4580     4580      11c     4         build/nanox/obj/ux_stack.o:(.debug_frame)
    469c     469c       20     4         /opt/nanox-secure-sdk/arch/st33/lib/libgcc.a(_udivsi3.o):(.debug_frame)
    46ac     46ac        0     1                 $d
    46bc     46bc       34     4         /opt/nanox-secure-sdk/arch/st33/lib/libgcc.a(_muldi3.o):(.debug_frame)
    46f0     46f0       3c     4         /opt/nanox-secure-sdk/arch/st33/lib/libgcc.a(_udivmoddi4.o):(.debug_frame)
    472c     472c       28     4         /opt/nanox-secure-sdk/arch/st33/lib/libc.a(lib_a-aeabi_memclr.o):(.debug_frame)
    4754     4754       28     4         /opt/nanox-secure-sdk/arch/st33/lib/libc.a(lib_a-aeabi_memcpy.o):(.debug_frame)
    477c     477c       28     4         /opt/nanox-secure-sdk/arch/st33/lib/libc.a(lib_a-aeabi_memmove.o):(.debug_frame)
    47a4     47a4       28     4         /opt/nanox-secure-sdk/arch/st33/lib/libc.a(lib_a-aeabi_memset.o):(.debug_frame)
    47cc     47cc       28     4         /opt/nanox-secure-sdk/arch/st33/lib/libc.a(lib_a-explicit_bzero.o):(.debug_frame)
    47f4     47f4       28     4         /opt/nanox-secure-sdk/arch/st33/lib/libc.a(lib_a-bzero.o):(.debug_frame)
    481c     481c       2c     4         /opt/nanox-secure-sdk/arch/st33/lib/libc.a(lib_a-memcmp.o):(.debug_frame)
    4848     4848       34     4         /opt/nanox-secure-sdk/arch/st33/lib/libc.a(lib_a-memcpy-stub.o):(.debug_frame)
    487c     487c       34     4         /opt/nanox-secure-sdk/arch/st33/lib/libc.a(lib_a-memmove.o):(.debug_frame)
    48b0     48b0       30     4         /opt/nanox-secure-sdk/arch/st33/lib/libc.a(lib_a-memset.o):(.debug_frame)
    48e0     48e0       2c     4         /opt/nanox-secure-sdk/arch/st33/lib/libc.a(lib_a-strlcat.o):(.debug_frame)
    490c     490c       30     4         /opt/nanox-secure-sdk/arch/st33/lib/libc.a(lib_a-strlcpy.o):(.debug_frame)
    493c     493c       28     4         /opt/nanox-secure-sdk/arch/st33/lib/libc.a(lib_a-strlen-stub.o):(.debug_frame)
    4964     4964       28     4         /opt/nanox-secure-sdk/arch/st33/lib/libc.a(lib_a-strnlen.o):(.debug_frame)
       0        0     aecf     1 .debug_str
       0        0     aecf     1         <internal>:(.debug_str)
       0        0    15aba     1 .debug_loc
       0        0     1278     1         build/nanox/obj/bagl.o:(.debug_loc)
    1278     1278     2808     1         build/nanox/obj/ble_gap_aci.o:(.debug_loc)
    3a80     3a80     3200     1         build/nanox/obj/ble_gatt_aci.o:(.debug_loc)
    6c80     6c80      804     1         build/nanox/obj/ble_hal_aci.o:(.debug_loc)
    7484     7484     27ba     1         build/nanox/obj/ble_hci_le.o:(.debug_loc)
    9c3e     9c3e      9b7     1         build/nanox/obj/ble_l2cap_aci.o:(.debug_loc)
    a5f5     a5f5      d15     1         build/nanox/obj/eth_internals.o:(.debug_loc)
    b30a     b30a       a9     1         build/nanox/obj/handle_finalize.o:(.debug_loc)
    b3b3     b3b3       75     1         build/nanox/obj/handle_init_contract.o:(.debug_loc)
    b428     b428      1c6     1         build/nanox/obj/handle_provide_parameter.o:(.debug_loc)
    b5ee     b5ee       3c     1         build/nanox/obj/handle_provide_token.o:(.debug_loc)
    b62a     b62a       3c     1         build/nanox/obj/handle_query_contract_id.o:(.debug_loc)
    b666     b666      10c     1         build/nanox/obj/handle_query_contract_ui.o:(.debug_loc)
    b772     b772      955     1         build/nanox/obj/ledger_ble.o:(.debug_loc)
    c0c7     c0c7      2c8     1         build/nanox/obj/ledger_protocol.o:(.debug_loc)
    c38f     c38f      1ac     1         build/nanox/obj/main.o:(.debug_loc)
    c53b     c53b      ae2     1         build/nanox/obj/os.o:(.debug_loc)
    d01d     d01d      a49     1         build/nanox/obj/os_io_seproxyhal.o:(.debug_loc)
    da66     da66      1a8     1         build/nanox/obj/os_io_usb.o:(.debug_loc)
    dc0e     dc0e      c8b     1         build/nanox/obj/os_printf.o:(.debug_loc)
    e899     e899      189     1         build/nanox/obj/osal.o:(.debug_loc)
    ea22     ea22       8b     1         build/nanox/obj/pic.o:(.debug_loc)
    eaad     eaad      700     1         build/nanox/obj/printf.o:(.debug_loc)
    f1ad     f1ad     3ae0     1         build/nanox/obj/syscalls.o:(.debug_loc)
   12c8d    12c8d      429     1         build/nanox/obj/usbd_conf.o:(.debug_loc)
   130b6    130b6      724     1         build/nanox/obj/usbd_core.o:(.debug_loc)
   137da    137da      8ca     1         build/nanox/obj/usbd_ctlreq.o:(.debug_loc)
   140a4    140a4      178     1         build/nanox/obj/usbd_hid.o:(.debug_loc)
   1421c    1421c      2b8     1         build/nanox/obj/usbd_impl.o:(.debug_loc)
   144d4    144d4      235     1         build/nanox/obj/usbd_ioreq.o:(.debug_loc)
   14709    14709      37c     1         build/nanox/obj/ux_flow_engine.o:(.debug_loc)
   14a85    14a85       4c     1         build/nanox/obj/ux_layout_bb.o:(.debug_loc)
   14ad1    14ad1       6a     1         build/nanox/obj/ux_layout_bn.o:(.debug_loc)
   14b3b    14b3b       1e     1         build/nanox/obj/ux_layout_bnn.o:(.debug_loc)
   14b59    14b59       1e     1         build/nanox/obj/ux_layout_bnnn.o:(.debug_loc)
   14b77    14b77       6a     1         build/nanox/obj/ux_layout_nn.o:(.debug_loc)
   14be1    14be1       67     1         build/nanox/obj/ux_layout_nnbnn.o:(.debug_loc)
   14c48    14c48       1e     1         build/nanox/obj/ux_layout_nnn.o:(.debug_loc)
   14c66    14c66       1e     1         build/nanox/obj/ux_layout_nnnn.o:(.debug_loc)
   14c84    14c84      49c     1         build/nanox/obj/ux_layout_paging.o:(.debug_loc)
   15120    15120      2ed     1         build/nanox/obj/ux_layout_paging_compute.o:(.debug_loc)
   1540d    1540d       67     1         build/nanox/obj/ux_layout_pb.o:(.debug_loc)
   15474    15474       8d     1         build/nanox/obj/ux_layout_pbb.o:(.debug_loc)
   15501    15501       6a     1         build/nanox/obj/ux_layout_pbn.o:(.debug_loc)
   1556b    1556b       1e     1         build/nanox/obj/ux_layout_pn.o:(.debug_loc)
   15589    15589       6a     1         build/nanox/obj/ux_layout_pnn.o:(.debug_loc)
   155f3    155f3       bc     1         build/nanox/obj/ux_layout_utils.o:(.debug_loc)
   156af    156af      1d4     1         build/nanox/obj/ux_menulist.o:(.debug_loc)
   15883    15883      237     1         build/nanox/obj/ux_stack.o:(.debug_loc)
da7a05e4 da7a05e4        0     1 PROVIDE ( _nvram = ABSOLUTE ( _nvram_start ) )
da7a05e4 da7a05e4        0     1 PROVIDE ( _envram = ABSOLUTE ( _nvram_end ) )
       0        0     1d30     8 .debug_ranges
       0        0       c0     1         build/nanox/obj/bagl.o:(.debug_ranges)
      c0       c0      158     1         build/nanox/obj/ble_gap_aci.o:(.debug_ranges)
     218      218      1b8     1         build/nanox/obj/ble_gatt_aci.o:(.debug_ranges)
     3d0      3d0       a0     1         build/nanox/obj/ble_hal_aci.o:(.debug_ranges)
     470      470      208     1         build/nanox/obj/ble_hci_le.o:(.debug_ranges)
     678      678       50     1         build/nanox/obj/ble_l2cap_aci.o:(.debug_ranges)
     6c8      6c8      448     8         build/nanox/obj/cx_stubs.o:(.debug_ranges)
     b10      b10       f0     1         build/nanox/obj/eth_internals.o:(.debug_ranges)
     c00      c00       18     1         build/nanox/obj/handle_finalize.o:(.debug_ranges)
     c18      c18       30     1         build/nanox/obj/handle_init_contract.o:(.debug_ranges)
     c48      c48       58     1         build/nanox/obj/handle_provide_parameter.o:(.debug_ranges)
     ca0      ca0       40     1         build/nanox/obj/handle_query_contract_ui.o:(.debug_ranges)
     ce0      ce0      1f8     1         build/nanox/obj/ledger_ble.o:(.debug_ranges)
     ed8      ed8       78     1         build/nanox/obj/ledger_protocol.o:(.debug_ranges)
     f50      f50       58     1         build/nanox/obj/main.o:(.debug_ranges)
     fa8      fa8       a8     1         build/nanox/obj/os.o:(.debug_ranges)
    1050     1050      158     1         build/nanox/obj/os_io_seproxyhal.o:(.debug_ranges)
    11a8     11a8       40     1         build/nanox/obj/os_io_usb.o:(.debug_ranges)
    11e8     11e8       30     1         build/nanox/obj/os_printf.o:(.debug_ranges)
    1218     1218       20     1         build/nanox/obj/osal.o:(.debug_ranges)
    1238     1238       18     1         build/nanox/obj/pic.o:(.debug_ranges)
    1250     1250       78     1         build/nanox/obj/printf.o:(.debug_ranges)
    12c8     12c8      518     1         build/nanox/obj/syscalls.o:(.debug_ranges)
    17e0     17e0       70     1         build/nanox/obj/usbd_conf.o:(.debug_ranges)
    1850     1850       b0     1         build/nanox/obj/usbd_core.o:(.debug_ranges)
    1900     1900       88     1         build/nanox/obj/usbd_ctlreq.o:(.debug_ranges)
    1988     1988       20     1         build/nanox/obj/usbd_hid.o:(.debug_ranges)
    19a8     19a8       80     1         build/nanox/obj/usbd_impl.o:(.debug_ranges)
    1a28     1a28       38     1         build/nanox/obj/usbd_ioreq.o:(.debug_ranges)
    1a60     1a60       98     1         build/nanox/obj/ux_flow_engine.o:(.debug_ranges)
    1af8     1af8       18     1         build/nanox/obj/ux_layout_bb.o:(.debug_ranges)
    1b10     1b10       18     1         build/nanox/obj/ux_layout_bn.o:(.debug_ranges)
    1b28     1b28       18     1         build/nanox/obj/ux_layout_nn.o:(.debug_ranges)
    1b40     1b40       18     1         build/nanox/obj/ux_layout_nnbnn.o:(.debug_ranges)
    1b58     1b58       a0     1         build/nanox/obj/ux_layout_paging.o:(.debug_ranges)
    1bf8     1bf8       18     1         build/nanox/obj/ux_layout_paging_compute.o:(.debug_ranges)
    1c10     1c10       18     1         build/nanox/obj/ux_layout_pb.o:(.debug_ranges)
    1c28     1c28       20     1         build/nanox/obj/ux_layout_pbb.o:(.debug_ranges)
    1c48     1c48       18     1         build/nanox/obj/ux_layout_pbn.o:(.debug_ranges)
    1c60     1c60       18     1         build/nanox/obj/ux_layout_pnn.o:(.debug_ranges)
    1c78     1c78       20     1         build/nanox/obj/ux_layout_utils.o:(.debug_ranges)
    1c98     1c98       28     1         build/nanox/obj/ux_menulist.o:(.debug_ranges)
    1cc0     1cc0       70     1         build/nanox/obj/ux_stack.o:(.debug_ranges)
       0        0       45     1 .ARM.attributes
       0        0       45     1         build/nanox/obj/bagl.o:(.ARM.attributes)
       0        0      ea0     4 .symtab
       0        0      ea0     4         <internal>:(.symtab)
       0        0       ab     1 .shstrtab
       0        0       ab     1         <internal>:(.shstrtab)
       0        0      9ca     1 .strtab
       0        0      9ca     1         <internal>:(.strtab)
