     VMA      LMA     Size Align Out     In      Symbol
       0        0        0     1 PAGE_SIZE = 256
       0        0        0     1 STACK_SIZE = 1500
       0        0        0     1 END_STACK = ORIGIN ( SRAM ) + LENGTH ( SRAM )
c0de0000 c0de0000     1700     4 .text
c0de0000 c0de0000        0     1         _text = .
c0de0000 c0de0000        0     1         _nvram_start = .
c0de0000 c0de0000       a0     4         build/nanox/obj/main.o:(.boot)
c0de0000 c0de0000        0     1                 $t.5
c0de0001 c0de0001       a0     1                 main
c0de0098 c0de0098        0     1                 $d.6
c0de00a0 c0de00a0       d6     2         build/nanox/obj/eth_internals.o:(.text.adjustDecimals)
c0de00a0 c0de00a0        0     1                 $t.9
c0de00a1 c0de00a1       d6     1                 adjustDecimals
c0de0178 c0de0178       d0     4         build/nanox/obj/eth_internals.o:(.text.uint256_to_decimal)
c0de0178 c0de0178        0     1                 $t.10
c0de0179 c0de0179       d0     1                 uint256_to_decimal
c0de0244 c0de0244        0     1                 $d.11
c0de0248 c0de0248       1e     2         build/nanox/obj/eth_internals.o:(.text.allzeroes)
c0de0248 c0de0248        0     1                 $t.12
c0de0249 c0de0249       1e     1                 allzeroes
c0de0266 c0de0266       8c     2         build/nanox/obj/eth_internals.o:(.text.amountToString)
c0de0266 c0de0266        0     1                 $t.13
c0de0267 c0de0267       8c     1                 amountToString
c0de02f4 c0de02f4       9c     4         build/nanox/obj/handle_finalize.o:(.text.handle_finalize)
c0de02f4 c0de02f4        0     1                 $t.0
c0de02f5 c0de02f5       9c     1                 handle_finalize
c0de037c c0de037c        0     1                 $d.1
c0de0390 c0de0390       30     4         build/nanox/obj/handle_finalize.o:(.text.printf_hex_array)
c0de0390 c0de0390        0     1                 $t.2
c0de0391 c0de0391       30     1                 printf_hex_array
c0de03b8 c0de03b8        0     1                 $d.3
c0de03c0 c0de03c0       9c     4         build/nanox/obj/handle_init_contract.o:(.text.handle_init_contract)
c0de03c0 c0de03c0        0     1                 $t.0
c0de03c1 c0de03c1       9c     1                 handle_init_contract
c0de0450 c0de0450        0     1                 $d.1
c0de045c c0de045c      114     4         build/nanox/obj/handle_provide_parameter.o:(.text.handle_provide_parameter)
c0de045c c0de045c        0     1                 $t.0
c0de045d c0de045d      114     1                 handle_provide_parameter
c0de0554 c0de0554        0     1                 $d.1
c0de0570 c0de0570       34     4         build/nanox/obj/handle_provide_parameter.o:(.text.printf_hex_array)
c0de0570 c0de0570        0     1                 $t.2
c0de0571 c0de0571       34     1                 printf_hex_array
c0de059c c0de059c        0     1                 $d.3
c0de05a4 c0de05a4       84     4         build/nanox/obj/handle_provide_parameter.o:(.text.handle_token_sent)
c0de05a4 c0de05a4        0     1                 $t.4
c0de05a5 c0de05a5       84     1                 handle_token_sent
c0de0610 c0de0610        0     1                 $d.5
c0de0628 c0de0628      114     4         build/nanox/obj/handle_provide_token.o:(.text.handle_provide_token)
c0de0628 c0de0628        0     1                 $t.0
c0de0629 c0de0629      114     1                 handle_provide_token
c0de071c c0de071c        0     1                 $d.1
c0de073c c0de073c       60     4         build/nanox/obj/handle_query_contract_id.o:(.text.handle_query_contract_id)
c0de073c c0de073c        0     1                 $t.0
c0de073d c0de073d       60     1                 handle_query_contract_id
c0de0788 c0de0788        0     1                 $d.1
c0de079c c0de079c      2b8     4         build/nanox/obj/handle_query_contract_ui.o:(.text.handle_query_contract_ui)
c0de079c c0de079c        0     1                 $t.0
c0de079d c0de079d      2b8     1                 handle_query_contract_ui
c0de09f0 c0de09f0        0     1                 $d.1
c0de0a54 c0de0a54       74     4         build/nanox/obj/main.o:(.text.dispatch_plugin_calls)
c0de0a54 c0de0a54        0     1                 $t.0
c0de0a55 c0de0a55       74     1                 dispatch_plugin_calls
c0de0ac4 c0de0ac4        0     1                 $d.1
c0de0ac8 c0de0ac8       1c     4         build/nanox/obj/main.o:(.text.call_app_ethereum)
c0de0ac8 c0de0ac8        0     1                 $t.3
c0de0ac9 c0de0ac9       1c     1                 call_app_ethereum
c0de0ae0 c0de0ae0        0     1                 $d.4
c0de0ae4 c0de0ae4        a     2         build/nanox/obj/os.o:(.text.os_boot)
c0de0ae4 c0de0ae4        0     1                 $t.0
c0de0ae5 c0de0ae5        a     1                 os_boot
c0de0af0 c0de0af0       1c     4         build/nanox/obj/os.o:(.text.os_longjmp)
c0de0af0 c0de0af0        0     1                 $t.3
c0de0af1 c0de0af1       1c     1                 os_longjmp
c0de0b08 c0de0b08        0     1                 $d.4
c0de0b0c c0de0b0c       22     2         build/nanox/obj/os_io_seproxyhal.o:(.text.mcu_usb_prints)
c0de0b0c c0de0b0c        0     1                 $t.54
c0de0b0d c0de0b0d       22     1                 mcu_usb_prints
c0de0b30 c0de0b30      300     4         build/nanox/obj/os_printf.o:(.text.mcu_usb_printf)
c0de0b30 c0de0b30        0     1                 $t.0
c0de0b31 c0de0b31      300     1                 mcu_usb_printf
c0de0b31 c0de0b31      300     1                 screen_printf
c0de0e14 c0de0e14        0     1                 $d.1
c0de0e30 c0de0e30        e     2         build/nanox/obj/svc_call.o:(.text)
c0de0e30 c0de0e30        0     1                 $t
c0de0e31 c0de0e31        0     1                 SVC_Call
c0de0e38 c0de0e38        0     1                 exception
c0de0e3e c0de0e3e       12     2         build/nanox/obj/syscalls.o:(.text.get_api_level)
c0de0e3e c0de0e3e        0     1                 $t.0
c0de0e3f c0de0e3f       12     1                 get_api_level
c0de0e50 c0de0e50       18     4         build/nanox/obj/syscalls.o:(.text.os_lib_call)
c0de0e50 c0de0e50        0     1                 $t.221
c0de0e51 c0de0e51       18     1                 os_lib_call
c0de0e64 c0de0e64        0     1                 $d.222
c0de0e68 c0de0e68       10     2         build/nanox/obj/syscalls.o:(.text.os_lib_end)
c0de0e68 c0de0e68        0     1                 $t.223
c0de0e69 c0de0e69       10     1                 os_lib_end
c0de0e78 c0de0e78       18     4         build/nanox/obj/syscalls.o:(.text.os_sched_exit)
c0de0e78 c0de0e78        0     1                 $t.251
c0de0e79 c0de0e79       18     1                 os_sched_exit
c0de0e8c c0de0e8c        0     1                 $d.252
c0de0e90 c0de0e90       14     4         build/nanox/obj/syscalls.o:(.text.io_seph_send)
c0de0e90 c0de0e90        0     1                 $t.259
c0de0e91 c0de0e91       14     1                 io_seph_send
c0de0ea0 c0de0ea0        0     1                 $d.260
c0de0ea4 c0de0ea4       10     2         build/nanox/obj/syscalls.o:(.text.try_context_get)
c0de0ea4 c0de0ea4        0     1                 $t.268
c0de0ea5 c0de0ea5       10     1                 try_context_get
c0de0eb4 c0de0eb4       18     4         build/nanox/obj/syscalls.o:(.text.try_context_set)
c0de0eb4 c0de0eb4        0     1                 $t.269
c0de0eb5 c0de0eb5       18     1                 try_context_set
c0de0ec8 c0de0ec8        0     1                 $d.270
c0de0ecc c0de0ecc      114     4         /opt/nanox-secure-sdk/arch/st33/lib/libgcc.a(_udivsi3.o):(.text)
c0de0ecc c0de0ecc        0     1                 $t
c0de0ecc c0de0ecc        0     1                 .udivsi3_skip_div0_test
c0de0ecd c0de0ecd      10a     1                 __udivsi3
c0de0ecd c0de0ecd        0     1                 __aeabi_uidiv
c0de0fd9 c0de0fd9        8     1                 __aeabi_uidivmod
c0de0fe0 c0de0fe0        4     4         /opt/nanox-secure-sdk/arch/st33/lib/libgcc.a(_dvmd_tls.o):(.text)
c0de0fe0 c0de0fe0        0     1                 $t
c0de0fe1 c0de0fe1        2     1                 __aeabi_idiv0
c0de0fe1 c0de0fe1        2     1                 __aeabi_ldiv0
c0de0fe4 c0de0fe4       54     4         /opt/nanox-secure-sdk/arch/st33/lib/libgcc.a(_muldi3.o):(.text)
c0de0fe4 c0de0fe4        0     1                 $t
c0de0fe5 c0de0fe5       54     1                 __muldi3
c0de0fe5 c0de0fe5       54     1                 __aeabi_lmul
c0de1038 c0de1038        c     4         /opt/nanox-secure-sdk/arch/st33/lib/libc.a(lib_a-aeabi_memclr.o):(.text.__aeabi_memclr)
c0de1038 c0de1038        0     1                 $t
c0de1039 c0de1039        a     1                 __aeabi_memclr
c0de1039 c0de1039        a     1                 __aeabi_memclr8
c0de1039 c0de1039        a     1                 __aeabi_memclr4
c0de1044 c0de1044        8     4         /opt/nanox-secure-sdk/arch/st33/lib/libc.a(lib_a-aeabi_memcpy.o):(.text.__aeabi_memcpy)
c0de1044 c0de1044        0     1                 $t
c0de1045 c0de1045        8     1                 __aeabi_memcpy
c0de1045 c0de1045        8     1                 __aeabi_memcpy8
c0de1045 c0de1045        8     1                 __aeabi_memcpy4
c0de104c c0de104c        8     4         /opt/nanox-secure-sdk/arch/st33/lib/libc.a(lib_a-aeabi_memmove.o):(.text.__aeabi_memmove)
c0de104c c0de104c        0     1                 $t
c0de104d c0de104d        8     1                 __aeabi_memmove
c0de104d c0de104d        8     1                 __aeabi_memmove8
c0de104d c0de104d        8     1                 __aeabi_memmove4
c0de1054 c0de1054       10     4         /opt/nanox-secure-sdk/arch/st33/lib/libc.a(lib_a-aeabi_memset.o):(.text.__aeabi_memset)
c0de1054 c0de1054        0     1                 $t
c0de1055 c0de1055        e     1                 __aeabi_memset
c0de1055 c0de1055        e     1                 __aeabi_memset8
c0de1055 c0de1055        e     1                 __aeabi_memset4
c0de1064 c0de1064       50     4         /opt/nanox-secure-sdk/arch/st33/lib/libc.a(lib_a-memcmp.o):(.text.memcmp)
c0de1064 c0de1064        0     1                 $t
c0de1065 c0de1065       50     1                 memcmp
c0de10b4 c0de10b4       a8     4         /opt/nanox-secure-sdk/arch/st33/lib/libc.a(lib_a-memcpy-stub.o):(.text.memcpy)
c0de10b4 c0de10b4        0     1                 $t
c0de10b5 c0de10b5       a6     1                 memcpy
c0de115c c0de115c       bc     4         /opt/nanox-secure-sdk/arch/st33/lib/libc.a(lib_a-memmove.o):(.text.memmove)
c0de115c c0de115c        0     1                 $t
c0de115d c0de115d       ba     1                 memmove
c0de1218 c0de1218       a8     4         /opt/nanox-secure-sdk/arch/st33/lib/libc.a(lib_a-memset.o):(.text.memset)
c0de1218 c0de1218        0     1                 $t
c0de1219 c0de1219       a8     1                 memset
c0de12c0 c0de12c0       34     2         /opt/nanox-secure-sdk/arch/st33/lib/libc.a(lib_a-setjmp.o):(.text)
c0de12c0 c0de12c0        0     1                 $t
c0de12c1 c0de12c1        0     1                 setjmp
c0de12d9 c0de12d9        0     1                 longjmp
c0de12f4 c0de12f4       4c     4         /opt/nanox-secure-sdk/arch/st33/lib/libc.a(lib_a-strlcpy.o):(.text.strlcpy)
c0de12f4 c0de12f4        0     1                 $t
c0de12f5 c0de12f5       4c     1                 strlcpy
c0de1340 c0de1340       2c     4         /opt/nanox-secure-sdk/arch/st33/lib/libc.a(lib_a-strnlen.o):(.text.strnlen)
c0de1340 c0de1340        0     1                 $t
c0de1341 c0de1341       2a     1                 strnlen
c0de136c c0de136c      2cf     1         <internal>:(.text)
c0de163c c0de163c       18     4         build/nanox/obj/main.o:(.rodata.ORIGIN_DEFI_SELECTORS)
c0de163c c0de163c       18     1                 ORIGIN_DEFI_SELECTORS
c0de1654 c0de1654       14     1         build/nanox/obj/main.o:(.rodata.OETH_ADDRESS)
c0de1654 c0de1654       14     1                 OETH_ADDRESS
c0de1668 c0de1668       14     1         build/nanox/obj/main.o:(.rodata.OETH_VAULT_ADDRESS)
c0de1668 c0de1668       14     1                 OETH_VAULT_ADDRESS
c0de167c c0de167c       10     1         build/nanox/obj/os_printf.o:(.rodata.g_pcHex)
c0de167c c0de167c       10     1                 g_pcHex
c0de168c c0de168c       10     1         build/nanox/obj/os_printf.o:(.rodata.g_pcHex_cap)
c0de168c c0de168c       10     1                 g_pcHex_cap
c0de169c c0de169c       14     1         build/nanox/obj/main.o:(.rodata.NULL_ETH_ADDRESS)
c0de169c c0de169c       14     1                 NULL_ETH_ADDRESS
c0de16b0 c0de16b0        0     1         . = ALIGN ( 4 )
c0de16b0 c0de16b0        0     1         _etext = .
c0de16b0 c0de16b0       50     1         . = ALIGN ( PAGE_SIZE )
c0de1700 c0de1700        0     1         _nvram_data = .
c0de1700 c0de1700        0     1         . = ALIGN ( PAGE_SIZE )
c0de1700 c0de1700        0     1         _envram_data = .
c0de1700 c0de1700        0     1         _install_parameters = .
c0de1700 c0de1700        0     1         _nvram_end = .
d0000000 d0000000        0     1 .data
d0000000 d0000000        0     1         . = ALIGN ( 4 )
d0000000 d0000000        0     1         _data = .
d0000000 d0000000        0     1         _edata = .
da7a0000 da7a0000      5e4     1 .bss
da7a0000 da7a0000        0     1         _bss = .
da7a0000 da7a0000        0     1         __stack_chk_guard = .
da7a0000 da7a0000        4     1         . += 4
da7a0004 da7a0004        0     1         _ebss = .
da7a0004 da7a0004        0     1         . = ALIGN ( 4 )
da7a0004 da7a0004        0     1         app_stack_canary = .
da7a0004 da7a0004        4     1         . += 4
da7a0008 da7a0008        0     1         _stack_validation = .
da7a0008 da7a0008      5dc     1         . = _stack_validation + STACK_SIZE
da7a05e4 da7a05e4        0     1         _stack = ABSOLUTE ( END_STACK ) - STACK_SIZE
da7a05e4 da7a05e4        0     1         _estack = ABSOLUTE ( END_STACK )
       0        0       30     1 .comment
       0        0       30     1         <internal>:(.comment)
       0        0      4b0     8 .debug_aranges
       0        0      450     8         build/nanox/obj/cx_stubs.o:(.debug_aranges)
     450      450       20     8         build/nanox/obj/stack_protector_init.o:(.debug_aranges)
     470      470       20     8         build/nanox/obj/svc_call.o:(.debug_aranges)
     490      490       20     8         build/nanox/obj/svc_cx_call.o:(.debug_aranges)
       0        0    1bf96     1 .debug_info
       0        0      9ee     1         build/nanox/obj/bagl.o:(.debug_info)
     9ee      9ee      278     1         build/nanox/obj/bagl_fonts.o:(.debug_info)
     c66      c66     2982     1         build/nanox/obj/ble_gap_aci.o:(.debug_info)
    35e8     35e8     2d9b     1         build/nanox/obj/ble_gatt_aci.o:(.debug_info)
    6383     6383      bf0     1         build/nanox/obj/ble_hal_aci.o:(.debug_info)
    6f73     6f73     2e4e     1         build/nanox/obj/ble_hci_le.o:(.debug_info)
    9dc1     9dc1      9bb     1         build/nanox/obj/ble_l2cap_aci.o:(.debug_info)
    a77c     a77c       22     1         build/nanox/obj/cx_stubs.o:(.debug_info)
    a79e     a79e      bb8     1         build/nanox/obj/eth_internals.o:(.debug_info)
    b356     b356      3be     1         build/nanox/obj/glyphs.o:(.debug_info)
    b714     b714      6d6     1         build/nanox/obj/handle_finalize.o:(.debug_info)
    bdea     bdea      743     1         build/nanox/obj/handle_init_contract.o:(.debug_info)
    c52d     c52d      791     1         build/nanox/obj/handle_provide_parameter.o:(.debug_info)
    ccbe     ccbe      69b     1         build/nanox/obj/handle_provide_token.o:(.debug_info)
    d359     d359      600     1         build/nanox/obj/handle_query_contract_id.o:(.debug_info)
    d959     d959      85a     1         build/nanox/obj/handle_query_contract_ui.o:(.debug_info)
    e1b3     e1b3     11bd     1         build/nanox/obj/ledger_ble.o:(.debug_info)
    f370     f370      36d     1         build/nanox/obj/ledger_protocol.o:(.debug_info)
    f6dd     f6dd      7da     1         build/nanox/obj/main.o:(.debug_info)
    feb7     feb7      73a     1         build/nanox/obj/os.o:(.debug_info)
   105f1    105f1      fea     1         build/nanox/obj/os_io_seproxyhal.o:(.debug_info)
   115db    115db       78     1         build/nanox/obj/os_io_task.o:(.debug_info)
   11653    11653      2b6     1         build/nanox/obj/os_io_usb.o:(.debug_info)
   11909    11909      39e     1         build/nanox/obj/os_printf.o:(.debug_info)
   11ca7    11ca7      105     1         build/nanox/obj/osal.o:(.debug_info)
   11dac    11dac       8c     1         build/nanox/obj/pic.o:(.debug_info)
   11e38    11e38      3d2     1         build/nanox/obj/printf.o:(.debug_info)
   1220a    1220a       26     1         build/nanox/obj/stack_protector_init.o:(.debug_info)
   12230    12230       26     1         build/nanox/obj/svc_call.o:(.debug_info)
   12256    12256       26     1         build/nanox/obj/svc_cx_call.o:(.debug_info)
   1227c    1227c     34de     1         build/nanox/obj/syscalls.o:(.debug_info)
   1575a    1575a      8e9     1         build/nanox/obj/usbd_conf.o:(.debug_info)
   16043    16043      aa7     1         build/nanox/obj/usbd_core.o:(.debug_info)
   16aea    16aea      9fb     1         build/nanox/obj/usbd_ctlreq.o:(.debug_info)
   174e5    174e5      612     1         build/nanox/obj/usbd_hid.o:(.debug_info)
   17af7    17af7      9fd     1         build/nanox/obj/usbd_impl.o:(.debug_info)
   184f4    184f4      6ac     1         build/nanox/obj/usbd_ioreq.o:(.debug_info)
   18ba0    18ba0      3a0     1         build/nanox/obj/ux_flow_engine.o:(.debug_info)
   18f40    18f40      1e6     1         build/nanox/obj/ux_layout_bb.o:(.debug_info)
   19126    19126      249     1         build/nanox/obj/ux_layout_bn.o:(.debug_info)
   1936f    1936f      1c5     1         build/nanox/obj/ux_layout_bnn.o:(.debug_info)
   19534    19534      1c5     1         build/nanox/obj/ux_layout_bnnn.o:(.debug_info)
   196f9    196f9      249     1         build/nanox/obj/ux_layout_nn.o:(.debug_info)
   19942    19942      23a     1         build/nanox/obj/ux_layout_nnbnn.o:(.debug_info)
   19b7c    19b7c      1c5     1         build/nanox/obj/ux_layout_nnn.o:(.debug_info)
   19d41    19d41      1c5     1         build/nanox/obj/ux_layout_nnnn.o:(.debug_info)
   19f06    19f06      7fc     1         build/nanox/obj/ux_layout_paging.o:(.debug_info)
   1a702    1a702      251     1         build/nanox/obj/ux_layout_paging_compute.o:(.debug_info)
   1a953    1a953      2a8     1         build/nanox/obj/ux_layout_pb.o:(.debug_info)
   1abfb    1abfb      2d5     1         build/nanox/obj/ux_layout_pbb.o:(.debug_info)
   1aed0    1aed0      249     1         build/nanox/obj/ux_layout_pbn.o:(.debug_info)
   1b119    1b119      1c5     1         build/nanox/obj/ux_layout_pn.o:(.debug_info)
   1b2de    1b2de      249     1         build/nanox/obj/ux_layout_pnn.o:(.debug_info)
   1b527    1b527      251     1         build/nanox/obj/ux_layout_utils.o:(.debug_info)
   1b778    1b778      1b6     1         build/nanox/obj/ux_legacy.o:(.debug_info)
   1b92e    1b92e      204     1         build/nanox/obj/ux_menulist.o:(.debug_info)
   1bb32    1bb32      464     1         build/nanox/obj/ux_stack.o:(.debug_info)
       0        0     4478     1 .debug_abbrev
       0        0      1d4     1         build/nanox/obj/bagl.o:(.debug_abbrev)
     1d4      1d4       96     1         build/nanox/obj/bagl_fonts.o:(.debug_abbrev)
     26a      26a      194     1         build/nanox/obj/ble_gap_aci.o:(.debug_abbrev)
     3fe      3fe      199     1         build/nanox/obj/ble_gatt_aci.o:(.debug_abbrev)
     597      597      162     1         build/nanox/obj/ble_hal_aci.o:(.debug_abbrev)
     6f9      6f9      17a     1         build/nanox/obj/ble_hci_le.o:(.debug_abbrev)
     873      873      151     1         build/nanox/obj/ble_l2cap_aci.o:(.debug_abbrev)
     9c4      9c4       12     1         build/nanox/obj/cx_stubs.o:(.debug_abbrev)
     9d6      9d6      222     1         build/nanox/obj/eth_internals.o:(.debug_abbrev)
     bf8      bf8       7e     1         build/nanox/obj/glyphs.o:(.debug_abbrev)
     c76      c76      180     1         build/nanox/obj/handle_finalize.o:(.debug_abbrev)
     df6      df6      174     1         build/nanox/obj/handle_init_contract.o:(.debug_abbrev)
     f6a      f6a      17a     1         build/nanox/obj/handle_provide_parameter.o:(.debug_abbrev)
    10e4     10e4      149     1         build/nanox/obj/handle_provide_token.o:(.debug_abbrev)
    122d     122d      106     1         build/nanox/obj/handle_query_contract_id.o:(.debug_abbrev)
    1333     1333      18f     1         build/nanox/obj/handle_query_contract_ui.o:(.debug_abbrev)
    14c2     14c2      2d8     1         build/nanox/obj/ledger_ble.o:(.debug_abbrev)
    179a     179a      141     1         build/nanox/obj/ledger_protocol.o:(.debug_abbrev)
    18db     18db      1e0     1         build/nanox/obj/main.o:(.debug_abbrev)
    1abb     1abb      201     1         build/nanox/obj/os.o:(.debug_abbrev)
    1cbc     1cbc      2fb     1         build/nanox/obj/os_io_seproxyhal.o:(.debug_abbrev)
    1fb7     1fb7       84     1         build/nanox/obj/os_io_task.o:(.debug_abbrev)
    203b     203b      160     1         build/nanox/obj/os_io_usb.o:(.debug_abbrev)
    219b     219b      150     1         build/nanox/obj/os_printf.o:(.debug_abbrev)
    22eb     22eb       59     1         build/nanox/obj/osal.o:(.debug_abbrev)
    2344     2344       7d     1         build/nanox/obj/pic.o:(.debug_abbrev)
    23c1     23c1      18b     1         build/nanox/obj/printf.o:(.debug_abbrev)
    254c     254c       14     1         build/nanox/obj/stack_protector_init.o:(.debug_abbrev)
    2560     2560       14     1         build/nanox/obj/svc_call.o:(.debug_abbrev)
    2574     2574       14     1         build/nanox/obj/svc_cx_call.o:(.debug_abbrev)
    2588     2588      1b0     1         build/nanox/obj/syscalls.o:(.debug_abbrev)
    2738     2738      157     1         build/nanox/obj/usbd_conf.o:(.debug_abbrev)
    288f     288f      1e1     1         build/nanox/obj/usbd_core.o:(.debug_abbrev)
    2a70     2a70      207     1         build/nanox/obj/usbd_ctlreq.o:(.debug_abbrev)
    2c77     2c77      10e     1         build/nanox/obj/usbd_hid.o:(.debug_abbrev)
    2d85     2d85      1a7     1         build/nanox/obj/usbd_impl.o:(.debug_abbrev)
    2f2c     2f2c       f0     1         build/nanox/obj/usbd_ioreq.o:(.debug_abbrev)
    301c     301c      180     1         build/nanox/obj/ux_flow_engine.o:(.debug_abbrev)
    319c     319c       cc     1         build/nanox/obj/ux_layout_bb.o:(.debug_abbrev)
    3268     3268       d6     1         build/nanox/obj/ux_layout_bn.o:(.debug_abbrev)
    333e     333e       cc     1         build/nanox/obj/ux_layout_bnn.o:(.debug_abbrev)
    340a     340a       cc     1         build/nanox/obj/ux_layout_bnnn.o:(.debug_abbrev)
    34d6     34d6       d6     1         build/nanox/obj/ux_layout_nn.o:(.debug_abbrev)
    35ac     35ac       fa     1         build/nanox/obj/ux_layout_nnbnn.o:(.debug_abbrev)
    36a6     36a6       cc     1         build/nanox/obj/ux_layout_nnn.o:(.debug_abbrev)
    3772     3772       cc     1         build/nanox/obj/ux_layout_nnnn.o:(.debug_abbrev)
    383e     383e      2a4     1         build/nanox/obj/ux_layout_paging.o:(.debug_abbrev)
    3ae2     3ae2       f0     1         build/nanox/obj/ux_layout_paging_compute.o:(.debug_abbrev)
    3bd2     3bd2       fa     1         build/nanox/obj/ux_layout_pb.o:(.debug_abbrev)
    3ccc     3ccc       fa     1         build/nanox/obj/ux_layout_pbb.o:(.debug_abbrev)
    3dc6     3dc6       d6     1         build/nanox/obj/ux_layout_pbn.o:(.debug_abbrev)
    3e9c     3e9c       cc     1         build/nanox/obj/ux_layout_pn.o:(.debug_abbrev)
    3f68     3f68       d6     1         build/nanox/obj/ux_layout_pnn.o:(.debug_abbrev)
    403e     403e      101     1         build/nanox/obj/ux_layout_utils.o:(.debug_abbrev)
    413f     413f       a2     1         build/nanox/obj/ux_legacy.o:(.debug_abbrev)
    41e1     41e1      100     1         build/nanox/obj/ux_menulist.o:(.debug_abbrev)
    42e1     42e1      197     1         build/nanox/obj/ux_stack.o:(.debug_abbrev)
       0        0    11255     1 .debug_line
       0        0      d1e     1         build/nanox/obj/bagl.o:(.debug_line)
     d1e      d1e      11c     1         build/nanox/obj/bagl_fonts.o:(.debug_line)
     e3a      e3a     12c0     1         build/nanox/obj/ble_gap_aci.o:(.debug_line)
    20fa     20fa     1479     1         build/nanox/obj/ble_gatt_aci.o:(.debug_line)
    3573     3573      7ca     1         build/nanox/obj/ble_hal_aci.o:(.debug_line)
    3d3d     3d3d     19a5     1         build/nanox/obj/ble_hci_le.o:(.debug_line)
    56e2     56e2      4ae     1         build/nanox/obj/ble_l2cap_aci.o:(.debug_line)
    5b90     5b90      911     1         build/nanox/obj/cx_stubs.o:(.debug_line)
    64a1     64a1      76e     1         build/nanox/obj/eth_internals.o:(.debug_line)
    6c0f     6c0f       6f     1         build/nanox/obj/glyphs.o:(.debug_line)
    6c7e     6c7e      29d     1         build/nanox/obj/handle_finalize.o:(.debug_line)
    6f1b     6f1b      28e     1         build/nanox/obj/handle_init_contract.o:(.debug_line)
    71a9     71a9      329     1         build/nanox/obj/handle_provide_parameter.o:(.debug_line)
    74d2     74d2      276     1         build/nanox/obj/handle_provide_token.o:(.debug_line)
    7748     7748      225     1         build/nanox/obj/handle_query_contract_id.o:(.debug_line)
    796d     796d      3f9     1         build/nanox/obj/handle_query_contract_ui.o:(.debug_line)
    7d66     7d66     11d6     1         build/nanox/obj/ledger_ble.o:(.debug_line)
    8f3c     8f3c      422     1         build/nanox/obj/ledger_protocol.o:(.debug_line)
    935e     935e      32a     1         build/nanox/obj/main.o:(.debug_line)
    9688     9688      5ba     1         build/nanox/obj/os.o:(.debug_line)
    9c42     9c42      d41     1         build/nanox/obj/os_io_seproxyhal.o:(.debug_line)
    a983     a983       a2     1         build/nanox/obj/os_io_task.o:(.debug_line)
    aa25     aa25      38d     1         build/nanox/obj/os_io_usb.o:(.debug_line)
    adb2     adb2      705     1         build/nanox/obj/os_printf.o:(.debug_line)
    b4b7     b4b7       9d     1         build/nanox/obj/osal.o:(.debug_line)
    b554     b554       8e     1         build/nanox/obj/pic.o:(.debug_line)
    b5e2     b5e2      3f9     1         build/nanox/obj/printf.o:(.debug_line)
    b9db     b9db       60     1         build/nanox/obj/stack_protector_init.o:(.debug_line)
    ba3b     ba3b       57     1         build/nanox/obj/svc_call.o:(.debug_line)
    ba92     ba92       56     1         build/nanox/obj/svc_cx_call.o:(.debug_line)
    bae8     bae8     1b6e     1         build/nanox/obj/syscalls.o:(.debug_line)
    d656     d656      301     1         build/nanox/obj/usbd_conf.o:(.debug_line)
    d957     d957      690     1         build/nanox/obj/usbd_core.o:(.debug_line)
    dfe7     dfe7      740     1         build/nanox/obj/usbd_ctlreq.o:(.debug_line)
    e727     e727      231     1         build/nanox/obj/usbd_hid.o:(.debug_line)
    e958     e958      3d1     1         build/nanox/obj/usbd_impl.o:(.debug_line)
    ed29     ed29      208     1         build/nanox/obj/usbd_ioreq.o:(.debug_line)
    ef31     ef31      677     1         build/nanox/obj/ux_flow_engine.o:(.debug_line)
    f5a8     f5a8      10f     1         build/nanox/obj/ux_layout_bb.o:(.debug_line)
    f6b7     f6b7      107     1         build/nanox/obj/ux_layout_bn.o:(.debug_line)
    f7be     f7be       e8     1         build/nanox/obj/ux_layout_bnn.o:(.debug_line)
    f8a6     f8a6       e9     1         build/nanox/obj/ux_layout_bnnn.o:(.debug_line)
    f98f     f98f      107     1         build/nanox/obj/ux_layout_nn.o:(.debug_line)
    fa96     fa96      14a     1         build/nanox/obj/ux_layout_nnbnn.o:(.debug_line)
    fbe0     fbe0       e8     1         build/nanox/obj/ux_layout_nnn.o:(.debug_line)
    fcc8     fcc8       e9     1         build/nanox/obj/ux_layout_nnnn.o:(.debug_line)
    fdb1     fdb1      4cc     1         build/nanox/obj/ux_layout_paging.o:(.debug_line)
   1027d    1027d      22f     1         build/nanox/obj/ux_layout_paging_compute.o:(.debug_line)
   104ac    104ac      166     1         build/nanox/obj/ux_layout_pb.o:(.debug_line)
   10612    10612      187     1         build/nanox/obj/ux_layout_pbb.o:(.debug_line)
   10799    10799      108     1         build/nanox/obj/ux_layout_pbn.o:(.debug_line)
   108a1    108a1       e7     1         build/nanox/obj/ux_layout_pn.o:(.debug_line)
   10988    10988      108     1         build/nanox/obj/ux_layout_pnn.o:(.debug_line)
   10a90    10a90      175     1         build/nanox/obj/ux_layout_utils.o:(.debug_line)
   10c05    10c05       ca     1         build/nanox/obj/ux_legacy.o:(.debug_line)
   10ccf    10ccf      199     1         build/nanox/obj/ux_menulist.o:(.debug_line)
   10e68    10e68      3ed     1         build/nanox/obj/ux_stack.o:(.debug_line)
       0        0     498c     4 .debug_frame
       0        0      140     4         build/nanox/obj/bagl.o:(.debug_frame)
     140      140      5f0     4         build/nanox/obj/ble_gap_aci.o:(.debug_frame)
     730      730      660     4         build/nanox/obj/ble_gatt_aci.o:(.debug_frame)
     d90      d90      294     4         build/nanox/obj/ble_hal_aci.o:(.debug_frame)
    1024     1024      8c4     4         build/nanox/obj/ble_hci_le.o:(.debug_frame)
    18e8     18e8      158     4         build/nanox/obj/ble_l2cap_aci.o:(.debug_frame)
    1a40     1a40      1a8     4         build/nanox/obj/eth_internals.o:(.debug_frame)
    1be8     1be8       50     4         build/nanox/obj/handle_finalize.o:(.debug_frame)
    1c38     1c38       30     4         build/nanox/obj/handle_init_contract.o:(.debug_frame)
    1c68     1c68       68     4         build/nanox/obj/handle_provide_parameter.o:(.debug_frame)
    1cd0     1cd0       34     4         build/nanox/obj/handle_provide_token.o:(.debug_frame)
    1d04     1d04       30     4         build/nanox/obj/handle_query_contract_id.o:(.debug_frame)
    1d34     1d34       34     4         build/nanox/obj/handle_query_contract_ui.o:(.debug_frame)
    1d68     1d68      220     4         build/nanox/obj/ledger_ble.o:(.debug_frame)
    1f88     1f88       64     4         build/nanox/obj/ledger_protocol.o:(.debug_frame)
    1fec     1fec       74     4         build/nanox/obj/main.o:(.debug_frame)
    2060     2060      1a4     4         build/nanox/obj/os.o:(.debug_frame)
    2204     2204      33c     4         build/nanox/obj/os_io_seproxyhal.o:(.debug_frame)
    2540     2540       2c     4         build/nanox/obj/os_io_task.o:(.debug_frame)
    256c     256c       7c     4         build/nanox/obj/os_io_usb.o:(.debug_frame)
    25e8     25e8       5c     4         build/nanox/obj/os_printf.o:(.debug_frame)
    2644     2644       5c     4         build/nanox/obj/osal.o:(.debug_frame)
    26a0     26a0       3c     4         build/nanox/obj/pic.o:(.debug_frame)
    26dc     26dc       58     4         build/nanox/obj/printf.o:(.debug_frame)
    2734     2734      f7c     4         build/nanox/obj/syscalls.o:(.debug_frame)
    36b0     36b0      148     4         build/nanox/obj/usbd_conf.o:(.debug_frame)
    37f8     37f8      1f8     4         build/nanox/obj/usbd_core.o:(.debug_frame)
    39f0     39f0      1a0     4         build/nanox/obj/usbd_ctlreq.o:(.debug_frame)
    3b90     3b90       64     4         build/nanox/obj/usbd_hid.o:(.debug_frame)
    3bf4     3bf4      124     4         build/nanox/obj/usbd_impl.o:(.debug_frame)
    3d18     3d18       ac     4         build/nanox/obj/usbd_ioreq.o:(.debug_frame)
    3dc4     3dc4      1dc     4         build/nanox/obj/ux_flow_engine.o:(.debug_frame)
    3fa0     3fa0       44     4         build/nanox/obj/ux_layout_bb.o:(.debug_frame)
    3fe4     3fe4       44     4         build/nanox/obj/ux_layout_bn.o:(.debug_frame)
    4028     4028       2c     4         build/nanox/obj/ux_layout_bnn.o:(.debug_frame)
    4054     4054       2c     4         build/nanox/obj/ux_layout_bnnn.o:(.debug_frame)
    4080     4080       44     4         build/nanox/obj/ux_layout_nn.o:(.debug_frame)
    40c4     40c4       4c     4         build/nanox/obj/ux_layout_nnbnn.o:(.debug_frame)
    4110     4110       2c     4         build/nanox/obj/ux_layout_nnn.o:(.debug_frame)
    413c     413c       2c     4         build/nanox/obj/ux_layout_nnnn.o:(.debug_frame)
    4168     4168      164     4         build/nanox/obj/ux_layout_paging.o:(.debug_frame)
    42cc     42cc       44     4         build/nanox/obj/ux_layout_paging_compute.o:(.debug_frame)
    4310     4310       4c     4         build/nanox/obj/ux_layout_pb.o:(.debug_frame)
    435c     435c       64     4         build/nanox/obj/ux_layout_pbb.o:(.debug_frame)
    43c0     43c0       44     4         build/nanox/obj/ux_layout_pbn.o:(.debug_frame)
    4404     4404       2c     4         build/nanox/obj/ux_layout_pn.o:(.debug_frame)
    4430     4430       44     4         build/nanox/obj/ux_layout_pnn.o:(.debug_frame)
    4474     4474       5c     4         build/nanox/obj/ux_layout_utils.o:(.debug_frame)
    44d0     44d0       2c     4         build/nanox/obj/ux_legacy.o:(.debug_frame)
    44fc     44fc       84     4         build/nanox/obj/ux_menulist.o:(.debug_frame)
    4580     4580      11c     4         build/nanox/obj/ux_stack.o:(.debug_frame)
    469c     469c       20     4         /opt/nanox-secure-sdk/arch/st33/lib/libgcc.a(_udivsi3.o):(.debug_frame)
    46ac     46ac        0     1                 $d
    46bc     46bc       34     4         /opt/nanox-secure-sdk/arch/st33/lib/libgcc.a(_muldi3.o):(.debug_frame)
    46f0     46f0       3c     4         /opt/nanox-secure-sdk/arch/st33/lib/libgcc.a(_udivmoddi4.o):(.debug_frame)
    472c     472c       28     4         /opt/nanox-secure-sdk/arch/st33/lib/libc.a(lib_a-aeabi_memclr.o):(.debug_frame)
    4754     4754       28     4         /opt/nanox-secure-sdk/arch/st33/lib/libc.a(lib_a-aeabi_memcpy.o):(.debug_frame)
    477c     477c       28     4         /opt/nanox-secure-sdk/arch/st33/lib/libc.a(lib_a-aeabi_memmove.o):(.debug_frame)
    47a4     47a4       28     4         /opt/nanox-secure-sdk/arch/st33/lib/libc.a(lib_a-aeabi_memset.o):(.debug_frame)
    47cc     47cc       28     4         /opt/nanox-secure-sdk/arch/st33/lib/libc.a(lib_a-explicit_bzero.o):(.debug_frame)
    47f4     47f4       28     4         /opt/nanox-secure-sdk/arch/st33/lib/libc.a(lib_a-bzero.o):(.debug_frame)
    481c     481c       2c     4         /opt/nanox-secure-sdk/arch/st33/lib/libc.a(lib_a-memcmp.o):(.debug_frame)
    4848     4848       34     4         /opt/nanox-secure-sdk/arch/st33/lib/libc.a(lib_a-memcpy-stub.o):(.debug_frame)
    487c     487c       34     4         /opt/nanox-secure-sdk/arch/st33/lib/libc.a(lib_a-memmove.o):(.debug_frame)
    48b0     48b0       30     4         /opt/nanox-secure-sdk/arch/st33/lib/libc.a(lib_a-memset.o):(.debug_frame)
    48e0     48e0       2c     4         /opt/nanox-secure-sdk/arch/st33/lib/libc.a(lib_a-strlcat.o):(.debug_frame)
    490c     490c       30     4         /opt/nanox-secure-sdk/arch/st33/lib/libc.a(lib_a-strlcpy.o):(.debug_frame)
    493c     493c       28     4         /opt/nanox-secure-sdk/arch/st33/lib/libc.a(lib_a-strlen-stub.o):(.debug_frame)
    4964     4964       28     4         /opt/nanox-secure-sdk/arch/st33/lib/libc.a(lib_a-strnlen.o):(.debug_frame)
       0        0     ad16     1 .debug_str
       0        0     ad16     1         <internal>:(.debug_str)
       0        0    15a7e     1 .debug_loc
       0        0     1278     1         build/nanox/obj/bagl.o:(.debug_loc)
    1278     1278     2808     1         build/nanox/obj/ble_gap_aci.o:(.debug_loc)
    3a80     3a80     3200     1         build/nanox/obj/ble_gatt_aci.o:(.debug_loc)
    6c80     6c80      804     1         build/nanox/obj/ble_hal_aci.o:(.debug_loc)
    7484     7484     27ba     1         build/nanox/obj/ble_hci_le.o:(.debug_loc)
    9c3e     9c3e      9b7     1         build/nanox/obj/ble_l2cap_aci.o:(.debug_loc)
    a5f5     a5f5      d15     1         build/nanox/obj/eth_internals.o:(.debug_loc)
    b30a     b30a       a9     1         build/nanox/obj/handle_finalize.o:(.debug_loc)
    b3b3     b3b3       75     1         build/nanox/obj/handle_init_contract.o:(.debug_loc)
    b428     b428      18a     1         build/nanox/obj/handle_provide_parameter.o:(.debug_loc)
    b5b2     b5b2       3c     1         build/nanox/obj/handle_provide_token.o:(.debug_loc)
    b5ee     b5ee       3c     1         build/nanox/obj/handle_query_contract_id.o:(.debug_loc)
    b62a     b62a      10c     1         build/nanox/obj/handle_query_contract_ui.o:(.debug_loc)
    b736     b736      955     1         build/nanox/obj/ledger_ble.o:(.debug_loc)
    c08b     c08b      2c8     1         build/nanox/obj/ledger_protocol.o:(.debug_loc)
    c353     c353      1ac     1         build/nanox/obj/main.o:(.debug_loc)
    c4ff     c4ff      ae2     1         build/nanox/obj/os.o:(.debug_loc)
    cfe1     cfe1      a49     1         build/nanox/obj/os_io_seproxyhal.o:(.debug_loc)
    da2a     da2a      1a8     1         build/nanox/obj/os_io_usb.o:(.debug_loc)
    dbd2     dbd2      c8b     1         build/nanox/obj/os_printf.o:(.debug_loc)
    e85d     e85d      189     1         build/nanox/obj/osal.o:(.debug_loc)
    e9e6     e9e6       8b     1         build/nanox/obj/pic.o:(.debug_loc)
    ea71     ea71      700     1         build/nanox/obj/printf.o:(.debug_loc)
    f171     f171     3ae0     1         build/nanox/obj/syscalls.o:(.debug_loc)
   12c51    12c51      429     1         build/nanox/obj/usbd_conf.o:(.debug_loc)
   1307a    1307a      724     1         build/nanox/obj/usbd_core.o:(.debug_loc)
   1379e    1379e      8ca     1         build/nanox/obj/usbd_ctlreq.o:(.debug_loc)
   14068    14068      178     1         build/nanox/obj/usbd_hid.o:(.debug_loc)
   141e0    141e0      2b8     1         build/nanox/obj/usbd_impl.o:(.debug_loc)
   14498    14498      235     1         build/nanox/obj/usbd_ioreq.o:(.debug_loc)
   146cd    146cd      37c     1         build/nanox/obj/ux_flow_engine.o:(.debug_loc)
   14a49    14a49       4c     1         build/nanox/obj/ux_layout_bb.o:(.debug_loc)
   14a95    14a95       6a     1         build/nanox/obj/ux_layout_bn.o:(.debug_loc)
   14aff    14aff       1e     1         build/nanox/obj/ux_layout_bnn.o:(.debug_loc)
   14b1d    14b1d       1e     1         build/nanox/obj/ux_layout_bnnn.o:(.debug_loc)
   14b3b    14b3b       6a     1         build/nanox/obj/ux_layout_nn.o:(.debug_loc)
   14ba5    14ba5       67     1         build/nanox/obj/ux_layout_nnbnn.o:(.debug_loc)
   14c0c    14c0c       1e     1         build/nanox/obj/ux_layout_nnn.o:(.debug_loc)
   14c2a    14c2a       1e     1         build/nanox/obj/ux_layout_nnnn.o:(.debug_loc)
   14c48    14c48      49c     1         build/nanox/obj/ux_layout_paging.o:(.debug_loc)
   150e4    150e4      2ed     1         build/nanox/obj/ux_layout_paging_compute.o:(.debug_loc)
   153d1    153d1       67     1         build/nanox/obj/ux_layout_pb.o:(.debug_loc)
   15438    15438       8d     1         build/nanox/obj/ux_layout_pbb.o:(.debug_loc)
   154c5    154c5       6a     1         build/nanox/obj/ux_layout_pbn.o:(.debug_loc)
   1552f    1552f       1e     1         build/nanox/obj/ux_layout_pn.o:(.debug_loc)
   1554d    1554d       6a     1         build/nanox/obj/ux_layout_pnn.o:(.debug_loc)
   155b7    155b7       bc     1         build/nanox/obj/ux_layout_utils.o:(.debug_loc)
   15673    15673      1d4     1         build/nanox/obj/ux_menulist.o:(.debug_loc)
   15847    15847      237     1         build/nanox/obj/ux_stack.o:(.debug_loc)
da7a05e4 da7a05e4        0     1 PROVIDE ( _nvram = ABSOLUTE ( _nvram_start ) )
da7a05e4 da7a05e4        0     1 PROVIDE ( _envram = ABSOLUTE ( _nvram_end ) )
       0        0     1d10     8 .debug_ranges
       0        0       c0     1         build/nanox/obj/bagl.o:(.debug_ranges)
      c0       c0      158     1         build/nanox/obj/ble_gap_aci.o:(.debug_ranges)
     218      218      1b8     1         build/nanox/obj/ble_gatt_aci.o:(.debug_ranges)
     3d0      3d0       a0     1         build/nanox/obj/ble_hal_aci.o:(.debug_ranges)
     470      470      208     1         build/nanox/obj/ble_hci_le.o:(.debug_ranges)
     678      678       50     1         build/nanox/obj/ble_l2cap_aci.o:(.debug_ranges)
     6c8      6c8      448     8         build/nanox/obj/cx_stubs.o:(.debug_ranges)
     b10      b10       f0     1         build/nanox/obj/eth_internals.o:(.debug_ranges)
     c00      c00       18     1         build/nanox/obj/handle_finalize.o:(.debug_ranges)
     c18      c18       30     1         build/nanox/obj/handle_init_contract.o:(.debug_ranges)
     c48      c48       38     1         build/nanox/obj/handle_provide_parameter.o:(.debug_ranges)
     c80      c80       40     1         build/nanox/obj/handle_query_contract_ui.o:(.debug_ranges)
     cc0      cc0      1f8     1         build/nanox/obj/ledger_ble.o:(.debug_ranges)
     eb8      eb8       78     1         build/nanox/obj/ledger_protocol.o:(.debug_ranges)
     f30      f30       58     1         build/nanox/obj/main.o:(.debug_ranges)
     f88      f88       a8     1         build/nanox/obj/os.o:(.debug_ranges)
    1030     1030      158     1         build/nanox/obj/os_io_seproxyhal.o:(.debug_ranges)
    1188     1188       40     1         build/nanox/obj/os_io_usb.o:(.debug_ranges)
    11c8     11c8       30     1         build/nanox/obj/os_printf.o:(.debug_ranges)
    11f8     11f8       20     1         build/nanox/obj/osal.o:(.debug_ranges)
    1218     1218       18     1         build/nanox/obj/pic.o:(.debug_ranges)
    1230     1230       78     1         build/nanox/obj/printf.o:(.debug_ranges)
    12a8     12a8      518     1         build/nanox/obj/syscalls.o:(.debug_ranges)
    17c0     17c0       70     1         build/nanox/obj/usbd_conf.o:(.debug_ranges)
    1830     1830       b0     1         build/nanox/obj/usbd_core.o:(.debug_ranges)
    18e0     18e0       88     1         build/nanox/obj/usbd_ctlreq.o:(.debug_ranges)
    1968     1968       20     1         build/nanox/obj/usbd_hid.o:(.debug_ranges)
    1988     1988       80     1         build/nanox/obj/usbd_impl.o:(.debug_ranges)
    1a08     1a08       38     1         build/nanox/obj/usbd_ioreq.o:(.debug_ranges)
    1a40     1a40       98     1         build/nanox/obj/ux_flow_engine.o:(.debug_ranges)
    1ad8     1ad8       18     1         build/nanox/obj/ux_layout_bb.o:(.debug_ranges)
    1af0     1af0       18     1         build/nanox/obj/ux_layout_bn.o:(.debug_ranges)
    1b08     1b08       18     1         build/nanox/obj/ux_layout_nn.o:(.debug_ranges)
    1b20     1b20       18     1         build/nanox/obj/ux_layout_nnbnn.o:(.debug_ranges)
    1b38     1b38       a0     1         build/nanox/obj/ux_layout_paging.o:(.debug_ranges)
    1bd8     1bd8       18     1         build/nanox/obj/ux_layout_paging_compute.o:(.debug_ranges)
    1bf0     1bf0       18     1         build/nanox/obj/ux_layout_pb.o:(.debug_ranges)
    1c08     1c08       20     1         build/nanox/obj/ux_layout_pbb.o:(.debug_ranges)
    1c28     1c28       18     1         build/nanox/obj/ux_layout_pbn.o:(.debug_ranges)
    1c40     1c40       18     1         build/nanox/obj/ux_layout_pnn.o:(.debug_ranges)
    1c58     1c58       20     1         build/nanox/obj/ux_layout_utils.o:(.debug_ranges)
    1c78     1c78       28     1         build/nanox/obj/ux_menulist.o:(.debug_ranges)
    1ca0     1ca0       70     1         build/nanox/obj/ux_stack.o:(.debug_ranges)
       0        0       45     1 .ARM.attributes
       0        0       45     1         build/nanox/obj/bagl.o:(.ARM.attributes)
       0        0      e30     4 .symtab
       0        0      e30     4         <internal>:(.symtab)
       0        0       ab     1 .shstrtab
       0        0       ab     1         <internal>:(.shstrtab)
       0        0      967     1 .strtab
       0        0      967     1         <internal>:(.strtab)
