     VMA      LMA     Size Align Out     In      Symbol
       0        0        0     1 PAGE_SIZE = 256
       0        0        0     1 STACK_SIZE = 1500
       0        0        0     1 END_STACK = ORIGIN ( SRAM ) + LENGTH ( SRAM )
c0de0000 c0de0000     2a00     4 .text
c0de0000 c0de0000        0     1         _text = .
c0de0000 c0de0000        0     1         _nvram_start = .
c0de0000 c0de0000       8c     4         build/nanox/obj/main.o:(.boot)
c0de0000 c0de0000        0     1                 $t.5
c0de0001 c0de0001       8c     1                 main
c0de0080 c0de0080        0     1                 $d.6
c0de008c c0de008c        0     1         _code = .
c0de008c c0de008c        c     4         build/nanox/obj/cx_stubs.o:(.text.cx_hash_get_size)
c0de008c c0de008c        0     1                 $t
c0de008d c0de008d        0     1                 cx_hash_get_size
c0de0092 c0de0092        0     1                 $d
c0de0094 c0de0094        0     1                 $d
c0de0098 c0de0098        c     4         build/nanox/obj/cx_stubs.o:(.text.cx_hash_no_throw)
c0de0098 c0de0098        0     1                 $t
c0de0099 c0de0099        0     1                 cx_hash_no_throw
c0de009e c0de009e        0     1                 $d
c0de00a0 c0de00a0        0     1                 $d
c0de00a4 c0de00a4        c     4         build/nanox/obj/cx_stubs.o:(.text.cx_keccak_init_no_throw)
c0de00a4 c0de00a4        0     1                 $t
c0de00a5 c0de00a5        0     1                 cx_keccak_init_no_throw
c0de00aa c0de00aa        0     1                 $d
c0de00ac c0de00ac        0     1                 $d
c0de00b0 c0de00b0       14     4         build/nanox/obj/cx_stubs.o:(.text.cx_x448)
c0de00b0 c0de00b0        0     1                 $t
c0de00b1 c0de00b1        0     1                 cx_x448
c0de00b7 c0de00b7        0     1                 cx_trampoline_helper
c0de00ba c0de00ba        0     1                 $d
c0de00bc c0de00bc        0     1                 $d
c0de00c4 c0de00c4       e0     4         build/nanox/obj/eth_internals.o:(.text.getEthAddressStringFromBinary)
c0de00c4 c0de00c4        0     1                 $t.0
c0de00c5 c0de00c5       e0     1                 getEthAddressStringFromBinary
c0de019c c0de019c        0     1                 $d.1
c0de01a4 c0de01a4       7c     4         build/nanox/obj/eth_internals.o:(.text.u64_to_string)
c0de01a4 c0de01a4        0     1                 $t.2
c0de01a5 c0de01a5       7c     1                 u64_to_string
c0de021c c0de021c        0     1                 $d.3
c0de0220 c0de0220       14     2         build/nanox/obj/eth_internals.o:(.text.cx_keccak_init)
c0de0220 c0de0220        0     1                 $t.4
c0de0221 c0de0221       14     1                 cx_keccak_init
c0de0234 c0de0234       2c     2         build/nanox/obj/eth_internals.o:(.text.cx_hash)
c0de0234 c0de0234        0     1                 $t.5
c0de0235 c0de0235       2c     1                 cx_hash
c0de0260 c0de0260      106     2         build/nanox/obj/eth_internals.o:(.text.adjustDecimals)
c0de0260 c0de0260        0     1                 $t.9
c0de0261 c0de0261      106     1                 adjustDecimals
c0de0368 c0de0368       e4     4         build/nanox/obj/eth_internals.o:(.text.uint256_to_decimal)
c0de0368 c0de0368        0     1                 $t.10
c0de0369 c0de0369       e4     1                 uint256_to_decimal
c0de0448 c0de0448        0     1                 $d.11
c0de044c c0de044c       30     2         build/nanox/obj/eth_internals.o:(.text.allzeroes)
c0de044c c0de044c        0     1                 $t.12
c0de044d c0de044d       30     1                 allzeroes
c0de047c c0de047c       88     2         build/nanox/obj/eth_internals.o:(.text.amountToString)
c0de047c c0de047c        0     1                 $t.13
c0de047d c0de047d       88     1                 amountToString
c0de0504 c0de0504       b4     4         build/nanox/obj/handle_finalize.o:(.text.handle_finalize)
c0de0504 c0de0504        0     1                 $t.0
c0de0505 c0de0505       b4     1                 handle_finalize
c0de05a8 c0de05a8        0     1                 $d.1
c0de05b8 c0de05b8       30     4         build/nanox/obj/handle_finalize.o:(.text.printf_hex_array)
c0de05b8 c0de05b8        0     1                 $t.2
c0de05b9 c0de05b9       30     1                 printf_hex_array
c0de05e0 c0de05e0        0     1                 $d.3
c0de05e8 c0de05e8       12     2         build/nanox/obj/handle_finalize.o:(.text.sent_network_token)
c0de05e8 c0de05e8        0     1                 $t.4
c0de05e9 c0de05e9       12     1                 sent_network_token
c0de05fa c0de05fa       12     2         build/nanox/obj/handle_finalize.o:(.text.received_network_token)
c0de05fa c0de05fa        0     1                 $t.5
c0de05fb c0de05fb       12     1                 received_network_token
c0de060c c0de060c       dc     4         build/nanox/obj/handle_init_contract.o:(.text.handle_init_contract)
c0de060c c0de060c        0     1                 $t.0
c0de060d c0de060d       dc     1                 handle_init_contract
c0de06d8 c0de06d8        0     1                 $d.1
c0de06e8 c0de06e8       16     2         build/nanox/obj/handle_init_contract.o:(.text.U4BE)
c0de06e8 c0de06e8        0     1                 $t.2
c0de06e9 c0de06e9       16     1                 U4BE
c0de0700 c0de0700       3c     4         build/nanox/obj/handle_init_contract.o:(.text.find_selector)
c0de0700 c0de0700        0     1                 $t.3
c0de0701 c0de0701       3c     1                 find_selector
c0de0738 c0de0738        0     1                 $d.4
c0de073c c0de073c       e4     4         build/nanox/obj/handle_provide_parameter.o:(.text.handle_provide_parameter)
c0de073c c0de073c        0     1                 $t.0
c0de073d c0de073d       e4     1                 handle_provide_parameter
c0de0818 c0de0818        0     1                 $d.1
c0de0820 c0de0820       34     4         build/nanox/obj/handle_provide_parameter.o:(.text.printf_hex_array)
c0de0820 c0de0820        0     1                 $t.2
c0de0821 c0de0821       34     1                 printf_hex_array
c0de084c c0de084c        0     1                 $d.3
c0de0854 c0de0854       20     4         build/nanox/obj/handle_provide_parameter.o:(.text.handle_zapper_deposit_eth)
c0de0854 c0de0854        0     1                 $t.4
c0de0855 c0de0855       20     1                 handle_zapper_deposit_eth
c0de0870 c0de0870        0     1                 $d.5
c0de0874 c0de0874       44     4         build/nanox/obj/handle_provide_parameter.o:(.text.handle_zapper_deposit_sfrxeth)
c0de0874 c0de0874        0     1                 $t.6
c0de0875 c0de0875       44     1                 handle_zapper_deposit_sfrxeth
c0de08b4 c0de08b4        0     1                 $d.7
c0de08b8 c0de08b8       58     4         build/nanox/obj/handle_provide_parameter.o:(.text.handle_vault_mint)
c0de08b8 c0de08b8        0     1                 $t.8
c0de08b9 c0de08b9       58     1                 handle_vault_mint
c0de090c c0de090c        0     1                 $d.9
c0de0910 c0de0910       44     4         build/nanox/obj/handle_provide_parameter.o:(.text.handle_vault_redeem)
c0de0910 c0de0910        0     1                 $t.10
c0de0911 c0de0911       44     1                 handle_vault_redeem
c0de0950 c0de0950        0     1                 $d.11
c0de0954 c0de0954       68     4         build/nanox/obj/handle_provide_parameter.o:(.text.handle_curve_pool_exchange)
c0de0954 c0de0954        0     1                 $t.12
c0de0955 c0de0955       68     1                 handle_curve_pool_exchange
c0de09b8 c0de09b8        0     1                 $d.13
c0de09bc c0de09bc       ac     4         build/nanox/obj/handle_provide_parameter.o:(.text.handle_curve_router_exchange)
c0de09bc c0de09bc        0     1                 $t.14
c0de09bd c0de09bd       ac     1                 handle_curve_router_exchange
c0de0a5c c0de0a5c        0     1                 $d.15
c0de0a68 c0de0a68      114     4         build/nanox/obj/handle_provide_parameter.o:(.text.handle_uniswap_exchange)
c0de0a68 c0de0a68        0     1                 $t.16
c0de0a69 c0de0a69      114     1                 handle_uniswap_exchange
c0de0b70 c0de0b70        0     1                 $d.17
c0de0b7c c0de0b7c       7c     4         build/nanox/obj/handle_provide_parameter.o:(.text.handle_uniswap_exchange_single)
c0de0b7c c0de0b7c        0     1                 $t.18
c0de0b7d c0de0b7d       7c     1                 handle_uniswap_exchange_single
c0de0bf4 c0de0bf4        0     1                 $d.19
c0de0bf8 c0de0bf8       34     4         build/nanox/obj/handle_provide_parameter.o:(.text.handle_flipper_exchange)
c0de0bf8 c0de0bf8        0     1                 $t.20
c0de0bf9 c0de0bf9       34     1                 handle_flipper_exchange
c0de0c28 c0de0c28        0     1                 $d.21
c0de0c2c c0de0c2c       44     4         build/nanox/obj/handle_provide_parameter.o:(.text.handle_wrap)
c0de0c2c c0de0c2c        0     1                 $t.22
c0de0c2d c0de0c2d       44     1                 handle_wrap
c0de0c6c c0de0c6c        0     1                 $d.23
c0de0c70 c0de0c70       10     2         build/nanox/obj/handle_provide_parameter.o:(.text.handle_amount_sent)
c0de0c70 c0de0c70        0     1                 $t.24
c0de0c71 c0de0c71       10     1                 handle_amount_sent
c0de0c80 c0de0c80       12     2         build/nanox/obj/handle_provide_parameter.o:(.text.handle_min_amount_received)
c0de0c80 c0de0c80        0     1                 $t.25
c0de0c81 c0de0c81       12     1                 handle_min_amount_received
c0de0c94 c0de0c94       d8     4         build/nanox/obj/handle_provide_parameter.o:(.text.handle_token_sent)
c0de0c94 c0de0c94        0     1                 $t.26
c0de0c95 c0de0c95       d8     1                 handle_token_sent
c0de0d44 c0de0d44        0     1                 $d.27
c0de0d6c c0de0d6c       d8     4         build/nanox/obj/handle_provide_parameter.o:(.text.handle_token_received)
c0de0d6c c0de0d6c        0     1                 $t.28
c0de0d6d c0de0d6d       d8     1                 handle_token_received
c0de0e1c c0de0e1c        0     1                 $d.29
c0de0e44 c0de0e44       30     4         build/nanox/obj/handle_provide_parameter.o:(.text.handle_beneficiary)
c0de0e44 c0de0e44        0     1                 $t.30
c0de0e45 c0de0e45       30     1                 handle_beneficiary
c0de0e70 c0de0e70        0     1                 $d.31
c0de0e74 c0de0e74        c     2         build/nanox/obj/handle_provide_parameter.o:(.text.U2BE)
c0de0e74 c0de0e74        0     1                 $t.32
c0de0e75 c0de0e75        c     1                 U2BE
c0de0e80 c0de0e80      108     4         build/nanox/obj/handle_provide_token.o:(.text.handle_provide_token)
c0de0e80 c0de0e80        0     1                 $t.0
c0de0e81 c0de0e81      108     1                 handle_provide_token
c0de0f70 c0de0f70        0     1                 $d.1
c0de0f88 c0de0f88       84     4         build/nanox/obj/handle_provide_token.o:(.text.check_token_sent)
c0de0f88 c0de0f88        0     1                 $t.2
c0de0f89 c0de0f89       84     1                 check_token_sent
c0de0ff8 c0de0ff8        0     1                 $d.3
c0de100c c0de100c       12     2         build/nanox/obj/handle_provide_token.o:(.text.sent_network_token)
c0de100c c0de100c        0     1                 $t.4
c0de100d c0de100d       12     1                 sent_network_token
c0de1020 c0de1020       84     4         build/nanox/obj/handle_provide_token.o:(.text.check_token_received)
c0de1020 c0de1020        0     1                 $t.5
c0de1021 c0de1021       84     1                 check_token_received
c0de1090 c0de1090        0     1                 $d.6
c0de10a4 c0de10a4       12     2         build/nanox/obj/handle_provide_token.o:(.text.received_network_token)
c0de10a4 c0de10a4        0     1                 $t.7
c0de10a5 c0de10a5       12     1                 received_network_token
c0de10b8 c0de10b8       84     4         build/nanox/obj/handle_query_contract_id.o:(.text.handle_query_contract_id)
c0de10b8 c0de10b8        0     1                 $t.0
c0de10b9 c0de10b9       84     1                 handle_query_contract_id
c0de1120 c0de1120        0     1                 $d.1
c0de113c c0de113c       74     4         build/nanox/obj/handle_query_contract_ui.o:(.text.handle_query_contract_ui)
c0de113c c0de113c        0     1                 $t.0
c0de113d c0de113d       74     1                 handle_query_contract_ui
c0de11ac c0de11ac        0     1                 $d.1
c0de11b0 c0de11b0       e2     2         build/nanox/obj/handle_query_contract_ui.o:(.text.get_screen)
c0de11b0 c0de11b0        0     1                 $t.2
c0de11b1 c0de11b1       e2     1                 get_screen
c0de1294 c0de1294      2c0     4         build/nanox/obj/handle_query_contract_ui.o:(.text.set_send_ui)
c0de1294 c0de1294        0     1                 $t.3
c0de1295 c0de1295      2c0     1                 set_send_ui
c0de14d4 c0de14d4        0     1                 $d.4
c0de1554 c0de1554      264     4         build/nanox/obj/handle_query_contract_ui.o:(.text.set_receive_ui)
c0de1554 c0de1554        0     1                 $t.5
c0de1555 c0de1555      264     1                 set_receive_ui
c0de1758 c0de1758        0     1                 $d.6
c0de17b8 c0de17b8       28     4         build/nanox/obj/handle_query_contract_ui.o:(.text.set_warning_ui)
c0de17b8 c0de17b8        0     1                 $t.7
c0de17b9 c0de17b9       28     1                 set_warning_ui
c0de17d8 c0de17d8        0     1                 $d.8
c0de17e0 c0de17e0       40     4         build/nanox/obj/handle_query_contract_ui.o:(.text.set_beneficiary_ui)
c0de17e0 c0de17e0        0     1                 $t.9
c0de17e1 c0de17e1       40     1                 set_beneficiary_ui
c0de181c c0de181c        0     1                 $d.10
c0de1820 c0de1820       78     4         build/nanox/obj/main.o:(.text.dispatch_plugin_calls)
c0de1820 c0de1820        0     1                 $t.0
c0de1821 c0de1821       78     1                 dispatch_plugin_calls
c0de1894 c0de1894        0     1                 $d.1
c0de1898 c0de1898       14     2         build/nanox/obj/main.o:(.text.handle_query_ui_exception)
c0de1898 c0de1898        0     1                 $t.2
c0de1899 c0de1899       14     1                 handle_query_ui_exception
c0de18ac c0de18ac       20     4         build/nanox/obj/main.o:(.text.call_app_ethereum)
c0de18ac c0de18ac        0     1                 $t.3
c0de18ad c0de18ad       20     1                 call_app_ethereum
c0de18c8 c0de18c8        0     1                 $d.4
c0de18cc c0de18cc       12     2         build/nanox/obj/main.o:(.text.check_api_level)
c0de18cc c0de18cc        0     1                 $t.7
c0de18cd c0de18cd       12     1                 check_api_level
c0de18de c0de18de        a     2         build/nanox/obj/os.o:(.text.os_boot)
c0de18de c0de18de        0     1                 $t.0
c0de18df c0de18df        a     1                 os_boot
c0de18e8 c0de18e8       38     4         build/nanox/obj/os.o:(.text.os_longjmp)
c0de18e8 c0de18e8        0     1                 $t.3
c0de18e9 c0de18e9       38     1                 os_longjmp
c0de1914 c0de1914        0     1                 $d.4
c0de1920 c0de1920        2     2         build/nanox/obj/os.o:(.text.app_throw_info)
c0de1920 c0de1920        0     1                 $t.6
c0de1921 c0de1921        2     1                 app_throw_info
c0de1922 c0de1922       26     2         build/nanox/obj/os_io_seproxyhal.o:(.text.mcu_usb_prints)
c0de1922 c0de1922        0     1                 $t.49
c0de1923 c0de1923       26     1                 mcu_usb_prints
c0de1948 c0de1948      388     4         build/nanox/obj/os_printf.o:(.text.mcu_usb_printf)
c0de1948 c0de1948        0     1                 $t.0
c0de1949 c0de1949      388     1                 mcu_usb_printf
c0de1949 c0de1949      388     1                 screen_printf
c0de1cb4 c0de1cb4        0     1                 $d.1
c0de1cd0 c0de1cd0        e     2         build/nanox/obj/svc_call.o:(.text)
c0de1cd0 c0de1cd0        0     1                 $t
c0de1cd1 c0de1cd1        0     1                 SVC_Call
c0de1cd8 c0de1cd8        0     1                 exception
c0de1cde c0de1cde       16     2         build/nanox/obj/syscalls.o:(.text.get_api_level)
c0de1cde c0de1cde        0     1                 $t.0
c0de1cdf c0de1cdf       16     1                 get_api_level
c0de1cf4 c0de1cf4       1c     4         build/nanox/obj/syscalls.o:(.text.os_lib_call)
c0de1cf4 c0de1cf4        0     1                 $t.222
c0de1cf5 c0de1cf5       1c     1                 os_lib_call
c0de1d0c c0de1d0c        0     1                 $d.223
c0de1d10 c0de1d10       10     2         build/nanox/obj/syscalls.o:(.text.os_lib_end)
c0de1d10 c0de1d10        0     1                 $t.224
c0de1d11 c0de1d11       10     1                 os_lib_end
c0de1d20 c0de1d20       18     4         build/nanox/obj/syscalls.o:(.text.os_sched_exit)
c0de1d20 c0de1d20        0     1                 $t.252
c0de1d21 c0de1d21       18     1                 os_sched_exit
c0de1d34 c0de1d34        0     1                 $d.253
c0de1d38 c0de1d38       18     4         build/nanox/obj/syscalls.o:(.text.io_seph_send)
c0de1d38 c0de1d38        0     1                 $t.260
c0de1d39 c0de1d39       18     1                 io_seph_send
c0de1d4c c0de1d4c        0     1                 $d.261
c0de1d50 c0de1d50       14     2         build/nanox/obj/syscalls.o:(.text.try_context_get)
c0de1d50 c0de1d50        0     1                 $t.269
c0de1d51 c0de1d51       14     1                 try_context_get
c0de1d64 c0de1d64       1c     4         build/nanox/obj/syscalls.o:(.text.try_context_set)
c0de1d64 c0de1d64        0     1                 $t.270
c0de1d65 c0de1d65       1c     1                 try_context_set
c0de1d7c c0de1d7c        0     1                 $d.271
c0de1d80 c0de1d80      114     4         /opt/nanox-secure-sdk/arch/st33/lib/libgcc.a(_udivsi3.o):(.text)
c0de1d80 c0de1d80        0     1                 $t
c0de1d80 c0de1d80        0     1                 .udivsi3_skip_div0_test
c0de1d81 c0de1d81      10a     1                 __udivsi3
c0de1d81 c0de1d81        0     1                 __aeabi_uidiv
c0de1e8d c0de1e8d        8     1                 __aeabi_uidivmod
c0de1e94 c0de1e94        4     4         /opt/nanox-secure-sdk/arch/st33/lib/libgcc.a(_dvmd_tls.o):(.text)
c0de1e94 c0de1e94        0     1                 $t
c0de1e95 c0de1e95        2     1                 __aeabi_idiv0
c0de1e95 c0de1e95        2     1                 __aeabi_ldiv0
c0de1e98 c0de1e98       40     4         /opt/nanox-secure-sdk/arch/st33/lib/libgcc.a(_aeabi_uldivmod.o):(.text)
c0de1e98 c0de1e98        0     1                 $t
c0de1e99 c0de1e99       3e     1                 __aeabi_uldivmod
c0de1ebc c0de1ebc        0     1                 $d
c0de1ec0 c0de1ec0        0     1                 $t
c0de1ed8 c0de1ed8       54     4         /opt/nanox-secure-sdk/arch/st33/lib/libgcc.a(_muldi3.o):(.text)
c0de1ed8 c0de1ed8        0     1                 $t
c0de1ed9 c0de1ed9       54     1                 __muldi3
c0de1ed9 c0de1ed9       54     1                 __aeabi_lmul
c0de1f2c c0de1f2c      1a4     4         /opt/nanox-secure-sdk/arch/st33/lib/libgcc.a(_udivmoddi4.o):(.text)
c0de1f2c c0de1f2c        0     1                 $t
c0de1f2d c0de1f2d      1a2     1                 __udivmoddi4
c0de20d0 c0de20d0       18     4         /opt/nanox-secure-sdk/arch/st33/lib/libgcc.a(_clzdi2.o):(.text)
c0de20d0 c0de20d0        0     1                 $t
c0de20d1 c0de20d1       16     1                 __clzdi2
c0de20e8 c0de20e8       3c     4         /opt/nanox-secure-sdk/arch/st33/lib/libgcc.a(_clzsi2.o):(.text)
c0de20e8 c0de20e8        0     1                 $t
c0de20e9 c0de20e9       3c     1                 __clzsi2
c0de2114 c0de2114        0     1                 $d
c0de2124 c0de2124        c     4         /opt/nanox-secure-sdk/arch/st33/lib/libc.a(lib_a-aeabi_memclr.o):(.text.__aeabi_memclr)
c0de2124 c0de2124        0     1                 $t
c0de2125 c0de2125        a     1                 __aeabi_memclr
c0de2125 c0de2125        a     1                 __aeabi_memclr8
c0de2125 c0de2125        a     1                 __aeabi_memclr4
c0de2130 c0de2130        8     4         /opt/nanox-secure-sdk/arch/st33/lib/libc.a(lib_a-aeabi_memcpy.o):(.text.__aeabi_memcpy)
c0de2130 c0de2130        0     1                 $t
c0de2131 c0de2131        8     1                 __aeabi_memcpy
c0de2131 c0de2131        8     1                 __aeabi_memcpy8
c0de2131 c0de2131        8     1                 __aeabi_memcpy4
c0de2138 c0de2138        8     4         /opt/nanox-secure-sdk/arch/st33/lib/libc.a(lib_a-aeabi_memmove.o):(.text.__aeabi_memmove)
c0de2138 c0de2138        0     1                 $t
c0de2139 c0de2139        8     1                 __aeabi_memmove
c0de2139 c0de2139        8     1                 __aeabi_memmove8
c0de2139 c0de2139        8     1                 __aeabi_memmove4
c0de2140 c0de2140       10     4         /opt/nanox-secure-sdk/arch/st33/lib/libc.a(lib_a-aeabi_memset.o):(.text.__aeabi_memset)
c0de2140 c0de2140        0     1                 $t
c0de2141 c0de2141        e     1                 __aeabi_memset
c0de2141 c0de2141        e     1                 __aeabi_memset8
c0de2141 c0de2141        e     1                 __aeabi_memset4
c0de2150 c0de2150       50     4         /opt/nanox-secure-sdk/arch/st33/lib/libc.a(lib_a-memcmp.o):(.text.memcmp)
c0de2150 c0de2150        0     1                 $t
c0de2151 c0de2151       50     1                 memcmp
c0de21a0 c0de21a0       a8     4         /opt/nanox-secure-sdk/arch/st33/lib/libc.a(lib_a-memcpy-stub.o):(.text.memcpy)
c0de21a0 c0de21a0        0     1                 $t
c0de21a1 c0de21a1       a6     1                 memcpy
c0de2248 c0de2248       bc     4         /opt/nanox-secure-sdk/arch/st33/lib/libc.a(lib_a-memmove.o):(.text.memmove)
c0de2248 c0de2248        0     1                 $t
c0de2249 c0de2249       ba     1                 memmove
c0de2304 c0de2304       a8     4         /opt/nanox-secure-sdk/arch/st33/lib/libc.a(lib_a-memset.o):(.text.memset)
c0de2304 c0de2304        0     1                 $t
c0de2305 c0de2305       a8     1                 memset
c0de23ac c0de23ac       34     2         /opt/nanox-secure-sdk/arch/st33/lib/libc.a(lib_a-setjmp.o):(.text)
c0de23ac c0de23ac        0     1                 $t
c0de23ad c0de23ad        0     1                 setjmp
c0de23c5 c0de23c5        0     1                 longjmp
c0de23e0 c0de23e0       68     4         /opt/nanox-secure-sdk/arch/st33/lib/libc.a(lib_a-strlcat.o):(.text.strlcat)
c0de23e0 c0de23e0        0     1                 $t
c0de23e1 c0de23e1       66     1                 strlcat
c0de2448 c0de2448       4c     4         /opt/nanox-secure-sdk/arch/st33/lib/libc.a(lib_a-strlcpy.o):(.text.strlcpy)
c0de2448 c0de2448        0     1                 $t
c0de2449 c0de2449       4c     1                 strlcpy
c0de2494 c0de2494       68     4         /opt/nanox-secure-sdk/arch/st33/lib/libc.a(lib_a-strlen-stub.o):(.text.strlen)
c0de2494 c0de2494        0     1                 $t
c0de2495 c0de2495       68     1                 strlen
c0de24f4 c0de24f4        0     1                 $d
c0de24fc c0de24fc       2c     4         /opt/nanox-secure-sdk/arch/st33/lib/libc.a(lib_a-strnlen.o):(.text.strnlen)
c0de24fc c0de24fc        0     1                 $t
c0de24fd c0de24fd       2a     1                 strnlen
c0de2528 c0de2528        0     1         _ecode = .
c0de2528 c0de2528      317     1         <internal>:(.text)
c0de2840 c0de2840       44     4         build/nanox/obj/main.o:(.rodata.ORIGIN_DEFI_SELECTORS)
c0de2840 c0de2840       44     1                 ORIGIN_DEFI_SELECTORS
c0de2884 c0de2884       14     1         build/nanox/obj/main.o:(.rodata.OETH_ADDRESS)
c0de2884 c0de2884       14     1                 OETH_ADDRESS
c0de2898 c0de2898       14     1         build/nanox/obj/main.o:(.rodata.OUSD_ADDRESS)
c0de2898 c0de2898       14     1                 OUSD_ADDRESS
c0de28ac c0de28ac       14     1         build/nanox/obj/main.o:(.rodata.DAI_ADDRESS)
c0de28ac c0de28ac       14     1                 DAI_ADDRESS
c0de28c0 c0de28c0       14     1         build/nanox/obj/main.o:(.rodata.USDC_ADDRESS)
c0de28c0 c0de28c0       14     1                 USDC_ADDRESS
c0de28d4 c0de28d4       14     1         build/nanox/obj/main.o:(.rodata.USDT_ADDRESS)
c0de28d4 c0de28d4       14     1                 USDT_ADDRESS
c0de28e8 c0de28e8       14     1         build/nanox/obj/main.o:(.rodata.OETH_VAULT_ADDRESS)
c0de28e8 c0de28e8       14     1                 OETH_VAULT_ADDRESS
c0de28fc c0de28fc       14     1         build/nanox/obj/main.o:(.rodata.WOETH_ADDRESS)
c0de28fc c0de28fc       14     1                 WOETH_ADDRESS
c0de2910 c0de2910       14     1         build/nanox/obj/main.o:(.rodata.CURVE_OETH_POOL_ADDRESS)
c0de2910 c0de2910       14     1                 CURVE_OETH_POOL_ADDRESS
c0de2924 c0de2924       14     1         build/nanox/obj/main.o:(.rodata.CURVE_OUSD_POOL_ADDRESS)
c0de2924 c0de2924       14     1                 CURVE_OUSD_POOL_ADDRESS
c0de2938 c0de2938       20     1         <internal>:(.text)
c0de2958 c0de2958       14     1         build/nanox/obj/main.o:(.rodata.NULL_ETH_ADDRESS)
c0de2958 c0de2958       14     1                 NULL_ETH_ADDRESS
c0de296c c0de296c        0     1         . = ALIGN ( 4 )
c0de296c c0de296c        0     1         _etext = .
c0de296c c0de296c       94     1         . = ALIGN ( PAGE_SIZE )
c0de2a00 c0de2a00        0     1         _nvram_data = .
c0de2a00 c0de2a00        0     1         . = ALIGN ( PAGE_SIZE )
c0de2a00 c0de2a00        0     1         _envram_data = .
c0de2a00 c0de2a00        0     1         _install_parameters = .
c0de2a00 c0de2a00        0     1         _nvram_end = .
d0000000 d0000000        0     1 .data
d0000000 d0000000        0     1         . = ALIGN ( 4 )
d0000000 d0000000        0     1         _data = .
d0000000 d0000000        0     1         _edata = .
d0000000 d0000000        0     1 
da7a0000 da7a0000      5e4     1 .bss
da7a0000 da7a0000        0     1         _bss = .
da7a0000 da7a0000        0     1         __stack_chk_guard = .
da7a0000 da7a0000        4     1         . += 4
da7a0004 da7a0004        0     1         _ebss = .
da7a0004 da7a0004        0     1         . = ALIGN ( 4 )
da7a0004 da7a0004        0     1         app_stack_canary = .
da7a0004 da7a0004        4     1         . += 4
da7a0008 da7a0008        0     1         _stack_validation = .
da7a0008 da7a0008      5dc     1         . = _stack_validation + STACK_SIZE
da7a05e4 da7a05e4        0     1         _stack = ABSOLUTE ( END_STACK ) - STACK_SIZE
da7a05e4 da7a05e4        0     1         _estack = ABSOLUTE ( END_STACK )
       0        0       30     1 .comment
       0        0       30     1         <internal>:(.comment)
       0        0      4b8     8 .debug_aranges
       0        0      458     8         build/nanox/obj/cx_stubs.o:(.debug_aranges)
     458      458       20     8         build/nanox/obj/stack_protector_init.o:(.debug_aranges)
     478      478       20     8         build/nanox/obj/svc_call.o:(.debug_aranges)
     498      498       20     8         build/nanox/obj/svc_cx_call.o:(.debug_aranges)
       0        0    11b69     1 .debug_info
       0        0      8d9     1         build/nanox/obj/bagl.o:(.debug_info)
     8d9      8d9      699     1         build/nanox/obj/bagl_animate.o:(.debug_info)
     f72      f72      25a     1         build/nanox/obj/bagl_fonts.o:(.debug_info)
    11cc     11cc       22     1         build/nanox/obj/cx_stubs.o:(.debug_info)
    11ee     11ee      32c     1         build/nanox/obj/cx_wrappers.o:(.debug_info)
    151a     151a      b8d     1         build/nanox/obj/eth_internals.o:(.debug_info)
    20a7     20a7      3be     1         build/nanox/obj/glyphs.o:(.debug_info)
    2465     2465      74f     1         build/nanox/obj/handle_finalize.o:(.debug_info)
    2bb4     2bb4      7b4     1         build/nanox/obj/handle_init_contract.o:(.debug_info)
    3368     3368      a19     1         build/nanox/obj/handle_provide_parameter.o:(.debug_info)
    3d81     3d81      78b     1         build/nanox/obj/handle_provide_token.o:(.debug_info)
    450c     450c      689     1         build/nanox/obj/handle_query_contract_id.o:(.debug_info)
    4b95     4b95      8d6     1         build/nanox/obj/handle_query_contract_ui.o:(.debug_info)
    546b     546b      2f3     1         build/nanox/obj/ledger_protocol.o:(.debug_info)
    575e     575e      832     1         build/nanox/obj/main.o:(.debug_info)
    5f90     5f90      763     1         build/nanox/obj/os.o:(.debug_info)
    66f3     66f3      d9c     1         build/nanox/obj/os_io_seproxyhal.o:(.debug_info)
    748f     748f       38     1         build/nanox/obj/os_io_task.o:(.debug_info)
    74c7     74c7      3ca     1         build/nanox/obj/os_io_usb.o:(.debug_info)
    7891     7891      21d     1         build/nanox/obj/os_printf.o:(.debug_info)
    7aae     7aae       8c     1         build/nanox/obj/pic.o:(.debug_info)
    7b3a     7b3a      2ed     1         build/nanox/obj/printf.o:(.debug_info)
    7e27     7e27       26     1         build/nanox/obj/stack_protector_init.o:(.debug_info)
    7e4d     7e4d       26     1         build/nanox/obj/svc_call.o:(.debug_info)
    7e73     7e73       26     1         build/nanox/obj/svc_cx_call.o:(.debug_info)
    7e99     7e99     33f7     1         build/nanox/obj/syscalls.o:(.debug_info)
    b290     b290      95f     1         build/nanox/obj/usbd_conf.o:(.debug_info)
    bbef     bbef      ad4     1         build/nanox/obj/usbd_core.o:(.debug_info)
    c6c3     c6c3      99d     1         build/nanox/obj/usbd_ctlreq.o:(.debug_info)
    d060     d060      67a     1         build/nanox/obj/usbd_hid.o:(.debug_info)
    d6da     d6da      a75     1         build/nanox/obj/usbd_impl.o:(.debug_info)
    e14f     e14f      714     1         build/nanox/obj/usbd_ioreq.o:(.debug_info)
    e863     e863      3a0     1         build/nanox/obj/ux_flow_engine.o:(.debug_info)
    ec03     ec03      1e6     1         build/nanox/obj/ux_layout_bb.o:(.debug_info)
    ede9     ede9      249     1         build/nanox/obj/ux_layout_bn.o:(.debug_info)
    f032     f032      1c5     1         build/nanox/obj/ux_layout_bnn.o:(.debug_info)
    f1f7     f1f7      1c5     1         build/nanox/obj/ux_layout_bnnn.o:(.debug_info)
    f3bc     f3bc      249     1         build/nanox/obj/ux_layout_nn.o:(.debug_info)
    f605     f605      23a     1         build/nanox/obj/ux_layout_nnbnn.o:(.debug_info)
    f83f     f83f      1c5     1         build/nanox/obj/ux_layout_nnn.o:(.debug_info)
    fa04     fa04      1c5     1         build/nanox/obj/ux_layout_nnnn.o:(.debug_info)
    fbc9     fbc9      70c     1         build/nanox/obj/ux_layout_paging.o:(.debug_info)
   102d5    102d5      251     1         build/nanox/obj/ux_layout_paging_compute.o:(.debug_info)
   10526    10526      2a8     1         build/nanox/obj/ux_layout_pb.o:(.debug_info)
   107ce    107ce      2d5     1         build/nanox/obj/ux_layout_pbb.o:(.debug_info)
   10aa3    10aa3      249     1         build/nanox/obj/ux_layout_pbn.o:(.debug_info)
   10cec    10cec      1c5     1         build/nanox/obj/ux_layout_pn.o:(.debug_info)
   10eb1    10eb1      249     1         build/nanox/obj/ux_layout_pnn.o:(.debug_info)
   110fa    110fa      251     1         build/nanox/obj/ux_layout_utils.o:(.debug_info)
   1134b    1134b      1b6     1         build/nanox/obj/ux_legacy.o:(.debug_info)
   11501    11501      204     1         build/nanox/obj/ux_menulist.o:(.debug_info)
   11705    11705      464     1         build/nanox/obj/ux_stack.o:(.debug_info)
       0        0     379b     1 .debug_abbrev
       0        0      1c0     1         build/nanox/obj/bagl.o:(.debug_abbrev)
     1c0      1c0      146     1         build/nanox/obj/bagl_animate.o:(.debug_abbrev)
     306      306       ab     1         build/nanox/obj/bagl_fonts.o:(.debug_abbrev)
     3b1      3b1       12     1         build/nanox/obj/cx_stubs.o:(.debug_abbrev)
     3c3      3c3       ea     1         build/nanox/obj/cx_wrappers.o:(.debug_abbrev)
     4ad      4ad      1ba     1         build/nanox/obj/eth_internals.o:(.debug_abbrev)
     667      667       7e     1         build/nanox/obj/glyphs.o:(.debug_abbrev)
     6e5      6e5      136     1         build/nanox/obj/handle_finalize.o:(.debug_abbrev)
     81b      81b      143     1         build/nanox/obj/handle_init_contract.o:(.debug_abbrev)
     95e      95e      180     1         build/nanox/obj/handle_provide_parameter.o:(.debug_abbrev)
     ade      ade      141     1         build/nanox/obj/handle_provide_token.o:(.debug_abbrev)
     c1f      c1f      106     1         build/nanox/obj/handle_query_contract_id.o:(.debug_abbrev)
     d25      d25      16a     1         build/nanox/obj/handle_query_contract_ui.o:(.debug_abbrev)
     e8f      e8f      116     1         build/nanox/obj/ledger_protocol.o:(.debug_abbrev)
     fa5      fa5      196     1         build/nanox/obj/main.o:(.debug_abbrev)
    113b     113b      1f0     1         build/nanox/obj/os.o:(.debug_abbrev)
    132b     132b      249     1         build/nanox/obj/os_io_seproxyhal.o:(.debug_abbrev)
    1574     1574       2c     1         build/nanox/obj/os_io_task.o:(.debug_abbrev)
    15a0     15a0      1b0     1         build/nanox/obj/os_io_usb.o:(.debug_abbrev)
    1750     1750      10f     1         build/nanox/obj/os_printf.o:(.debug_abbrev)
    185f     185f       7d     1         build/nanox/obj/pic.o:(.debug_abbrev)
    18dc     18dc      12e     1         build/nanox/obj/printf.o:(.debug_abbrev)
    1a0a     1a0a       14     1         build/nanox/obj/stack_protector_init.o:(.debug_abbrev)
    1a1e     1a1e       14     1         build/nanox/obj/svc_call.o:(.debug_abbrev)
    1a32     1a32       14     1         build/nanox/obj/svc_cx_call.o:(.debug_abbrev)
    1a46     1a46      198     1         build/nanox/obj/syscalls.o:(.debug_abbrev)
    1bde     1bde      157     1         build/nanox/obj/usbd_conf.o:(.debug_abbrev)
    1d35     1d35      18b     1         build/nanox/obj/usbd_core.o:(.debug_abbrev)
    1ec0     1ec0      183     1         build/nanox/obj/usbd_ctlreq.o:(.debug_abbrev)
    2043     2043      10e     1         build/nanox/obj/usbd_hid.o:(.debug_abbrev)
    2151     2151      1a7     1         build/nanox/obj/usbd_impl.o:(.debug_abbrev)
    22f8     22f8       f0     1         build/nanox/obj/usbd_ioreq.o:(.debug_abbrev)
    23e8     23e8      180     1         build/nanox/obj/ux_flow_engine.o:(.debug_abbrev)
    2568     2568       cc     1         build/nanox/obj/ux_layout_bb.o:(.debug_abbrev)
    2634     2634       d6     1         build/nanox/obj/ux_layout_bn.o:(.debug_abbrev)
    270a     270a       cc     1         build/nanox/obj/ux_layout_bnn.o:(.debug_abbrev)
    27d6     27d6       cc     1         build/nanox/obj/ux_layout_bnnn.o:(.debug_abbrev)
    28a2     28a2       d6     1         build/nanox/obj/ux_layout_nn.o:(.debug_abbrev)
    2978     2978       fa     1         build/nanox/obj/ux_layout_nnbnn.o:(.debug_abbrev)
    2a72     2a72       cc     1         build/nanox/obj/ux_layout_nnn.o:(.debug_abbrev)
    2b3e     2b3e       cc     1         build/nanox/obj/ux_layout_nnnn.o:(.debug_abbrev)
    2c0a     2c0a      1fb     1         build/nanox/obj/ux_layout_paging.o:(.debug_abbrev)
    2e05     2e05       f0     1         build/nanox/obj/ux_layout_paging_compute.o:(.debug_abbrev)
    2ef5     2ef5       fa     1         build/nanox/obj/ux_layout_pb.o:(.debug_abbrev)
    2fef     2fef       fa     1         build/nanox/obj/ux_layout_pbb.o:(.debug_abbrev)
    30e9     30e9       d6     1         build/nanox/obj/ux_layout_pbn.o:(.debug_abbrev)
    31bf     31bf       cc     1         build/nanox/obj/ux_layout_pn.o:(.debug_abbrev)
    328b     328b       d6     1         build/nanox/obj/ux_layout_pnn.o:(.debug_abbrev)
    3361     3361      101     1         build/nanox/obj/ux_layout_utils.o:(.debug_abbrev)
    3462     3462       a2     1         build/nanox/obj/ux_legacy.o:(.debug_abbrev)
    3504     3504      100     1         build/nanox/obj/ux_menulist.o:(.debug_abbrev)
    3604     3604      197     1         build/nanox/obj/ux_stack.o:(.debug_abbrev)
       0        0     c2b5     1 .debug_line
       0        0      b43     1         build/nanox/obj/bagl.o:(.debug_line)
     b43      b43      5d2     1         build/nanox/obj/bagl_animate.o:(.debug_line)
    1115     1115      15d     1         build/nanox/obj/bagl_fonts.o:(.debug_line)
    1272     1272      922     1         build/nanox/obj/cx_stubs.o:(.debug_line)
    1b94     1b94      1d4     1         build/nanox/obj/cx_wrappers.o:(.debug_line)
    1d68     1d68      7df     1         build/nanox/obj/eth_internals.o:(.debug_line)
    2547     2547       6f     1         build/nanox/obj/glyphs.o:(.debug_line)
    25b6     25b6      2f2     1         build/nanox/obj/handle_finalize.o:(.debug_line)
    28a8     28a8      30f     1         build/nanox/obj/handle_init_contract.o:(.debug_line)
    2bb7     2bb7      99e     1         build/nanox/obj/handle_provide_parameter.o:(.debug_line)
    3555     3555      377     1         build/nanox/obj/handle_provide_token.o:(.debug_line)
    38cc     38cc      23b     1         build/nanox/obj/handle_query_contract_id.o:(.debug_line)
    3b07     3b07      713     1         build/nanox/obj/handle_query_contract_ui.o:(.debug_line)
    421a     421a      445     1         build/nanox/obj/ledger_protocol.o:(.debug_line)
    465f     465f      331     1         build/nanox/obj/main.o:(.debug_line)
    4990     4990      640     1         build/nanox/obj/os.o:(.debug_line)
    4fd0     4fd0      c45     1         build/nanox/obj/os_io_seproxyhal.o:(.debug_line)
    5c15     5c15       71     1         build/nanox/obj/os_io_task.o:(.debug_line)
    5c86     5c86      41e     1         build/nanox/obj/os_io_usb.o:(.debug_line)
    60a4     60a4      3d8     1         build/nanox/obj/os_printf.o:(.debug_line)
    647c     647c       84     1         build/nanox/obj/pic.o:(.debug_line)
    6500     6500      43c     1         build/nanox/obj/printf.o:(.debug_line)
    693c     693c       60     1         build/nanox/obj/stack_protector_init.o:(.debug_line)
    699c     699c       57     1         build/nanox/obj/svc_call.o:(.debug_line)
    69f3     69f3       56     1         build/nanox/obj/svc_cx_call.o:(.debug_line)
    6a49     6a49     1b32     1         build/nanox/obj/syscalls.o:(.debug_line)
    857b     857b      32d     1         build/nanox/obj/usbd_conf.o:(.debug_line)
    88a8     88a8      6d6     1         build/nanox/obj/usbd_core.o:(.debug_line)
    8f7e     8f7e      780     1         build/nanox/obj/usbd_ctlreq.o:(.debug_line)
    96fe     96fe      25e     1         build/nanox/obj/usbd_hid.o:(.debug_line)
    995c     995c      3d2     1         build/nanox/obj/usbd_impl.o:(.debug_line)
    9d2e     9d2e      231     1         build/nanox/obj/usbd_ioreq.o:(.debug_line)
    9f5f     9f5f      6bb     1         build/nanox/obj/ux_flow_engine.o:(.debug_line)
    a61a     a61a      10d     1         build/nanox/obj/ux_layout_bb.o:(.debug_line)
    a727     a727      107     1         build/nanox/obj/ux_layout_bn.o:(.debug_line)
    a82e     a82e       e4     1         build/nanox/obj/ux_layout_bnn.o:(.debug_line)
    a912     a912       e5     1         build/nanox/obj/ux_layout_bnnn.o:(.debug_line)
    a9f7     a9f7      107     1         build/nanox/obj/ux_layout_nn.o:(.debug_line)
    aafe     aafe      152     1         build/nanox/obj/ux_layout_nnbnn.o:(.debug_line)
    ac50     ac50       e4     1         build/nanox/obj/ux_layout_nnn.o:(.debug_line)
    ad34     ad34       e5     1         build/nanox/obj/ux_layout_nnnn.o:(.debug_line)
    ae19     ae19      4f5     1         build/nanox/obj/ux_layout_paging.o:(.debug_line)
    b30e     b30e      22a     1         build/nanox/obj/ux_layout_paging_compute.o:(.debug_line)
    b538     b538      15f     1         build/nanox/obj/ux_layout_pb.o:(.debug_line)
    b697     b697      181     1         build/nanox/obj/ux_layout_pbb.o:(.debug_line)
    b818     b818      108     1         build/nanox/obj/ux_layout_pbn.o:(.debug_line)
    b920     b920       df     1         build/nanox/obj/ux_layout_pn.o:(.debug_line)
    b9ff     b9ff      108     1         build/nanox/obj/ux_layout_pnn.o:(.debug_line)
    bb07     bb07      169     1         build/nanox/obj/ux_layout_utils.o:(.debug_line)
    bc70     bc70       ca     1         build/nanox/obj/ux_legacy.o:(.debug_line)
    bd3a     bd3a      194     1         build/nanox/obj/ux_menulist.o:(.debug_line)
    bece     bece      3e7     1         build/nanox/obj/ux_stack.o:(.debug_line)
       0        0     406c     4 .debug_frame
       0        0      11c     4         build/nanox/obj/bagl.o:(.debug_frame)
     11c      11c      1b4     4         build/nanox/obj/bagl_animate.o:(.debug_frame)
     2d0      2d0       38     4         build/nanox/obj/cx_wrappers.o:(.debug_frame)
     308      308      1d4     4         build/nanox/obj/eth_internals.o:(.debug_frame)
     4dc      4dc       70     4         build/nanox/obj/handle_finalize.o:(.debug_frame)
     54c      54c       60     4         build/nanox/obj/handle_init_contract.o:(.debug_frame)
     5ac      5ac      1fc     4         build/nanox/obj/handle_provide_parameter.o:(.debug_frame)
     7a8      7a8       88     4         build/nanox/obj/handle_provide_token.o:(.debug_frame)
     830      830       30     4         build/nanox/obj/handle_query_contract_id.o:(.debug_frame)
     860      860       c8     4         build/nanox/obj/handle_query_contract_ui.o:(.debug_frame)
     928      928       a4     4         build/nanox/obj/ledger_protocol.o:(.debug_frame)
     9cc      9cc       90     4         build/nanox/obj/main.o:(.debug_frame)
     a5c      a5c      1f4     4         build/nanox/obj/os.o:(.debug_frame)
     c50      c50      2f0     4         build/nanox/obj/os_io_seproxyhal.o:(.debug_frame)
     f40      f40       2c     4         build/nanox/obj/os_io_task.o:(.debug_frame)
     f6c      f6c       d8     4         build/nanox/obj/os_io_usb.o:(.debug_frame)
    1044     1044       38     4         build/nanox/obj/os_printf.o:(.debug_frame)
    107c     107c       3c     4         build/nanox/obj/pic.o:(.debug_frame)
    10b8     10b8       84     4         build/nanox/obj/printf.o:(.debug_frame)
    113c     113c     11a0     4         build/nanox/obj/syscalls.o:(.debug_frame)
    22dc     22dc      170     4         build/nanox/obj/usbd_conf.o:(.debug_frame)
    244c     244c      200     4         build/nanox/obj/usbd_core.o:(.debug_frame)
    264c     264c      1a8     4         build/nanox/obj/usbd_ctlreq.o:(.debug_frame)
    27f4     27f4       64     4         build/nanox/obj/usbd_hid.o:(.debug_frame)
    2858     2858      124     4         build/nanox/obj/usbd_impl.o:(.debug_frame)
    297c     297c       ac     4         build/nanox/obj/usbd_ioreq.o:(.debug_frame)
    2a28     2a28      1e0     4         build/nanox/obj/ux_flow_engine.o:(.debug_frame)
    2c08     2c08       44     4         build/nanox/obj/ux_layout_bb.o:(.debug_frame)
    2c4c     2c4c       44     4         build/nanox/obj/ux_layout_bn.o:(.debug_frame)
    2c90     2c90       2c     4         build/nanox/obj/ux_layout_bnn.o:(.debug_frame)
    2cbc     2cbc       2c     4         build/nanox/obj/ux_layout_bnnn.o:(.debug_frame)
    2ce8     2ce8       44     4         build/nanox/obj/ux_layout_nn.o:(.debug_frame)
    2d2c     2d2c       4c     4         build/nanox/obj/ux_layout_nnbnn.o:(.debug_frame)
    2d78     2d78       2c     4         build/nanox/obj/ux_layout_nnn.o:(.debug_frame)
    2da4     2da4       2c     4         build/nanox/obj/ux_layout_nnnn.o:(.debug_frame)
    2dd0     2dd0      1a4     4         build/nanox/obj/ux_layout_paging.o:(.debug_frame)
    2f74     2f74       44     4         build/nanox/obj/ux_layout_paging_compute.o:(.debug_frame)
    2fb8     2fb8       4c     4         build/nanox/obj/ux_layout_pb.o:(.debug_frame)
    3004     3004       64     4         build/nanox/obj/ux_layout_pbb.o:(.debug_frame)
    3068     3068       44     4         build/nanox/obj/ux_layout_pbn.o:(.debug_frame)
    30ac     30ac       2c     4         build/nanox/obj/ux_layout_pn.o:(.debug_frame)
    30d8     30d8       44     4         build/nanox/obj/ux_layout_pnn.o:(.debug_frame)
    311c     311c       5c     4         build/nanox/obj/ux_layout_utils.o:(.debug_frame)
    3178     3178       2c     4         build/nanox/obj/ux_legacy.o:(.debug_frame)
    31a4     31a4       84     4         build/nanox/obj/ux_menulist.o:(.debug_frame)
    3228     3228      128     4         build/nanox/obj/ux_stack.o:(.debug_frame)
    3350     3350       20     4         /opt/nanox-secure-sdk/arch/st33/lib/libgcc.a(_udivsi3.o):(.debug_frame)
    3360     3360        0     1                 $d
    3370     3370       34     4         /opt/nanox-secure-sdk/arch/st33/lib/libgcc.a(_muldi3.o):(.debug_frame)
    33a4     33a4       3c     4         /opt/nanox-secure-sdk/arch/st33/lib/libgcc.a(_udivmoddi4.o):(.debug_frame)
    33e0     33e0       28     4         /opt/nanox-secure-sdk/arch/st33/lib/libc.a(lib_a-aeabi_memclr.o):(.debug_frame)
    3408     3408       28     4         /opt/nanox-secure-sdk/arch/st33/lib/libc.a(lib_a-aeabi_memcpy.o):(.debug_frame)
    3430     3430       28     4         /opt/nanox-secure-sdk/arch/st33/lib/libc.a(lib_a-aeabi_memmove.o):(.debug_frame)
    3458     3458       28     4         /opt/nanox-secure-sdk/arch/st33/lib/libc.a(lib_a-aeabi_memset.o):(.debug_frame)
    3480     3480       28     4         /opt/nanox-secure-sdk/arch/st33/lib/libc.a(lib_a-explicit_bzero.o):(.debug_frame)
    34a8     34a8       28     4         /opt/nanox-secure-sdk/arch/st33/lib/libc.a(lib_a-bzero.o):(.debug_frame)
    34d0     34d0       2c     4         /opt/nanox-secure-sdk/arch/st33/lib/libc.a(lib_a-memcmp.o):(.debug_frame)
    34fc     34fc       34     4         /opt/nanox-secure-sdk/arch/st33/lib/libc.a(lib_a-memcpy-stub.o):(.debug_frame)
    3530     3530       34     4         /opt/nanox-secure-sdk/arch/st33/lib/libc.a(lib_a-memmove.o):(.debug_frame)
    3564     3564       30     4         /opt/nanox-secure-sdk/arch/st33/lib/libc.a(lib_a-memset.o):(.debug_frame)
    3594     3594       50     4         /opt/nanox-secure-sdk/arch/st33/lib/libc.a(lib_a-snprintf.o):(.debug_frame)
    35e4     35e4       2c     4         /opt/nanox-secure-sdk/arch/st33/lib/libc.a(lib_a-strlcat.o):(.debug_frame)
    3610     3610       30     4         /opt/nanox-secure-sdk/arch/st33/lib/libc.a(lib_a-strlcpy.o):(.debug_frame)
    3640     3640       28     4         /opt/nanox-secure-sdk/arch/st33/lib/libc.a(lib_a-strlen-stub.o):(.debug_frame)
    3668     3668       28     4         /opt/nanox-secure-sdk/arch/st33/lib/libc.a(lib_a-strnlen.o):(.debug_frame)
    3690     3690       3c     4         /opt/nanox-secure-sdk/arch/st33/lib/libc.a(lib_a-svfprintf.o):(.debug_frame)
    36cc     36cc       2c     4         /opt/nanox-secure-sdk/arch/st33/lib/libgcc.a(unorddf2.o):(.debug_frame)
    36f8     36f8       38     4         /opt/nanox-secure-sdk/arch/st33/lib/libgcc.a(ledf2.o):(.debug_frame)
    3730     3730       38     4         /opt/nanox-secure-sdk/arch/st33/lib/libgcc.a(eqdf2.o):(.debug_frame)
    3768     3768       38     4         /opt/nanox-secure-sdk/arch/st33/lib/libgcc.a(gedf2.o):(.debug_frame)
    37a0     37a0       3c     4         /opt/nanox-secure-sdk/arch/st33/lib/libgcc.a(muldf3.o):(.debug_frame)
    37dc     37dc       2c     4         /opt/nanox-secure-sdk/arch/st33/lib/libgcc.a(fixdfsi.o):(.debug_frame)
    3808     3808       2c     4         /opt/nanox-secure-sdk/arch/st33/lib/libgcc.a(floatsidf.o):(.debug_frame)
    3834     3834       3c     4         /opt/nanox-secure-sdk/arch/st33/lib/libgcc.a(subdf3.o):(.debug_frame)
    3870     3870       20     4         /opt/nanox-secure-sdk/arch/st33/lib/libgcc.a(_divsi3.o):(.debug_frame)
    3880     3880        0     1                 $d
    3890     3890       40     4         /opt/nanox-secure-sdk/arch/st33/lib/libc.a(lib_a-localeconv.o):(.debug_frame)
    38d0     38d0       54     4         /opt/nanox-secure-sdk/arch/st33/lib/libc.a(lib_a-locale.o):(.debug_frame)
    3924     3924       20     4         /opt/nanox-secure-sdk/arch/st33/lib/libc.a(lib_a-strcmp.o):(.debug_frame)
    3944     3944       40     4         /opt/nanox-secure-sdk/arch/st33/lib/libc.a(lib_a-mbtowc_r.o):(.debug_frame)
    3984     3984       68     4         /opt/nanox-secure-sdk/arch/st33/lib/libc.a(lib_a-svfiprintf.o):(.debug_frame)
    39ec     39ec       3c     4         /opt/nanox-secure-sdk/arch/st33/lib/libc.a(lib_a-mallocr.o):(.debug_frame)
    3a28     3a28       40     4         /opt/nanox-secure-sdk/arch/st33/lib/libc.a(lib_a-mlock.o):(.debug_frame)
    3a68     3a68       b0     4         /opt/nanox-secure-sdk/arch/st33/lib/libc.a(lib_a-lock.o):(.debug_frame)
    3b18     3b18       2c     4         /opt/nanox-secure-sdk/arch/st33/lib/libc.a(lib_a-sbrkr.o):(.debug_frame)
    3b44     3b44       48     4         /opt/nanox-secure-sdk/arch/st33/lib/libc.a(lib_a-reent.o):(.debug_frame)
    3b8c     3b8c       58     4         /opt/nanox-secure-sdk/arch/st33/lib/libc.a(lib_a-freer.o):(.debug_frame)
    3be4     3be4       3c     4         /opt/nanox-secure-sdk/arch/st33/lib/libc.a(lib_a-reallocr.o):(.debug_frame)
    3c20     3c20       2c     4         /opt/nanox-secure-sdk/arch/st33/lib/libc.a(lib_a-memchr-stub.o):(.debug_frame)
    3c4c     3c4c       30     4         /opt/nanox-secure-sdk/arch/st33/lib/libc.a(lib_a-strncpy.o):(.debug_frame)
    3c7c     3c7c       68     4         /opt/nanox-secure-sdk/arch/st33/lib/libc.a(lib_a-dtoa.o):(.debug_frame)
    3ce4     3ce4      258     4         /opt/nanox-secure-sdk/arch/st33/lib/libc.a(lib_a-mprec.o):(.debug_frame)
    3f3c     3f3c       28     4         /opt/nanox-secure-sdk/arch/st33/lib/libc.a(lib_a-callocr.o):(.debug_frame)
    3f64     3f64       3c     4         /opt/nanox-secure-sdk/arch/st33/lib/libgcc.a(divdf3.o):(.debug_frame)
    3fa0     3fa0       2c     4         /opt/nanox-secure-sdk/arch/st33/lib/libgcc.a(floatunsidf.o):(.debug_frame)
    3fcc     3fcc       38     4         /opt/nanox-secure-sdk/arch/st33/lib/libgcc.a(adddf3.o):(.debug_frame)
    4004     4004       2c     4         /opt/nanox-secure-sdk/arch/st33/lib/libm.a(lib_a-s_frexp.o):(.debug_frame)
    4030     4030       3c     4         /opt/nanox-secure-sdk/arch/st33/lib/libc.a(lib_a-wctomb_r.o):(.debug_frame)
       0        0     6869     1 .debug_str
       0        0     6869     1         <internal>:(.debug_str)
       0        0     c88d     1 .debug_loc
       0        0     1340     1         build/nanox/obj/bagl.o:(.debug_loc)
    1340     1340      66b     1         build/nanox/obj/bagl_animate.o:(.debug_loc)
    19ab     19ab      25e     1         build/nanox/obj/cx_wrappers.o:(.debug_loc)
    1c09     1c09      d67     1         build/nanox/obj/eth_internals.o:(.debug_loc)
    2970     2970      108     1         build/nanox/obj/handle_finalize.o:(.debug_loc)
    2a78     2a78      106     1         build/nanox/obj/handle_init_contract.o:(.debug_loc)
    2b7e     2b7e      7c0     1         build/nanox/obj/handle_provide_parameter.o:(.debug_loc)
    333e     333e      106     1         build/nanox/obj/handle_provide_token.o:(.debug_loc)
    3444     3444       3c     1         build/nanox/obj/handle_query_contract_id.o:(.debug_loc)
    3480     3480      216     1         build/nanox/obj/handle_query_contract_ui.o:(.debug_loc)
    3696     3696      214     1         build/nanox/obj/ledger_protocol.o:(.debug_loc)
    38aa     38aa      184     1         build/nanox/obj/main.o:(.debug_loc)
    3a2e     3a2e      bc1     1         build/nanox/obj/os.o:(.debug_loc)
    45ef     45ef      8da     1         build/nanox/obj/os_io_seproxyhal.o:(.debug_loc)
    4ec9     4ec9      325     1         build/nanox/obj/os_io_usb.o:(.debug_loc)
    51ee     51ee      671     1         build/nanox/obj/os_printf.o:(.debug_loc)
    585f     585f       8b     1         build/nanox/obj/pic.o:(.debug_loc)
    58ea     58ea      704     1         build/nanox/obj/printf.o:(.debug_loc)
    5fee     5fee     3a85     1         build/nanox/obj/syscalls.o:(.debug_loc)
    9a73     9a73      429     1         build/nanox/obj/usbd_conf.o:(.debug_loc)
    9e9c     9e9c      6de     1         build/nanox/obj/usbd_core.o:(.debug_loc)
    a57a     a57a      887     1         build/nanox/obj/usbd_ctlreq.o:(.debug_loc)
    ae01     ae01      178     1         build/nanox/obj/usbd_hid.o:(.debug_loc)
    af79     af79      310     1         build/nanox/obj/usbd_impl.o:(.debug_loc)
    b289     b289      235     1         build/nanox/obj/usbd_ioreq.o:(.debug_loc)
    b4be     b4be      37c     1         build/nanox/obj/ux_flow_engine.o:(.debug_loc)
    b83a     b83a       4c     1         build/nanox/obj/ux_layout_bb.o:(.debug_loc)
    b886     b886       6a     1         build/nanox/obj/ux_layout_bn.o:(.debug_loc)
    b8f0     b8f0       1e     1         build/nanox/obj/ux_layout_bnn.o:(.debug_loc)
    b90e     b90e       1e     1         build/nanox/obj/ux_layout_bnnn.o:(.debug_loc)
    b92c     b92c       6a     1         build/nanox/obj/ux_layout_nn.o:(.debug_loc)
    b996     b996       67     1         build/nanox/obj/ux_layout_nnbnn.o:(.debug_loc)
    b9fd     b9fd       1e     1         build/nanox/obj/ux_layout_nnn.o:(.debug_loc)
    ba1b     ba1b       1e     1         build/nanox/obj/ux_layout_nnnn.o:(.debug_loc)
    ba39     ba39      47e     1         build/nanox/obj/ux_layout_paging.o:(.debug_loc)
    beb7     beb7      329     1         build/nanox/obj/ux_layout_paging_compute.o:(.debug_loc)
    c1e0     c1e0       67     1         build/nanox/obj/ux_layout_pb.o:(.debug_loc)
    c247     c247       8d     1         build/nanox/obj/ux_layout_pbb.o:(.debug_loc)
    c2d4     c2d4       6a     1         build/nanox/obj/ux_layout_pbn.o:(.debug_loc)
    c33e     c33e       1e     1         build/nanox/obj/ux_layout_pn.o:(.debug_loc)
    c35c     c35c       6a     1         build/nanox/obj/ux_layout_pnn.o:(.debug_loc)
    c3c6     c3c6       bc     1         build/nanox/obj/ux_layout_utils.o:(.debug_loc)
    c482     c482      1c7     1         build/nanox/obj/ux_menulist.o:(.debug_loc)
    c649     c649      244     1         build/nanox/obj/ux_stack.o:(.debug_loc)
da7a05e4 da7a05e4        0     1 PROVIDE ( _nvram = ABSOLUTE ( _nvram_start ) )
da7a05e4 da7a05e4        0     1 PROVIDE ( _envram = ABSOLUTE ( _nvram_end ) )
       0        0     1610     8 .debug_ranges
       0        0       e0     1         build/nanox/obj/bagl.o:(.debug_ranges)
      e0       e0       88     1         build/nanox/obj/bagl_animate.o:(.debug_ranges)
     168      168      450     8         build/nanox/obj/cx_stubs.o:(.debug_ranges)
     5b8      5b8      148     1         build/nanox/obj/eth_internals.o:(.debug_ranges)
     700      700       28     1         build/nanox/obj/handle_finalize.o:(.debug_ranges)
     728      728       38     1         build/nanox/obj/handle_init_contract.o:(.debug_ranges)
     760      760       98     1         build/nanox/obj/handle_provide_parameter.o:(.debug_ranges)
     7f8      7f8       30     1         build/nanox/obj/handle_provide_token.o:(.debug_ranges)
     828      828       38     1         build/nanox/obj/handle_query_contract_ui.o:(.debug_ranges)
     860      860       38     1         build/nanox/obj/ledger_protocol.o:(.debug_ranges)
     898      898       48     1         build/nanox/obj/main.o:(.debug_ranges)
     8e0      8e0       d0     1         build/nanox/obj/os.o:(.debug_ranges)
     9b0      9b0      148     1         build/nanox/obj/os_io_seproxyhal.o:(.debug_ranges)
     af8      af8       48     1         build/nanox/obj/os_io_usb.o:(.debug_ranges)
     b40      b40       18     1         build/nanox/obj/os_printf.o:(.debug_ranges)
     b58      b58       18     1         build/nanox/obj/pic.o:(.debug_ranges)
     b70      b70       40     1         build/nanox/obj/printf.o:(.debug_ranges)
     bb0      bb0      510     1         build/nanox/obj/syscalls.o:(.debug_ranges)
    10c0     10c0       70     1         build/nanox/obj/usbd_conf.o:(.debug_ranges)
    1130     1130       b0     1         build/nanox/obj/usbd_core.o:(.debug_ranges)
    11e0     11e0       88     1         build/nanox/obj/usbd_ctlreq.o:(.debug_ranges)
    1268     1268       20     1         build/nanox/obj/usbd_hid.o:(.debug_ranges)
    1288     1288       80     1         build/nanox/obj/usbd_impl.o:(.debug_ranges)
    1308     1308       38     1         build/nanox/obj/usbd_ioreq.o:(.debug_ranges)
    1340     1340       98     1         build/nanox/obj/ux_flow_engine.o:(.debug_ranges)
    13d8     13d8       18     1         build/nanox/obj/ux_layout_bb.o:(.debug_ranges)
    13f0     13f0       18     1         build/nanox/obj/ux_layout_bn.o:(.debug_ranges)
    1408     1408       18     1         build/nanox/obj/ux_layout_nn.o:(.debug_ranges)
    1420     1420       18     1         build/nanox/obj/ux_layout_nnbnn.o:(.debug_ranges)
    1438     1438       a0     1         build/nanox/obj/ux_layout_paging.o:(.debug_ranges)
    14d8     14d8       18     1         build/nanox/obj/ux_layout_paging_compute.o:(.debug_ranges)
    14f0     14f0       18     1         build/nanox/obj/ux_layout_pb.o:(.debug_ranges)
    1508     1508       20     1         build/nanox/obj/ux_layout_pbb.o:(.debug_ranges)
    1528     1528       18     1         build/nanox/obj/ux_layout_pbn.o:(.debug_ranges)
    1540     1540       18     1         build/nanox/obj/ux_layout_pnn.o:(.debug_ranges)
    1558     1558       20     1         build/nanox/obj/ux_layout_utils.o:(.debug_ranges)
    1578     1578       28     1         build/nanox/obj/ux_menulist.o:(.debug_ranges)
    15a0     15a0       70     1         build/nanox/obj/ux_stack.o:(.debug_ranges)
       0        0       45     1 .ARM.attributes
       0        0       45     1         build/nanox/obj/bagl.o:(.ARM.attributes)
       0        0     1850     4 .symtab
       0        0     1850     4         <internal>:(.symtab)
       0        0       ab     1 .shstrtab
       0        0       ab     1         <internal>:(.shstrtab)
       0        0      e5f     1 .strtab
       0        0      e5f     1         <internal>:(.strtab)
