     VMA      LMA     Size Align Out     In      Symbol
       0        0        0     1 PAGE_SIZE = 256
       0        0        0     1 STACK_SIZE = 1500
       0        0        0     1 END_STACK = ORIGIN ( SRAM ) + LENGTH ( SRAM )
c0de0000 c0de0000     2500     4 .text
c0de0000 c0de0000        0     1         _text = .
c0de0000 c0de0000        0     1         _nvram_start = .
c0de0000 c0de0000       a0     4         build/nanox/obj/main.o:(.boot)
c0de0000 c0de0000        0     1                 $t.5
c0de0001 c0de0001       a0     1                 main
c0de0098 c0de0098        0     1                 $d.6
c0de00a0 c0de00a0        0     1         _code = .
c0de00a0 c0de00a0        c     4         build/nanox/obj/cx_stubs.o:(.text.cx_hash_get_size)
c0de00a0 c0de00a0        0     1                 $t
c0de00a1 c0de00a1        0     1                 cx_hash_get_size
c0de00a6 c0de00a6        0     1                 $d
c0de00a8 c0de00a8        0     1                 $d
c0de00ac c0de00ac        c     4         build/nanox/obj/cx_stubs.o:(.text.cx_hash_no_throw)
c0de00ac c0de00ac        0     1                 $t
c0de00ad c0de00ad        0     1                 cx_hash_no_throw
c0de00b2 c0de00b2        0     1                 $d
c0de00b4 c0de00b4        0     1                 $d
c0de00b8 c0de00b8        c     4         build/nanox/obj/cx_stubs.o:(.text.cx_keccak_init_no_throw)
c0de00b8 c0de00b8        0     1                 $t
c0de00b9 c0de00b9        0     1                 cx_keccak_init_no_throw
c0de00be c0de00be        0     1                 $d
c0de00c0 c0de00c0        0     1                 $d
c0de00c4 c0de00c4       14     4         build/nanox/obj/cx_stubs.o:(.text.cx_x448)
c0de00c4 c0de00c4        0     1                 $t
c0de00c5 c0de00c5        0     1                 cx_x448
c0de00cb c0de00cb        0     1                 cx_trampoline_helper
c0de00ce c0de00ce        0     1                 $d
c0de00d0 c0de00d0        0     1                 $d
c0de00d8 c0de00d8       dc     4         build/nanox/obj/eth_internals.o:(.text.getEthAddressStringFromBinary)
c0de00d8 c0de00d8        0     1                 $t.0
c0de00d9 c0de00d9       dc     1                 getEthAddressStringFromBinary
c0de01ac c0de01ac        0     1                 $d.1
c0de01b4 c0de01b4       78     4         build/nanox/obj/eth_internals.o:(.text.u64_to_string)
c0de01b4 c0de01b4        0     1                 $t.2
c0de01b5 c0de01b5       78     1                 u64_to_string
c0de0228 c0de0228        0     1                 $d.3
c0de022c c0de022c       14     2         build/nanox/obj/eth_internals.o:(.text.cx_keccak_init)
c0de022c c0de022c        0     1                 $t.4
c0de022d c0de022d       14     1                 cx_keccak_init
c0de0240 c0de0240       28     2         build/nanox/obj/eth_internals.o:(.text.cx_hash)
c0de0240 c0de0240        0     1                 $t.5
c0de0241 c0de0241       28     1                 cx_hash
c0de0268 c0de0268       d6     2         build/nanox/obj/eth_internals.o:(.text.adjustDecimals)
c0de0268 c0de0268        0     1                 $t.9
c0de0269 c0de0269       d6     1                 adjustDecimals
c0de0340 c0de0340       d0     4         build/nanox/obj/eth_internals.o:(.text.uint256_to_decimal)
c0de0340 c0de0340        0     1                 $t.10
c0de0341 c0de0341       d0     1                 uint256_to_decimal
c0de040c c0de040c        0     1                 $d.11
c0de0410 c0de0410       1e     2         build/nanox/obj/eth_internals.o:(.text.allzeroes)
c0de0410 c0de0410        0     1                 $t.12
c0de0411 c0de0411       1e     1                 allzeroes
c0de042e c0de042e       8c     2         build/nanox/obj/eth_internals.o:(.text.amountToString)
c0de042e c0de042e        0     1                 $t.13
c0de042f c0de042f       8c     1                 amountToString
c0de04bc c0de04bc       c0     4         build/nanox/obj/handle_finalize.o:(.text.handle_finalize)
c0de04bc c0de04bc        0     1                 $t.0
c0de04bd c0de04bd       c0     1                 handle_finalize
c0de056c c0de056c        0     1                 $d.1
c0de057c c0de057c       30     4         build/nanox/obj/handle_finalize.o:(.text.printf_hex_array)
c0de057c c0de057c        0     1                 $t.2
c0de057d c0de057d       30     1                 printf_hex_array
c0de05a4 c0de05a4        0     1                 $d.3
c0de05ac c0de05ac       ec     4         build/nanox/obj/handle_init_contract.o:(.text.handle_init_contract)
c0de05ac c0de05ac        0     1                 $t.0
c0de05ad c0de05ad       ec     1                 handle_init_contract
c0de0684 c0de0684        0     1                 $d.1
c0de0698 c0de0698      2e8     4         build/nanox/obj/handle_provide_parameter.o:(.text.handle_provide_parameter)
c0de0698 c0de0698        0     1                 $t.0
c0de0699 c0de0699      2e8     1                 handle_provide_parameter
c0de0960 c0de0960        0     1                 $d.1
c0de0980 c0de0980       34     4         build/nanox/obj/handle_provide_parameter.o:(.text.printf_hex_array)
c0de0980 c0de0980        0     1                 $t.2
c0de0981 c0de0981       34     1                 printf_hex_array
c0de09ac c0de09ac        0     1                 $d.3
c0de09b4 c0de09b4       d4     4         build/nanox/obj/handle_provide_parameter.o:(.text.handle_token_sent)
c0de09b4 c0de09b4        0     1                 $t.4
c0de09b5 c0de09b5       d4     1                 handle_token_sent
c0de0a60 c0de0a60        0     1                 $d.5
c0de0a88 c0de0a88       d4     4         build/nanox/obj/handle_provide_parameter.o:(.text.handle_token_received)
c0de0a88 c0de0a88        0     1                 $t.6
c0de0a89 c0de0a89       d4     1                 handle_token_received
c0de0b34 c0de0b34        0     1                 $d.7
c0de0b5c c0de0b5c       30     4         build/nanox/obj/handle_provide_parameter.o:(.text.handle_beneficiary)
c0de0b5c c0de0b5c        0     1                 $t.8
c0de0b5d c0de0b5d       30     1                 handle_beneficiary
c0de0b88 c0de0b88        0     1                 $d.9
c0de0b8c c0de0b8c      1bc     4         build/nanox/obj/handle_provide_token.o:(.text.handle_provide_token)
c0de0b8c c0de0b8c        0     1                 $t.0
c0de0b8d c0de0b8d      1bc     1                 handle_provide_token
c0de0d08 c0de0d08        0     1                 $d.1
c0de0d48 c0de0d48       80     4         build/nanox/obj/handle_query_contract_id.o:(.text.handle_query_contract_id)
c0de0d48 c0de0d48        0     1                 $t.0
c0de0d49 c0de0d49       80     1                 handle_query_contract_id
c0de0dac c0de0dac        0     1                 $d.1
c0de0dc8 c0de0dc8      66c     4         build/nanox/obj/handle_query_contract_ui.o:(.text.handle_query_contract_ui)
c0de0dc8 c0de0dc8        0     1                 $t.0
c0de0dc9 c0de0dc9      66c     1                 handle_query_contract_ui
c0de12bc c0de12bc        0     1                 $d.1
c0de12f8 c0de12f8        0     1                 $t.2
c0de1384 c0de1384        0     1                 $d.3
c0de1434 c0de1434       74     4         build/nanox/obj/main.o:(.text.dispatch_plugin_calls)
c0de1434 c0de1434        0     1                 $t.0
c0de1435 c0de1435       74     1                 dispatch_plugin_calls
c0de14a4 c0de14a4        0     1                 $d.1
c0de14a8 c0de14a8       1c     4         build/nanox/obj/main.o:(.text.call_app_ethereum)
c0de14a8 c0de14a8        0     1                 $t.3
c0de14a9 c0de14a9       1c     1                 call_app_ethereum
c0de14c0 c0de14c0        0     1                 $d.4
c0de14c4 c0de14c4        a     2         build/nanox/obj/os.o:(.text.os_boot)
c0de14c4 c0de14c4        0     1                 $t.0
c0de14c5 c0de14c5        a     1                 os_boot
c0de14d0 c0de14d0       1c     4         build/nanox/obj/os.o:(.text.os_longjmp)
c0de14d0 c0de14d0        0     1                 $t.3
c0de14d1 c0de14d1       1c     1                 os_longjmp
c0de14e8 c0de14e8        0     1                 $d.4
c0de14ec c0de14ec       22     2         build/nanox/obj/os_io_seproxyhal.o:(.text.mcu_usb_prints)
c0de14ec c0de14ec        0     1                 $t.54
c0de14ed c0de14ed       22     1                 mcu_usb_prints
c0de1510 c0de1510      300     4         build/nanox/obj/os_printf.o:(.text.mcu_usb_printf)
c0de1510 c0de1510        0     1                 $t.0
c0de1511 c0de1511      300     1                 mcu_usb_printf
c0de1511 c0de1511      300     1                 screen_printf
c0de17f4 c0de17f4        0     1                 $d.1
c0de1810 c0de1810        e     2         build/nanox/obj/svc_call.o:(.text)
c0de1810 c0de1810        0     1                 $t
c0de1811 c0de1811        0     1                 SVC_Call
c0de1818 c0de1818        0     1                 exception
c0de181e c0de181e       12     2         build/nanox/obj/syscalls.o:(.text.get_api_level)
c0de181e c0de181e        0     1                 $t.0
c0de181f c0de181f       12     1                 get_api_level
c0de1830 c0de1830       18     4         build/nanox/obj/syscalls.o:(.text.os_lib_call)
c0de1830 c0de1830        0     1                 $t.221
c0de1831 c0de1831       18     1                 os_lib_call
c0de1844 c0de1844        0     1                 $d.222
c0de1848 c0de1848       10     2         build/nanox/obj/syscalls.o:(.text.os_lib_end)
c0de1848 c0de1848        0     1                 $t.223
c0de1849 c0de1849       10     1                 os_lib_end
c0de1858 c0de1858       18     4         build/nanox/obj/syscalls.o:(.text.os_sched_exit)
c0de1858 c0de1858        0     1                 $t.251
c0de1859 c0de1859       18     1                 os_sched_exit
c0de186c c0de186c        0     1                 $d.252
c0de1870 c0de1870       14     4         build/nanox/obj/syscalls.o:(.text.io_seph_send)
c0de1870 c0de1870        0     1                 $t.259
c0de1871 c0de1871       14     1                 io_seph_send
c0de1880 c0de1880        0     1                 $d.260
c0de1884 c0de1884       10     2         build/nanox/obj/syscalls.o:(.text.try_context_get)
c0de1884 c0de1884        0     1                 $t.268
c0de1885 c0de1885       10     1                 try_context_get
c0de1894 c0de1894       18     4         build/nanox/obj/syscalls.o:(.text.try_context_set)
c0de1894 c0de1894        0     1                 $t.269
c0de1895 c0de1895       18     1                 try_context_set
c0de18a8 c0de18a8        0     1                 $d.270
c0de18ac c0de18ac      114     4         /opt/nanox-secure-sdk/arch/st33/lib/libgcc.a(_udivsi3.o):(.text)
c0de18ac c0de18ac        0     1                 $t
c0de18ac c0de18ac        0     1                 .udivsi3_skip_div0_test
c0de18ad c0de18ad      10a     1                 __udivsi3
c0de18ad c0de18ad        0     1                 __aeabi_uidiv
c0de19b9 c0de19b9        8     1                 __aeabi_uidivmod
c0de19c0 c0de19c0        4     4         /opt/nanox-secure-sdk/arch/st33/lib/libgcc.a(_dvmd_tls.o):(.text)
c0de19c0 c0de19c0        0     1                 $t
c0de19c1 c0de19c1        2     1                 __aeabi_idiv0
c0de19c1 c0de19c1        2     1                 __aeabi_ldiv0
c0de19c4 c0de19c4       40     4         /opt/nanox-secure-sdk/arch/st33/lib/libgcc.a(_aeabi_uldivmod.o):(.text)
c0de19c4 c0de19c4        0     1                 $t
c0de19c5 c0de19c5       3e     1                 __aeabi_uldivmod
c0de19e8 c0de19e8        0     1                 $d
c0de19ec c0de19ec        0     1                 $t
c0de1a04 c0de1a04       54     4         /opt/nanox-secure-sdk/arch/st33/lib/libgcc.a(_muldi3.o):(.text)
c0de1a04 c0de1a04        0     1                 $t
c0de1a05 c0de1a05       54     1                 __muldi3
c0de1a05 c0de1a05       54     1                 __aeabi_lmul
c0de1a58 c0de1a58      1a4     4         /opt/nanox-secure-sdk/arch/st33/lib/libgcc.a(_udivmoddi4.o):(.text)
c0de1a58 c0de1a58        0     1                 $t
c0de1a59 c0de1a59      1a2     1                 __udivmoddi4
c0de1bfc c0de1bfc       18     4         /opt/nanox-secure-sdk/arch/st33/lib/libgcc.a(_clzdi2.o):(.text)
c0de1bfc c0de1bfc        0     1                 $t
c0de1bfd c0de1bfd       16     1                 __clzdi2
c0de1c14 c0de1c14       3c     4         /opt/nanox-secure-sdk/arch/st33/lib/libgcc.a(_clzsi2.o):(.text)
c0de1c14 c0de1c14        0     1                 $t
c0de1c15 c0de1c15       3c     1                 __clzsi2
c0de1c40 c0de1c40        0     1                 $d
c0de1c50 c0de1c50        c     4         /opt/nanox-secure-sdk/arch/st33/lib/libc.a(lib_a-aeabi_memclr.o):(.text.__aeabi_memclr)
c0de1c50 c0de1c50        0     1                 $t
c0de1c51 c0de1c51        a     1                 __aeabi_memclr
c0de1c51 c0de1c51        a     1                 __aeabi_memclr8
c0de1c51 c0de1c51        a     1                 __aeabi_memclr4
c0de1c5c c0de1c5c        8     4         /opt/nanox-secure-sdk/arch/st33/lib/libc.a(lib_a-aeabi_memcpy.o):(.text.__aeabi_memcpy)
c0de1c5c c0de1c5c        0     1                 $t
c0de1c5d c0de1c5d        8     1                 __aeabi_memcpy
c0de1c5d c0de1c5d        8     1                 __aeabi_memcpy8
c0de1c5d c0de1c5d        8     1                 __aeabi_memcpy4
c0de1c64 c0de1c64        8     4         /opt/nanox-secure-sdk/arch/st33/lib/libc.a(lib_a-aeabi_memmove.o):(.text.__aeabi_memmove)
c0de1c64 c0de1c64        0     1                 $t
c0de1c65 c0de1c65        8     1                 __aeabi_memmove
c0de1c65 c0de1c65        8     1                 __aeabi_memmove8
c0de1c65 c0de1c65        8     1                 __aeabi_memmove4
c0de1c6c c0de1c6c       10     4         /opt/nanox-secure-sdk/arch/st33/lib/libc.a(lib_a-aeabi_memset.o):(.text.__aeabi_memset)
c0de1c6c c0de1c6c        0     1                 $t
c0de1c6d c0de1c6d        e     1                 __aeabi_memset
c0de1c6d c0de1c6d        e     1                 __aeabi_memset8
c0de1c6d c0de1c6d        e     1                 __aeabi_memset4
c0de1c7c c0de1c7c       50     4         /opt/nanox-secure-sdk/arch/st33/lib/libc.a(lib_a-memcmp.o):(.text.memcmp)
c0de1c7c c0de1c7c        0     1                 $t
c0de1c7d c0de1c7d       50     1                 memcmp
c0de1ccc c0de1ccc       a8     4         /opt/nanox-secure-sdk/arch/st33/lib/libc.a(lib_a-memcpy-stub.o):(.text.memcpy)
c0de1ccc c0de1ccc        0     1                 $t
c0de1ccd c0de1ccd       a6     1                 memcpy
c0de1d74 c0de1d74       bc     4         /opt/nanox-secure-sdk/arch/st33/lib/libc.a(lib_a-memmove.o):(.text.memmove)
c0de1d74 c0de1d74        0     1                 $t
c0de1d75 c0de1d75       ba     1                 memmove
c0de1e30 c0de1e30       a8     4         /opt/nanox-secure-sdk/arch/st33/lib/libc.a(lib_a-memset.o):(.text.memset)
c0de1e30 c0de1e30        0     1                 $t
c0de1e31 c0de1e31       a8     1                 memset
c0de1ed8 c0de1ed8       34     2         /opt/nanox-secure-sdk/arch/st33/lib/libc.a(lib_a-setjmp.o):(.text)
c0de1ed8 c0de1ed8        0     1                 $t
c0de1ed9 c0de1ed9        0     1                 setjmp
c0de1ef1 c0de1ef1        0     1                 longjmp
c0de1f0c c0de1f0c       68     4         /opt/nanox-secure-sdk/arch/st33/lib/libc.a(lib_a-strlcat.o):(.text.strlcat)
c0de1f0c c0de1f0c        0     1                 $t
c0de1f0d c0de1f0d       66     1                 strlcat
c0de1f74 c0de1f74       4c     4         /opt/nanox-secure-sdk/arch/st33/lib/libc.a(lib_a-strlcpy.o):(.text.strlcpy)
c0de1f74 c0de1f74        0     1                 $t
c0de1f75 c0de1f75       4c     1                 strlcpy
c0de1fc0 c0de1fc0       68     4         /opt/nanox-secure-sdk/arch/st33/lib/libc.a(lib_a-strlen-stub.o):(.text.strlen)
c0de1fc0 c0de1fc0        0     1                 $t
c0de1fc1 c0de1fc1       68     1                 strlen
c0de2020 c0de2020        0     1                 $d
c0de2028 c0de2028       2c     4         /opt/nanox-secure-sdk/arch/st33/lib/libc.a(lib_a-strnlen.o):(.text.strnlen)
c0de2028 c0de2028        0     1                 $t
c0de2029 c0de2029       2a     1                 strnlen
c0de2054 c0de2054        0     1         _ecode = .
c0de2054 c0de2054      317     1         <internal>:(.text)
c0de236c c0de236c       44     4         build/nanox/obj/main.o:(.rodata.ORIGIN_DEFI_SELECTORS)
c0de236c c0de236c       44     1                 ORIGIN_DEFI_SELECTORS
c0de23b0 c0de23b0       14     1         build/nanox/obj/main.o:(.rodata.OETH_ADDRESS)
c0de23b0 c0de23b0       14     1                 OETH_ADDRESS
c0de23c4 c0de23c4       14     1         build/nanox/obj/main.o:(.rodata.OUSD_ADDRESS)
c0de23c4 c0de23c4       14     1                 OUSD_ADDRESS
c0de23d8 c0de23d8       14     1         build/nanox/obj/main.o:(.rodata.DAI_ADDRESS)
c0de23d8 c0de23d8       14     1                 DAI_ADDRESS
c0de23ec c0de23ec       14     1         build/nanox/obj/main.o:(.rodata.USDC_ADDRESS)
c0de23ec c0de23ec       14     1                 USDC_ADDRESS
c0de2400 c0de2400       14     1         build/nanox/obj/main.o:(.rodata.USDT_ADDRESS)
c0de2400 c0de2400       14     1                 USDT_ADDRESS
c0de2414 c0de2414       14     1         build/nanox/obj/main.o:(.rodata.OETH_VAULT_ADDRESS)
c0de2414 c0de2414       14     1                 OETH_VAULT_ADDRESS
c0de2428 c0de2428       14     1         build/nanox/obj/main.o:(.rodata.WOETH_ADDRESS)
c0de2428 c0de2428       14     1                 WOETH_ADDRESS
c0de243c c0de243c       14     1         build/nanox/obj/main.o:(.rodata.CURVE_OETH_POOL_ADDRESS)
c0de243c c0de243c       14     1                 CURVE_OETH_POOL_ADDRESS
c0de2450 c0de2450       14     1         build/nanox/obj/main.o:(.rodata.CURVE_OUSD_POOL_ADDRESS)
c0de2450 c0de2450       14     1                 CURVE_OUSD_POOL_ADDRESS
c0de2464 c0de2464       10     1         build/nanox/obj/os_printf.o:(.rodata.g_pcHex)
c0de2464 c0de2464       10     1                 g_pcHex
c0de2474 c0de2474       10     1         build/nanox/obj/os_printf.o:(.rodata.g_pcHex_cap)
c0de2474 c0de2474       10     1                 g_pcHex_cap
c0de2484 c0de2484       14     1         build/nanox/obj/main.o:(.rodata.NULL_ETH_ADDRESS)
c0de2484 c0de2484       14     1                 NULL_ETH_ADDRESS
c0de2498 c0de2498        0     1         . = ALIGN ( 4 )
c0de2498 c0de2498        0     1         _etext = .
c0de2498 c0de2498       68     1         . = ALIGN ( PAGE_SIZE )
c0de2500 c0de2500        0     1         _nvram_data = .
c0de2500 c0de2500        0     1         . = ALIGN ( PAGE_SIZE )
c0de2500 c0de2500        0     1         _envram_data = .
c0de2500 c0de2500        0     1         _install_parameters = .
c0de2500 c0de2500        0     1         _nvram_end = .
d0000000 d0000000        0     1 .data
d0000000 d0000000        0     1         . = ALIGN ( 4 )
d0000000 d0000000        0     1         _data = .
d0000000 d0000000        0     1         _edata = .
da7a0000 da7a0000      5e4     1 .bss
da7a0000 da7a0000        0     1         _bss = .
da7a0000 da7a0000        0     1         __stack_chk_guard = .
da7a0000 da7a0000        4     1         . += 4
da7a0004 da7a0004        0     1         _ebss = .
da7a0004 da7a0004        0     1         . = ALIGN ( 4 )
da7a0004 da7a0004        0     1         app_stack_canary = .
da7a0004 da7a0004        4     1         . += 4
da7a0008 da7a0008        0     1         _stack_validation = .
da7a0008 da7a0008      5dc     1         . = _stack_validation + STACK_SIZE
da7a05e4 da7a05e4        0     1         _stack = ABSOLUTE ( END_STACK ) - STACK_SIZE
da7a05e4 da7a05e4        0     1         _estack = ABSOLUTE ( END_STACK )
       0        0       30     1 .comment
       0        0       30     1         <internal>:(.comment)
       0        0      4b0     8 .debug_aranges
       0        0      450     8         build/nanox/obj/cx_stubs.o:(.debug_aranges)
     450      450       20     8         build/nanox/obj/stack_protector_init.o:(.debug_aranges)
     470      470       20     8         build/nanox/obj/svc_call.o:(.debug_aranges)
     490      490       20     8         build/nanox/obj/svc_cx_call.o:(.debug_aranges)
       0        0    1c6c3     1 .debug_info
       0        0      9ee     1         build/nanox/obj/bagl.o:(.debug_info)
     9ee      9ee      278     1         build/nanox/obj/bagl_fonts.o:(.debug_info)
     c66      c66     2982     1         build/nanox/obj/ble_gap_aci.o:(.debug_info)
    35e8     35e8     2d9b     1         build/nanox/obj/ble_gatt_aci.o:(.debug_info)
    6383     6383      bf0     1         build/nanox/obj/ble_hal_aci.o:(.debug_info)
    6f73     6f73     2e4e     1         build/nanox/obj/ble_hci_le.o:(.debug_info)
    9dc1     9dc1      9bb     1         build/nanox/obj/ble_l2cap_aci.o:(.debug_info)
    a77c     a77c       22     1         build/nanox/obj/cx_stubs.o:(.debug_info)
    a79e     a79e      bb8     1         build/nanox/obj/eth_internals.o:(.debug_info)
    b356     b356      3be     1         build/nanox/obj/glyphs.o:(.debug_info)
    b714     b714      75f     1         build/nanox/obj/handle_finalize.o:(.debug_info)
    be73     be73      7e6     1         build/nanox/obj/handle_init_contract.o:(.debug_info)
    c659     c659      ad4     1         build/nanox/obj/handle_provide_parameter.o:(.debug_info)
    d12d     d12d      75b     1         build/nanox/obj/handle_provide_token.o:(.debug_info)
    d888     d888      689     1         build/nanox/obj/handle_query_contract_id.o:(.debug_info)
    df11     df11      947     1         build/nanox/obj/handle_query_contract_ui.o:(.debug_info)
    e858     e858     11bd     1         build/nanox/obj/ledger_ble.o:(.debug_info)
    fa15     fa15      36d     1         build/nanox/obj/ledger_protocol.o:(.debug_info)
    fd82     fd82      862     1         build/nanox/obj/main.o:(.debug_info)
   105e4    105e4      73a     1         build/nanox/obj/os.o:(.debug_info)
   10d1e    10d1e      fea     1         build/nanox/obj/os_io_seproxyhal.o:(.debug_info)
   11d08    11d08       78     1         build/nanox/obj/os_io_task.o:(.debug_info)
   11d80    11d80      2b6     1         build/nanox/obj/os_io_usb.o:(.debug_info)
   12036    12036      39e     1         build/nanox/obj/os_printf.o:(.debug_info)
   123d4    123d4      105     1         build/nanox/obj/osal.o:(.debug_info)
   124d9    124d9       8c     1         build/nanox/obj/pic.o:(.debug_info)
   12565    12565      3d2     1         build/nanox/obj/printf.o:(.debug_info)
   12937    12937       26     1         build/nanox/obj/stack_protector_init.o:(.debug_info)
   1295d    1295d       26     1         build/nanox/obj/svc_call.o:(.debug_info)
   12983    12983       26     1         build/nanox/obj/svc_cx_call.o:(.debug_info)
   129a9    129a9     34de     1         build/nanox/obj/syscalls.o:(.debug_info)
   15e87    15e87      8e9     1         build/nanox/obj/usbd_conf.o:(.debug_info)
   16770    16770      aa7     1         build/nanox/obj/usbd_core.o:(.debug_info)
   17217    17217      9fb     1         build/nanox/obj/usbd_ctlreq.o:(.debug_info)
   17c12    17c12      612     1         build/nanox/obj/usbd_hid.o:(.debug_info)
   18224    18224      9fd     1         build/nanox/obj/usbd_impl.o:(.debug_info)
   18c21    18c21      6ac     1         build/nanox/obj/usbd_ioreq.o:(.debug_info)
   192cd    192cd      3a0     1         build/nanox/obj/ux_flow_engine.o:(.debug_info)
   1966d    1966d      1e6     1         build/nanox/obj/ux_layout_bb.o:(.debug_info)
   19853    19853      249     1         build/nanox/obj/ux_layout_bn.o:(.debug_info)
   19a9c    19a9c      1c5     1         build/nanox/obj/ux_layout_bnn.o:(.debug_info)
   19c61    19c61      1c5     1         build/nanox/obj/ux_layout_bnnn.o:(.debug_info)
   19e26    19e26      249     1         build/nanox/obj/ux_layout_nn.o:(.debug_info)
   1a06f    1a06f      23a     1         build/nanox/obj/ux_layout_nnbnn.o:(.debug_info)
   1a2a9    1a2a9      1c5     1         build/nanox/obj/ux_layout_nnn.o:(.debug_info)
   1a46e    1a46e      1c5     1         build/nanox/obj/ux_layout_nnnn.o:(.debug_info)
   1a633    1a633      7fc     1         build/nanox/obj/ux_layout_paging.o:(.debug_info)
   1ae2f    1ae2f      251     1         build/nanox/obj/ux_layout_paging_compute.o:(.debug_info)
   1b080    1b080      2a8     1         build/nanox/obj/ux_layout_pb.o:(.debug_info)
   1b328    1b328      2d5     1         build/nanox/obj/ux_layout_pbb.o:(.debug_info)
   1b5fd    1b5fd      249     1         build/nanox/obj/ux_layout_pbn.o:(.debug_info)
   1b846    1b846      1c5     1         build/nanox/obj/ux_layout_pn.o:(.debug_info)
   1ba0b    1ba0b      249     1         build/nanox/obj/ux_layout_pnn.o:(.debug_info)
   1bc54    1bc54      251     1         build/nanox/obj/ux_layout_utils.o:(.debug_info)
   1bea5    1bea5      1b6     1         build/nanox/obj/ux_legacy.o:(.debug_info)
   1c05b    1c05b      204     1         build/nanox/obj/ux_menulist.o:(.debug_info)
   1c25f    1c25f      464     1         build/nanox/obj/ux_stack.o:(.debug_info)
       0        0     44ba     1 .debug_abbrev
       0        0      1d4     1         build/nanox/obj/bagl.o:(.debug_abbrev)
     1d4      1d4       96     1         build/nanox/obj/bagl_fonts.o:(.debug_abbrev)
     26a      26a      194     1         build/nanox/obj/ble_gap_aci.o:(.debug_abbrev)
     3fe      3fe      199     1         build/nanox/obj/ble_gatt_aci.o:(.debug_abbrev)
     597      597      162     1         build/nanox/obj/ble_hal_aci.o:(.debug_abbrev)
     6f9      6f9      17a     1         build/nanox/obj/ble_hci_le.o:(.debug_abbrev)
     873      873      151     1         build/nanox/obj/ble_l2cap_aci.o:(.debug_abbrev)
     9c4      9c4       12     1         build/nanox/obj/cx_stubs.o:(.debug_abbrev)
     9d6      9d6      222     1         build/nanox/obj/eth_internals.o:(.debug_abbrev)
     bf8      bf8       7e     1         build/nanox/obj/glyphs.o:(.debug_abbrev)
     c76      c76      180     1         build/nanox/obj/handle_finalize.o:(.debug_abbrev)
     df6      df6      167     1         build/nanox/obj/handle_init_contract.o:(.debug_abbrev)
     f5d      f5d      1c7     1         build/nanox/obj/handle_provide_parameter.o:(.debug_abbrev)
    1124     1124      15a     1         build/nanox/obj/handle_provide_token.o:(.debug_abbrev)
    127e     127e      106     1         build/nanox/obj/handle_query_contract_id.o:(.debug_abbrev)
    1384     1384      180     1         build/nanox/obj/handle_query_contract_ui.o:(.debug_abbrev)
    1504     1504      2d8     1         build/nanox/obj/ledger_ble.o:(.debug_abbrev)
    17dc     17dc      141     1         build/nanox/obj/ledger_protocol.o:(.debug_abbrev)
    191d     191d      1e0     1         build/nanox/obj/main.o:(.debug_abbrev)
    1afd     1afd      201     1         build/nanox/obj/os.o:(.debug_abbrev)
    1cfe     1cfe      2fb     1         build/nanox/obj/os_io_seproxyhal.o:(.debug_abbrev)
    1ff9     1ff9       84     1         build/nanox/obj/os_io_task.o:(.debug_abbrev)
    207d     207d      160     1         build/nanox/obj/os_io_usb.o:(.debug_abbrev)
    21dd     21dd      150     1         build/nanox/obj/os_printf.o:(.debug_abbrev)
    232d     232d       59     1         build/nanox/obj/osal.o:(.debug_abbrev)
    2386     2386       7d     1         build/nanox/obj/pic.o:(.debug_abbrev)
    2403     2403      18b     1         build/nanox/obj/printf.o:(.debug_abbrev)
    258e     258e       14     1         build/nanox/obj/stack_protector_init.o:(.debug_abbrev)
    25a2     25a2       14     1         build/nanox/obj/svc_call.o:(.debug_abbrev)
    25b6     25b6       14     1         build/nanox/obj/svc_cx_call.o:(.debug_abbrev)
    25ca     25ca      1b0     1         build/nanox/obj/syscalls.o:(.debug_abbrev)
    277a     277a      157     1         build/nanox/obj/usbd_conf.o:(.debug_abbrev)
    28d1     28d1      1e1     1         build/nanox/obj/usbd_core.o:(.debug_abbrev)
    2ab2     2ab2      207     1         build/nanox/obj/usbd_ctlreq.o:(.debug_abbrev)
    2cb9     2cb9      10e     1         build/nanox/obj/usbd_hid.o:(.debug_abbrev)
    2dc7     2dc7      1a7     1         build/nanox/obj/usbd_impl.o:(.debug_abbrev)
    2f6e     2f6e       f0     1         build/nanox/obj/usbd_ioreq.o:(.debug_abbrev)
    305e     305e      180     1         build/nanox/obj/ux_flow_engine.o:(.debug_abbrev)
    31de     31de       cc     1         build/nanox/obj/ux_layout_bb.o:(.debug_abbrev)
    32aa     32aa       d6     1         build/nanox/obj/ux_layout_bn.o:(.debug_abbrev)
    3380     3380       cc     1         build/nanox/obj/ux_layout_bnn.o:(.debug_abbrev)
    344c     344c       cc     1         build/nanox/obj/ux_layout_bnnn.o:(.debug_abbrev)
    3518     3518       d6     1         build/nanox/obj/ux_layout_nn.o:(.debug_abbrev)
    35ee     35ee       fa     1         build/nanox/obj/ux_layout_nnbnn.o:(.debug_abbrev)
    36e8     36e8       cc     1         build/nanox/obj/ux_layout_nnn.o:(.debug_abbrev)
    37b4     37b4       cc     1         build/nanox/obj/ux_layout_nnnn.o:(.debug_abbrev)
    3880     3880      2a4     1         build/nanox/obj/ux_layout_paging.o:(.debug_abbrev)
    3b24     3b24       f0     1         build/nanox/obj/ux_layout_paging_compute.o:(.debug_abbrev)
    3c14     3c14       fa     1         build/nanox/obj/ux_layout_pb.o:(.debug_abbrev)
    3d0e     3d0e       fa     1         build/nanox/obj/ux_layout_pbb.o:(.debug_abbrev)
    3e08     3e08       d6     1         build/nanox/obj/ux_layout_pbn.o:(.debug_abbrev)
    3ede     3ede       cc     1         build/nanox/obj/ux_layout_pn.o:(.debug_abbrev)
    3faa     3faa       d6     1         build/nanox/obj/ux_layout_pnn.o:(.debug_abbrev)
    4080     4080      101     1         build/nanox/obj/ux_layout_utils.o:(.debug_abbrev)
    4181     4181       a2     1         build/nanox/obj/ux_legacy.o:(.debug_abbrev)
    4223     4223      100     1         build/nanox/obj/ux_menulist.o:(.debug_abbrev)
    4323     4323      197     1         build/nanox/obj/ux_stack.o:(.debug_abbrev)
       0        0    1178b     1 .debug_line
       0        0      d1e     1         build/nanox/obj/bagl.o:(.debug_line)
     d1e      d1e      11c     1         build/nanox/obj/bagl_fonts.o:(.debug_line)
     e3a      e3a     12c0     1         build/nanox/obj/ble_gap_aci.o:(.debug_line)
    20fa     20fa     1479     1         build/nanox/obj/ble_gatt_aci.o:(.debug_line)
    3573     3573      7ca     1         build/nanox/obj/ble_hal_aci.o:(.debug_line)
    3d3d     3d3d     19a5     1         build/nanox/obj/ble_hci_le.o:(.debug_line)
    56e2     56e2      4ae     1         build/nanox/obj/ble_l2cap_aci.o:(.debug_line)
    5b90     5b90      911     1         build/nanox/obj/cx_stubs.o:(.debug_line)
    64a1     64a1      76e     1         build/nanox/obj/eth_internals.o:(.debug_line)
    6c0f     6c0f       6f     1         build/nanox/obj/glyphs.o:(.debug_line)
    6c7e     6c7e      2bb     1         build/nanox/obj/handle_finalize.o:(.debug_line)
    6f39     6f39      2af     1         build/nanox/obj/handle_init_contract.o:(.debug_line)
    71e8     71e8      5c4     1         build/nanox/obj/handle_provide_parameter.o:(.debug_line)
    77ac     77ac      2a1     1         build/nanox/obj/handle_provide_token.o:(.debug_line)
    7a4d     7a4d      226     1         build/nanox/obj/handle_query_contract_id.o:(.debug_line)
    7c73     7c73      621     1         build/nanox/obj/handle_query_contract_ui.o:(.debug_line)
    8294     8294     11d6     1         build/nanox/obj/ledger_ble.o:(.debug_line)
    946a     946a      422     1         build/nanox/obj/ledger_protocol.o:(.debug_line)
    988c     988c      335     1         build/nanox/obj/main.o:(.debug_line)
    9bc1     9bc1      5ba     1         build/nanox/obj/os.o:(.debug_line)
    a17b     a17b      d41     1         build/nanox/obj/os_io_seproxyhal.o:(.debug_line)
    aebc     aebc       a2     1         build/nanox/obj/os_io_task.o:(.debug_line)
    af5e     af5e      38d     1         build/nanox/obj/os_io_usb.o:(.debug_line)
    b2eb     b2eb      705     1         build/nanox/obj/os_printf.o:(.debug_line)
    b9f0     b9f0       9d     1         build/nanox/obj/osal.o:(.debug_line)
    ba8d     ba8d       8e     1         build/nanox/obj/pic.o:(.debug_line)
    bb1b     bb1b      3f9     1         build/nanox/obj/printf.o:(.debug_line)
    bf14     bf14       60     1         build/nanox/obj/stack_protector_init.o:(.debug_line)
    bf74     bf74       57     1         build/nanox/obj/svc_call.o:(.debug_line)
    bfcb     bfcb       56     1         build/nanox/obj/svc_cx_call.o:(.debug_line)
    c021     c021     1b6b     1         build/nanox/obj/syscalls.o:(.debug_line)
    db8c     db8c      301     1         build/nanox/obj/usbd_conf.o:(.debug_line)
    de8d     de8d      690     1         build/nanox/obj/usbd_core.o:(.debug_line)
    e51d     e51d      740     1         build/nanox/obj/usbd_ctlreq.o:(.debug_line)
    ec5d     ec5d      231     1         build/nanox/obj/usbd_hid.o:(.debug_line)
    ee8e     ee8e      3d1     1         build/nanox/obj/usbd_impl.o:(.debug_line)
    f25f     f25f      208     1         build/nanox/obj/usbd_ioreq.o:(.debug_line)
    f467     f467      677     1         build/nanox/obj/ux_flow_engine.o:(.debug_line)
    fade     fade      10f     1         build/nanox/obj/ux_layout_bb.o:(.debug_line)
    fbed     fbed      107     1         build/nanox/obj/ux_layout_bn.o:(.debug_line)
    fcf4     fcf4       e8     1         build/nanox/obj/ux_layout_bnn.o:(.debug_line)
    fddc     fddc       e9     1         build/nanox/obj/ux_layout_bnnn.o:(.debug_line)
    fec5     fec5      107     1         build/nanox/obj/ux_layout_nn.o:(.debug_line)
    ffcc     ffcc      14a     1         build/nanox/obj/ux_layout_nnbnn.o:(.debug_line)
   10116    10116       e8     1         build/nanox/obj/ux_layout_nnn.o:(.debug_line)
   101fe    101fe       e9     1         build/nanox/obj/ux_layout_nnnn.o:(.debug_line)
   102e7    102e7      4cc     1         build/nanox/obj/ux_layout_paging.o:(.debug_line)
   107b3    107b3      22f     1         build/nanox/obj/ux_layout_paging_compute.o:(.debug_line)
   109e2    109e2      166     1         build/nanox/obj/ux_layout_pb.o:(.debug_line)
   10b48    10b48      187     1         build/nanox/obj/ux_layout_pbb.o:(.debug_line)
   10ccf    10ccf      108     1         build/nanox/obj/ux_layout_pbn.o:(.debug_line)
   10dd7    10dd7       e7     1         build/nanox/obj/ux_layout_pn.o:(.debug_line)
   10ebe    10ebe      108     1         build/nanox/obj/ux_layout_pnn.o:(.debug_line)
   10fc6    10fc6      175     1         build/nanox/obj/ux_layout_utils.o:(.debug_line)
   1113b    1113b       ca     1         build/nanox/obj/ux_legacy.o:(.debug_line)
   11205    11205      199     1         build/nanox/obj/ux_menulist.o:(.debug_line)
   1139e    1139e      3ed     1         build/nanox/obj/ux_stack.o:(.debug_line)
       0        0     49c8     4 .debug_frame
       0        0      140     4         build/nanox/obj/bagl.o:(.debug_frame)
     140      140      5f0     4         build/nanox/obj/ble_gap_aci.o:(.debug_frame)
     730      730      660     4         build/nanox/obj/ble_gatt_aci.o:(.debug_frame)
     d90      d90      294     4         build/nanox/obj/ble_hal_aci.o:(.debug_frame)
    1024     1024      8c4     4         build/nanox/obj/ble_hci_le.o:(.debug_frame)
    18e8     18e8      158     4         build/nanox/obj/ble_l2cap_aci.o:(.debug_frame)
    1a40     1a40      1a8     4         build/nanox/obj/eth_internals.o:(.debug_frame)
    1be8     1be8       50     4         build/nanox/obj/handle_finalize.o:(.debug_frame)
    1c38     1c38       34     4         build/nanox/obj/handle_init_contract.o:(.debug_frame)
    1c6c     1c6c       a4     4         build/nanox/obj/handle_provide_parameter.o:(.debug_frame)
    1d10     1d10       34     4         build/nanox/obj/handle_provide_token.o:(.debug_frame)
    1d44     1d44       30     4         build/nanox/obj/handle_query_contract_id.o:(.debug_frame)
    1d74     1d74       34     4         build/nanox/obj/handle_query_contract_ui.o:(.debug_frame)
    1da8     1da8      220     4         build/nanox/obj/ledger_ble.o:(.debug_frame)
    1fc8     1fc8       64     4         build/nanox/obj/ledger_protocol.o:(.debug_frame)
    202c     202c       74     4         build/nanox/obj/main.o:(.debug_frame)
    20a0     20a0      1a4     4         build/nanox/obj/os.o:(.debug_frame)
    2244     2244      33c     4         build/nanox/obj/os_io_seproxyhal.o:(.debug_frame)
    2580     2580       2c     4         build/nanox/obj/os_io_task.o:(.debug_frame)
    25ac     25ac       7c     4         build/nanox/obj/os_io_usb.o:(.debug_frame)
    2628     2628       5c     4         build/nanox/obj/os_printf.o:(.debug_frame)
    2684     2684       5c     4         build/nanox/obj/osal.o:(.debug_frame)
    26e0     26e0       3c     4         build/nanox/obj/pic.o:(.debug_frame)
    271c     271c       58     4         build/nanox/obj/printf.o:(.debug_frame)
    2774     2774      f78     4         build/nanox/obj/syscalls.o:(.debug_frame)
    36ec     36ec      148     4         build/nanox/obj/usbd_conf.o:(.debug_frame)
    3834     3834      1f8     4         build/nanox/obj/usbd_core.o:(.debug_frame)
    3a2c     3a2c      1a0     4         build/nanox/obj/usbd_ctlreq.o:(.debug_frame)
    3bcc     3bcc       64     4         build/nanox/obj/usbd_hid.o:(.debug_frame)
    3c30     3c30      124     4         build/nanox/obj/usbd_impl.o:(.debug_frame)
    3d54     3d54       ac     4         build/nanox/obj/usbd_ioreq.o:(.debug_frame)
    3e00     3e00      1dc     4         build/nanox/obj/ux_flow_engine.o:(.debug_frame)
    3fdc     3fdc       44     4         build/nanox/obj/ux_layout_bb.o:(.debug_frame)
    4020     4020       44     4         build/nanox/obj/ux_layout_bn.o:(.debug_frame)
    4064     4064       2c     4         build/nanox/obj/ux_layout_bnn.o:(.debug_frame)
    4090     4090       2c     4         build/nanox/obj/ux_layout_bnnn.o:(.debug_frame)
    40bc     40bc       44     4         build/nanox/obj/ux_layout_nn.o:(.debug_frame)
    4100     4100       4c     4         build/nanox/obj/ux_layout_nnbnn.o:(.debug_frame)
    414c     414c       2c     4         build/nanox/obj/ux_layout_nnn.o:(.debug_frame)
    4178     4178       2c     4         build/nanox/obj/ux_layout_nnnn.o:(.debug_frame)
    41a4     41a4      164     4         build/nanox/obj/ux_layout_paging.o:(.debug_frame)
    4308     4308       44     4         build/nanox/obj/ux_layout_paging_compute.o:(.debug_frame)
    434c     434c       4c     4         build/nanox/obj/ux_layout_pb.o:(.debug_frame)
    4398     4398       64     4         build/nanox/obj/ux_layout_pbb.o:(.debug_frame)
    43fc     43fc       44     4         build/nanox/obj/ux_layout_pbn.o:(.debug_frame)
    4440     4440       2c     4         build/nanox/obj/ux_layout_pn.o:(.debug_frame)
    446c     446c       44     4         build/nanox/obj/ux_layout_pnn.o:(.debug_frame)
    44b0     44b0       5c     4         build/nanox/obj/ux_layout_utils.o:(.debug_frame)
    450c     450c       2c     4         build/nanox/obj/ux_legacy.o:(.debug_frame)
    4538     4538       84     4         build/nanox/obj/ux_menulist.o:(.debug_frame)
    45bc     45bc      11c     4         build/nanox/obj/ux_stack.o:(.debug_frame)
    46d8     46d8       20     4         /opt/nanox-secure-sdk/arch/st33/lib/libgcc.a(_udivsi3.o):(.debug_frame)
    46e8     46e8        0     1                 $d
    46f8     46f8       34     4         /opt/nanox-secure-sdk/arch/st33/lib/libgcc.a(_muldi3.o):(.debug_frame)
    472c     472c       3c     4         /opt/nanox-secure-sdk/arch/st33/lib/libgcc.a(_udivmoddi4.o):(.debug_frame)
    4768     4768       28     4         /opt/nanox-secure-sdk/arch/st33/lib/libc.a(lib_a-aeabi_memclr.o):(.debug_frame)
    4790     4790       28     4         /opt/nanox-secure-sdk/arch/st33/lib/libc.a(lib_a-aeabi_memcpy.o):(.debug_frame)
    47b8     47b8       28     4         /opt/nanox-secure-sdk/arch/st33/lib/libc.a(lib_a-aeabi_memmove.o):(.debug_frame)
    47e0     47e0       28     4         /opt/nanox-secure-sdk/arch/st33/lib/libc.a(lib_a-aeabi_memset.o):(.debug_frame)
    4808     4808       28     4         /opt/nanox-secure-sdk/arch/st33/lib/libc.a(lib_a-explicit_bzero.o):(.debug_frame)
    4830     4830       28     4         /opt/nanox-secure-sdk/arch/st33/lib/libc.a(lib_a-bzero.o):(.debug_frame)
    4858     4858       2c     4         /opt/nanox-secure-sdk/arch/st33/lib/libc.a(lib_a-memcmp.o):(.debug_frame)
    4884     4884       34     4         /opt/nanox-secure-sdk/arch/st33/lib/libc.a(lib_a-memcpy-stub.o):(.debug_frame)
    48b8     48b8       34     4         /opt/nanox-secure-sdk/arch/st33/lib/libc.a(lib_a-memmove.o):(.debug_frame)
    48ec     48ec       30     4         /opt/nanox-secure-sdk/arch/st33/lib/libc.a(lib_a-memset.o):(.debug_frame)
    491c     491c       2c     4         /opt/nanox-secure-sdk/arch/st33/lib/libc.a(lib_a-strlcat.o):(.debug_frame)
    4948     4948       30     4         /opt/nanox-secure-sdk/arch/st33/lib/libc.a(lib_a-strlcpy.o):(.debug_frame)
    4978     4978       28     4         /opt/nanox-secure-sdk/arch/st33/lib/libc.a(lib_a-strlen-stub.o):(.debug_frame)
    49a0     49a0       28     4         /opt/nanox-secure-sdk/arch/st33/lib/libc.a(lib_a-strnlen.o):(.debug_frame)
       0        0     b008     1 .debug_str
       0        0     b008     1         <internal>:(.debug_str)
       0        0    15ec0     1 .debug_loc
       0        0     1278     1         build/nanox/obj/bagl.o:(.debug_loc)
    1278     1278     2808     1         build/nanox/obj/ble_gap_aci.o:(.debug_loc)
    3a80     3a80     3200     1         build/nanox/obj/ble_gatt_aci.o:(.debug_loc)
    6c80     6c80      804     1         build/nanox/obj/ble_hal_aci.o:(.debug_loc)
    7484     7484     27ba     1         build/nanox/obj/ble_hci_le.o:(.debug_loc)
    9c3e     9c3e      9b7     1         build/nanox/obj/ble_l2cap_aci.o:(.debug_loc)
    a5f5     a5f5      d15     1         build/nanox/obj/eth_internals.o:(.debug_loc)
    b30a     b30a       9b     1         build/nanox/obj/handle_finalize.o:(.debug_loc)
    b3a5     b3a5       75     1         build/nanox/obj/handle_init_contract.o:(.debug_loc)
    b41a     b41a      428     1         build/nanox/obj/handle_provide_parameter.o:(.debug_loc)
    b842     b842       3c     1         build/nanox/obj/handle_provide_token.o:(.debug_loc)
    b87e     b87e       3c     1         build/nanox/obj/handle_query_contract_id.o:(.debug_loc)
    b8ba     b8ba      2be     1         build/nanox/obj/handle_query_contract_ui.o:(.debug_loc)
    bb78     bb78      955     1         build/nanox/obj/ledger_ble.o:(.debug_loc)
    c4cd     c4cd      2c8     1         build/nanox/obj/ledger_protocol.o:(.debug_loc)
    c795     c795      1ac     1         build/nanox/obj/main.o:(.debug_loc)
    c941     c941      ae2     1         build/nanox/obj/os.o:(.debug_loc)
    d423     d423      a49     1         build/nanox/obj/os_io_seproxyhal.o:(.debug_loc)
    de6c     de6c      1a8     1         build/nanox/obj/os_io_usb.o:(.debug_loc)
    e014     e014      c8b     1         build/nanox/obj/os_printf.o:(.debug_loc)
    ec9f     ec9f      189     1         build/nanox/obj/osal.o:(.debug_loc)
    ee28     ee28       8b     1         build/nanox/obj/pic.o:(.debug_loc)
    eeb3     eeb3      700     1         build/nanox/obj/printf.o:(.debug_loc)
    f5b3     f5b3     3ae0     1         build/nanox/obj/syscalls.o:(.debug_loc)
   13093    13093      429     1         build/nanox/obj/usbd_conf.o:(.debug_loc)
   134bc    134bc      724     1         build/nanox/obj/usbd_core.o:(.debug_loc)
   13be0    13be0      8ca     1         build/nanox/obj/usbd_ctlreq.o:(.debug_loc)
   144aa    144aa      178     1         build/nanox/obj/usbd_hid.o:(.debug_loc)
   14622    14622      2b8     1         build/nanox/obj/usbd_impl.o:(.debug_loc)
   148da    148da      235     1         build/nanox/obj/usbd_ioreq.o:(.debug_loc)
   14b0f    14b0f      37c     1         build/nanox/obj/ux_flow_engine.o:(.debug_loc)
   14e8b    14e8b       4c     1         build/nanox/obj/ux_layout_bb.o:(.debug_loc)
   14ed7    14ed7       6a     1         build/nanox/obj/ux_layout_bn.o:(.debug_loc)
   14f41    14f41       1e     1         build/nanox/obj/ux_layout_bnn.o:(.debug_loc)
   14f5f    14f5f       1e     1         build/nanox/obj/ux_layout_bnnn.o:(.debug_loc)
   14f7d    14f7d       6a     1         build/nanox/obj/ux_layout_nn.o:(.debug_loc)
   14fe7    14fe7       67     1         build/nanox/obj/ux_layout_nnbnn.o:(.debug_loc)
   1504e    1504e       1e     1         build/nanox/obj/ux_layout_nnn.o:(.debug_loc)
   1506c    1506c       1e     1         build/nanox/obj/ux_layout_nnnn.o:(.debug_loc)
   1508a    1508a      49c     1         build/nanox/obj/ux_layout_paging.o:(.debug_loc)
   15526    15526      2ed     1         build/nanox/obj/ux_layout_paging_compute.o:(.debug_loc)
   15813    15813       67     1         build/nanox/obj/ux_layout_pb.o:(.debug_loc)
   1587a    1587a       8d     1         build/nanox/obj/ux_layout_pbb.o:(.debug_loc)
   15907    15907       6a     1         build/nanox/obj/ux_layout_pbn.o:(.debug_loc)
   15971    15971       1e     1         build/nanox/obj/ux_layout_pn.o:(.debug_loc)
   1598f    1598f       6a     1         build/nanox/obj/ux_layout_pnn.o:(.debug_loc)
   159f9    159f9       bc     1         build/nanox/obj/ux_layout_utils.o:(.debug_loc)
   15ab5    15ab5      1d4     1         build/nanox/obj/ux_menulist.o:(.debug_loc)
   15c89    15c89      237     1         build/nanox/obj/ux_stack.o:(.debug_loc)
da7a05e4 da7a05e4        0     1 PROVIDE ( _nvram = ABSOLUTE ( _nvram_start ) )
da7a05e4 da7a05e4        0     1 PROVIDE ( _envram = ABSOLUTE ( _nvram_end ) )
       0        0     1dd8     8 .debug_ranges
       0        0       c0     1         build/nanox/obj/bagl.o:(.debug_ranges)
      c0       c0      158     1         build/nanox/obj/ble_gap_aci.o:(.debug_ranges)
     218      218      1b8     1         build/nanox/obj/ble_gatt_aci.o:(.debug_ranges)
     3d0      3d0       a0     1         build/nanox/obj/ble_hal_aci.o:(.debug_ranges)
     470      470      208     1         build/nanox/obj/ble_hci_le.o:(.debug_ranges)
     678      678       50     1         build/nanox/obj/ble_l2cap_aci.o:(.debug_ranges)
     6c8      6c8      448     8         build/nanox/obj/cx_stubs.o:(.debug_ranges)
     b10      b10       f0     1         build/nanox/obj/eth_internals.o:(.debug_ranges)
     c00      c00       18     1         build/nanox/obj/handle_finalize.o:(.debug_ranges)
     c18      c18       c8     1         build/nanox/obj/handle_provide_parameter.o:(.debug_ranges)
     ce0      ce0       18     1         build/nanox/obj/handle_provide_token.o:(.debug_ranges)
     cf8      cf8       90     1         build/nanox/obj/handle_query_contract_ui.o:(.debug_ranges)
     d88      d88      1f8     1         build/nanox/obj/ledger_ble.o:(.debug_ranges)
     f80      f80       78     1         build/nanox/obj/ledger_protocol.o:(.debug_ranges)
     ff8      ff8       58     1         build/nanox/obj/main.o:(.debug_ranges)
    1050     1050       a8     1         build/nanox/obj/os.o:(.debug_ranges)
    10f8     10f8      158     1         build/nanox/obj/os_io_seproxyhal.o:(.debug_ranges)
    1250     1250       40     1         build/nanox/obj/os_io_usb.o:(.debug_ranges)
    1290     1290       30     1         build/nanox/obj/os_printf.o:(.debug_ranges)
    12c0     12c0       20     1         build/nanox/obj/osal.o:(.debug_ranges)
    12e0     12e0       18     1         build/nanox/obj/pic.o:(.debug_ranges)
    12f8     12f8       78     1         build/nanox/obj/printf.o:(.debug_ranges)
    1370     1370      518     1         build/nanox/obj/syscalls.o:(.debug_ranges)
    1888     1888       70     1         build/nanox/obj/usbd_conf.o:(.debug_ranges)
    18f8     18f8       b0     1         build/nanox/obj/usbd_core.o:(.debug_ranges)
    19a8     19a8       88     1         build/nanox/obj/usbd_ctlreq.o:(.debug_ranges)
    1a30     1a30       20     1         build/nanox/obj/usbd_hid.o:(.debug_ranges)
    1a50     1a50       80     1         build/nanox/obj/usbd_impl.o:(.debug_ranges)
    1ad0     1ad0       38     1         build/nanox/obj/usbd_ioreq.o:(.debug_ranges)
    1b08     1b08       98     1         build/nanox/obj/ux_flow_engine.o:(.debug_ranges)
    1ba0     1ba0       18     1         build/nanox/obj/ux_layout_bb.o:(.debug_ranges)
    1bb8     1bb8       18     1         build/nanox/obj/ux_layout_bn.o:(.debug_ranges)
    1bd0     1bd0       18     1         build/nanox/obj/ux_layout_nn.o:(.debug_ranges)
    1be8     1be8       18     1         build/nanox/obj/ux_layout_nnbnn.o:(.debug_ranges)
    1c00     1c00       a0     1         build/nanox/obj/ux_layout_paging.o:(.debug_ranges)
    1ca0     1ca0       18     1         build/nanox/obj/ux_layout_paging_compute.o:(.debug_ranges)
    1cb8     1cb8       18     1         build/nanox/obj/ux_layout_pb.o:(.debug_ranges)
    1cd0     1cd0       20     1         build/nanox/obj/ux_layout_pbb.o:(.debug_ranges)
    1cf0     1cf0       18     1         build/nanox/obj/ux_layout_pbn.o:(.debug_ranges)
    1d08     1d08       18     1         build/nanox/obj/ux_layout_pnn.o:(.debug_ranges)
    1d20     1d20       20     1         build/nanox/obj/ux_layout_utils.o:(.debug_ranges)
    1d40     1d40       28     1         build/nanox/obj/ux_menulist.o:(.debug_ranges)
    1d68     1d68       70     1         build/nanox/obj/ux_stack.o:(.debug_ranges)
       0        0       45     1 .ARM.attributes
       0        0       45     1         build/nanox/obj/bagl.o:(.ARM.attributes)
       0        0     1200     4 .symtab
       0        0     1200     4         <internal>:(.symtab)
       0        0       ab     1 .shstrtab
       0        0       ab     1         <internal>:(.shstrtab)
       0        0      b05     1 .strtab
       0        0      b05     1         <internal>:(.strtab)
