     VMA      LMA     Size Align Out     In      Symbol
       0        0        0     1 PAGE_SIZE = 256
       0        0        0     1 STACK_SIZE = 1500
       0        0        0     1 END_STACK = ORIGIN ( SRAM ) + LENGTH ( SRAM )
c0de0000 c0de0000     2400     4 .text
c0de0000 c0de0000        0     1         _text = .
c0de0000 c0de0000        0     1         _nvram_start = .
c0de0000 c0de0000       a0     4         build/nanox/obj/main.o:(.boot)
c0de0000 c0de0000        0     1                 $t.5
c0de0001 c0de0001       a0     1                 main
c0de0098 c0de0098        0     1                 $d.6
c0de00a0 c0de00a0        0     1         _code = .
c0de00a0 c0de00a0        c     4         build/nanox/obj/cx_stubs.o:(.text.cx_hash_get_size)
c0de00a0 c0de00a0        0     1                 $t
c0de00a1 c0de00a1        0     1                 cx_hash_get_size
c0de00a6 c0de00a6        0     1                 $d
c0de00a8 c0de00a8        0     1                 $d
c0de00ac c0de00ac        c     4         build/nanox/obj/cx_stubs.o:(.text.cx_hash_no_throw)
c0de00ac c0de00ac        0     1                 $t
c0de00ad c0de00ad        0     1                 cx_hash_no_throw
c0de00b2 c0de00b2        0     1                 $d
c0de00b4 c0de00b4        0     1                 $d
c0de00b8 c0de00b8        c     4         build/nanox/obj/cx_stubs.o:(.text.cx_keccak_init_no_throw)
c0de00b8 c0de00b8        0     1                 $t
c0de00b9 c0de00b9        0     1                 cx_keccak_init_no_throw
c0de00be c0de00be        0     1                 $d
c0de00c0 c0de00c0        0     1                 $d
c0de00c4 c0de00c4       14     4         build/nanox/obj/cx_stubs.o:(.text.cx_x448)
c0de00c4 c0de00c4        0     1                 $t
c0de00c5 c0de00c5        0     1                 cx_x448
c0de00cb c0de00cb        0     1                 cx_trampoline_helper
c0de00ce c0de00ce        0     1                 $d
c0de00d0 c0de00d0        0     1                 $d
c0de00d8 c0de00d8       dc     4         build/nanox/obj/eth_internals.o:(.text.getEthAddressStringFromBinary)
c0de00d8 c0de00d8        0     1                 $t.0
c0de00d9 c0de00d9       dc     1                 getEthAddressStringFromBinary
c0de01ac c0de01ac        0     1                 $d.1
c0de01b4 c0de01b4       78     4         build/nanox/obj/eth_internals.o:(.text.u64_to_string)
c0de01b4 c0de01b4        0     1                 $t.2
c0de01b5 c0de01b5       78     1                 u64_to_string
c0de0228 c0de0228        0     1                 $d.3
c0de022c c0de022c       14     2         build/nanox/obj/eth_internals.o:(.text.cx_keccak_init)
c0de022c c0de022c        0     1                 $t.4
c0de022d c0de022d       14     1                 cx_keccak_init
c0de0240 c0de0240       28     2         build/nanox/obj/eth_internals.o:(.text.cx_hash)
c0de0240 c0de0240        0     1                 $t.5
c0de0241 c0de0241       28     1                 cx_hash
c0de0268 c0de0268       d6     2         build/nanox/obj/eth_internals.o:(.text.adjustDecimals)
c0de0268 c0de0268        0     1                 $t.9
c0de0269 c0de0269       d6     1                 adjustDecimals
c0de0340 c0de0340       d0     4         build/nanox/obj/eth_internals.o:(.text.uint256_to_decimal)
c0de0340 c0de0340        0     1                 $t.10
c0de0341 c0de0341       d0     1                 uint256_to_decimal
c0de040c c0de040c        0     1                 $d.11
c0de0410 c0de0410       1e     2         build/nanox/obj/eth_internals.o:(.text.allzeroes)
c0de0410 c0de0410        0     1                 $t.12
c0de0411 c0de0411       1e     1                 allzeroes
c0de042e c0de042e       8c     2         build/nanox/obj/eth_internals.o:(.text.amountToString)
c0de042e c0de042e        0     1                 $t.13
c0de042f c0de042f       8c     1                 amountToString
c0de04bc c0de04bc       a8     4         build/nanox/obj/handle_finalize.o:(.text.handle_finalize)
c0de04bc c0de04bc        0     1                 $t.0
c0de04bd c0de04bd       a8     1                 handle_finalize
c0de0554 c0de0554        0     1                 $d.1
c0de0564 c0de0564       30     4         build/nanox/obj/handle_finalize.o:(.text.printf_hex_array)
c0de0564 c0de0564        0     1                 $t.2
c0de0565 c0de0565       30     1                 printf_hex_array
c0de058c c0de058c        0     1                 $d.3
c0de0594 c0de0594       ec     4         build/nanox/obj/handle_init_contract.o:(.text.handle_init_contract)
c0de0594 c0de0594        0     1                 $t.0
c0de0595 c0de0595       ec     1                 handle_init_contract
c0de066c c0de066c        0     1                 $d.1
c0de0680 c0de0680      2ac     4         build/nanox/obj/handle_provide_parameter.o:(.text.handle_provide_parameter)
c0de0680 c0de0680        0     1                 $t.0
c0de0681 c0de0681      2ac     1                 handle_provide_parameter
c0de090c c0de090c        0     1                 $d.1
c0de092c c0de092c       34     4         build/nanox/obj/handle_provide_parameter.o:(.text.printf_hex_array)
c0de092c c0de092c        0     1                 $t.2
c0de092d c0de092d       34     1                 printf_hex_array
c0de0958 c0de0958        0     1                 $d.3
c0de0960 c0de0960       d4     4         build/nanox/obj/handle_provide_parameter.o:(.text.handle_token_sent)
c0de0960 c0de0960        0     1                 $t.4
c0de0961 c0de0961       d4     1                 handle_token_sent
c0de0a0c c0de0a0c        0     1                 $d.5
c0de0a34 c0de0a34       d4     4         build/nanox/obj/handle_provide_parameter.o:(.text.handle_token_received)
c0de0a34 c0de0a34        0     1                 $t.6
c0de0a35 c0de0a35       d4     1                 handle_token_received
c0de0ae0 c0de0ae0        0     1                 $d.7
c0de0b08 c0de0b08       30     4         build/nanox/obj/handle_provide_parameter.o:(.text.handle_beneficiary)
c0de0b08 c0de0b08        0     1                 $t.8
c0de0b09 c0de0b09       30     1                 handle_beneficiary
c0de0b34 c0de0b34        0     1                 $d.9
c0de0b38 c0de0b38      1bc     4         build/nanox/obj/handle_provide_token.o:(.text.handle_provide_token)
c0de0b38 c0de0b38        0     1                 $t.0
c0de0b39 c0de0b39      1bc     1                 handle_provide_token
c0de0cb4 c0de0cb4        0     1                 $d.1
c0de0cf4 c0de0cf4       60     4         build/nanox/obj/handle_query_contract_id.o:(.text.handle_query_contract_id)
c0de0cf4 c0de0cf4        0     1                 $t.0
c0de0cf5 c0de0cf5       60     1                 handle_query_contract_id
c0de0d40 c0de0d40        0     1                 $d.1
c0de0d54 c0de0d54      5f8     4         build/nanox/obj/handle_query_contract_ui.o:(.text.handle_query_contract_ui)
c0de0d54 c0de0d54        0     1                 $t.0
c0de0d55 c0de0d55      5f8     1                 handle_query_contract_ui
c0de1220 c0de1220        0     1                 $d.1
c0de1234 c0de1234        0     1                 $t.2
c0de128c c0de128c        0     1                 $d.3
c0de134c c0de134c       74     4         build/nanox/obj/main.o:(.text.dispatch_plugin_calls)
c0de134c c0de134c        0     1                 $t.0
c0de134d c0de134d       74     1                 dispatch_plugin_calls
c0de13bc c0de13bc        0     1                 $d.1
c0de13c0 c0de13c0       1c     4         build/nanox/obj/main.o:(.text.call_app_ethereum)
c0de13c0 c0de13c0        0     1                 $t.3
c0de13c1 c0de13c1       1c     1                 call_app_ethereum
c0de13d8 c0de13d8        0     1                 $d.4
c0de13dc c0de13dc        a     2         build/nanox/obj/os.o:(.text.os_boot)
c0de13dc c0de13dc        0     1                 $t.0
c0de13dd c0de13dd        a     1                 os_boot
c0de13e8 c0de13e8       1c     4         build/nanox/obj/os.o:(.text.os_longjmp)
c0de13e8 c0de13e8        0     1                 $t.3
c0de13e9 c0de13e9       1c     1                 os_longjmp
c0de1400 c0de1400        0     1                 $d.4
c0de1404 c0de1404       22     2         build/nanox/obj/os_io_seproxyhal.o:(.text.mcu_usb_prints)
c0de1404 c0de1404        0     1                 $t.54
c0de1405 c0de1405       22     1                 mcu_usb_prints
c0de1428 c0de1428      300     4         build/nanox/obj/os_printf.o:(.text.mcu_usb_printf)
c0de1428 c0de1428        0     1                 $t.0
c0de1429 c0de1429      300     1                 mcu_usb_printf
c0de1429 c0de1429      300     1                 screen_printf
c0de170c c0de170c        0     1                 $d.1
c0de1728 c0de1728        e     2         build/nanox/obj/svc_call.o:(.text)
c0de1728 c0de1728        0     1                 $t
c0de1729 c0de1729        0     1                 SVC_Call
c0de1730 c0de1730        0     1                 exception
c0de1736 c0de1736       12     2         build/nanox/obj/syscalls.o:(.text.get_api_level)
c0de1736 c0de1736        0     1                 $t.0
c0de1737 c0de1737       12     1                 get_api_level
c0de1748 c0de1748       18     4         build/nanox/obj/syscalls.o:(.text.os_lib_call)
c0de1748 c0de1748        0     1                 $t.221
c0de1749 c0de1749       18     1                 os_lib_call
c0de175c c0de175c        0     1                 $d.222
c0de1760 c0de1760       10     2         build/nanox/obj/syscalls.o:(.text.os_lib_end)
c0de1760 c0de1760        0     1                 $t.223
c0de1761 c0de1761       10     1                 os_lib_end
c0de1770 c0de1770       18     4         build/nanox/obj/syscalls.o:(.text.os_sched_exit)
c0de1770 c0de1770        0     1                 $t.251
c0de1771 c0de1771       18     1                 os_sched_exit
c0de1784 c0de1784        0     1                 $d.252
c0de1788 c0de1788       14     4         build/nanox/obj/syscalls.o:(.text.io_seph_send)
c0de1788 c0de1788        0     1                 $t.259
c0de1789 c0de1789       14     1                 io_seph_send
c0de1798 c0de1798        0     1                 $d.260
c0de179c c0de179c       10     2         build/nanox/obj/syscalls.o:(.text.try_context_get)
c0de179c c0de179c        0     1                 $t.268
c0de179d c0de179d       10     1                 try_context_get
c0de17ac c0de17ac       18     4         build/nanox/obj/syscalls.o:(.text.try_context_set)
c0de17ac c0de17ac        0     1                 $t.269
c0de17ad c0de17ad       18     1                 try_context_set
c0de17c0 c0de17c0        0     1                 $d.270
c0de17c4 c0de17c4      114     4         /opt/nanox-secure-sdk/arch/st33/lib/libgcc.a(_udivsi3.o):(.text)
c0de17c4 c0de17c4        0     1                 $t
c0de17c4 c0de17c4        0     1                 .udivsi3_skip_div0_test
c0de17c5 c0de17c5      10a     1                 __udivsi3
c0de17c5 c0de17c5        0     1                 __aeabi_uidiv
c0de18d1 c0de18d1        8     1                 __aeabi_uidivmod
c0de18d8 c0de18d8        4     4         /opt/nanox-secure-sdk/arch/st33/lib/libgcc.a(_dvmd_tls.o):(.text)
c0de18d8 c0de18d8        0     1                 $t
c0de18d9 c0de18d9        2     1                 __aeabi_idiv0
c0de18d9 c0de18d9        2     1                 __aeabi_ldiv0
c0de18dc c0de18dc       40     4         /opt/nanox-secure-sdk/arch/st33/lib/libgcc.a(_aeabi_uldivmod.o):(.text)
c0de18dc c0de18dc        0     1                 $t
c0de18dd c0de18dd       3e     1                 __aeabi_uldivmod
c0de1900 c0de1900        0     1                 $d
c0de1904 c0de1904        0     1                 $t
c0de191c c0de191c       54     4         /opt/nanox-secure-sdk/arch/st33/lib/libgcc.a(_muldi3.o):(.text)
c0de191c c0de191c        0     1                 $t
c0de191d c0de191d       54     1                 __muldi3
c0de191d c0de191d       54     1                 __aeabi_lmul
c0de1970 c0de1970      1a4     4         /opt/nanox-secure-sdk/arch/st33/lib/libgcc.a(_udivmoddi4.o):(.text)
c0de1970 c0de1970        0     1                 $t
c0de1971 c0de1971      1a2     1                 __udivmoddi4
c0de1b14 c0de1b14       18     4         /opt/nanox-secure-sdk/arch/st33/lib/libgcc.a(_clzdi2.o):(.text)
c0de1b14 c0de1b14        0     1                 $t
c0de1b15 c0de1b15       16     1                 __clzdi2
c0de1b2c c0de1b2c       3c     4         /opt/nanox-secure-sdk/arch/st33/lib/libgcc.a(_clzsi2.o):(.text)
c0de1b2c c0de1b2c        0     1                 $t
c0de1b2d c0de1b2d       3c     1                 __clzsi2
c0de1b58 c0de1b58        0     1                 $d
c0de1b68 c0de1b68        c     4         /opt/nanox-secure-sdk/arch/st33/lib/libc.a(lib_a-aeabi_memclr.o):(.text.__aeabi_memclr)
c0de1b68 c0de1b68        0     1                 $t
c0de1b69 c0de1b69        a     1                 __aeabi_memclr
c0de1b69 c0de1b69        a     1                 __aeabi_memclr8
c0de1b69 c0de1b69        a     1                 __aeabi_memclr4
c0de1b74 c0de1b74        8     4         /opt/nanox-secure-sdk/arch/st33/lib/libc.a(lib_a-aeabi_memcpy.o):(.text.__aeabi_memcpy)
c0de1b74 c0de1b74        0     1                 $t
c0de1b75 c0de1b75        8     1                 __aeabi_memcpy
c0de1b75 c0de1b75        8     1                 __aeabi_memcpy8
c0de1b75 c0de1b75        8     1                 __aeabi_memcpy4
c0de1b7c c0de1b7c        8     4         /opt/nanox-secure-sdk/arch/st33/lib/libc.a(lib_a-aeabi_memmove.o):(.text.__aeabi_memmove)
c0de1b7c c0de1b7c        0     1                 $t
c0de1b7d c0de1b7d        8     1                 __aeabi_memmove
c0de1b7d c0de1b7d        8     1                 __aeabi_memmove8
c0de1b7d c0de1b7d        8     1                 __aeabi_memmove4
c0de1b84 c0de1b84       10     4         /opt/nanox-secure-sdk/arch/st33/lib/libc.a(lib_a-aeabi_memset.o):(.text.__aeabi_memset)
c0de1b84 c0de1b84        0     1                 $t
c0de1b85 c0de1b85        e     1                 __aeabi_memset
c0de1b85 c0de1b85        e     1                 __aeabi_memset8
c0de1b85 c0de1b85        e     1                 __aeabi_memset4
c0de1b94 c0de1b94       50     4         /opt/nanox-secure-sdk/arch/st33/lib/libc.a(lib_a-memcmp.o):(.text.memcmp)
c0de1b94 c0de1b94        0     1                 $t
c0de1b95 c0de1b95       50     1                 memcmp
c0de1be4 c0de1be4       a8     4         /opt/nanox-secure-sdk/arch/st33/lib/libc.a(lib_a-memcpy-stub.o):(.text.memcpy)
c0de1be4 c0de1be4        0     1                 $t
c0de1be5 c0de1be5       a6     1                 memcpy
c0de1c8c c0de1c8c       bc     4         /opt/nanox-secure-sdk/arch/st33/lib/libc.a(lib_a-memmove.o):(.text.memmove)
c0de1c8c c0de1c8c        0     1                 $t
c0de1c8d c0de1c8d       ba     1                 memmove
c0de1d48 c0de1d48       a8     4         /opt/nanox-secure-sdk/arch/st33/lib/libc.a(lib_a-memset.o):(.text.memset)
c0de1d48 c0de1d48        0     1                 $t
c0de1d49 c0de1d49       a8     1                 memset
c0de1df0 c0de1df0       34     2         /opt/nanox-secure-sdk/arch/st33/lib/libc.a(lib_a-setjmp.o):(.text)
c0de1df0 c0de1df0        0     1                 $t
c0de1df1 c0de1df1        0     1                 setjmp
c0de1e09 c0de1e09        0     1                 longjmp
c0de1e24 c0de1e24       68     4         /opt/nanox-secure-sdk/arch/st33/lib/libc.a(lib_a-strlcat.o):(.text.strlcat)
c0de1e24 c0de1e24        0     1                 $t
c0de1e25 c0de1e25       66     1                 strlcat
c0de1e8c c0de1e8c       4c     4         /opt/nanox-secure-sdk/arch/st33/lib/libc.a(lib_a-strlcpy.o):(.text.strlcpy)
c0de1e8c c0de1e8c        0     1                 $t
c0de1e8d c0de1e8d       4c     1                 strlcpy
c0de1ed8 c0de1ed8       68     4         /opt/nanox-secure-sdk/arch/st33/lib/libc.a(lib_a-strlen-stub.o):(.text.strlen)
c0de1ed8 c0de1ed8        0     1                 $t
c0de1ed9 c0de1ed9       68     1                 strlen
c0de1f38 c0de1f38        0     1                 $d
c0de1f40 c0de1f40       2c     4         /opt/nanox-secure-sdk/arch/st33/lib/libc.a(lib_a-strnlen.o):(.text.strnlen)
c0de1f40 c0de1f40        0     1                 $t
c0de1f41 c0de1f41       2a     1                 strnlen
c0de1f6c c0de1f6c        0     1         _ecode = .
c0de1f6c c0de1f6c      2ff     1         <internal>:(.text)
c0de226c c0de226c       3c     4         build/nanox/obj/main.o:(.rodata.ORIGIN_DEFI_SELECTORS)
c0de226c c0de226c       3c     1                 ORIGIN_DEFI_SELECTORS
c0de22a8 c0de22a8       14     1         build/nanox/obj/main.o:(.rodata.OETH_ADDRESS)
c0de22a8 c0de22a8       14     1                 OETH_ADDRESS
c0de22bc c0de22bc       14     1         build/nanox/obj/main.o:(.rodata.OUSD_ADDRESS)
c0de22bc c0de22bc       14     1                 OUSD_ADDRESS
c0de22d0 c0de22d0       14     1         build/nanox/obj/main.o:(.rodata.DAI_ADDRESS)
c0de22d0 c0de22d0       14     1                 DAI_ADDRESS
c0de22e4 c0de22e4       14     1         build/nanox/obj/main.o:(.rodata.USDC_ADDRESS)
c0de22e4 c0de22e4       14     1                 USDC_ADDRESS
c0de22f8 c0de22f8       14     1         build/nanox/obj/main.o:(.rodata.USDT_ADDRESS)
c0de22f8 c0de22f8       14     1                 USDT_ADDRESS
c0de230c c0de230c       14     1         build/nanox/obj/main.o:(.rodata.OETH_VAULT_ADDRESS)
c0de230c c0de230c       14     1                 OETH_VAULT_ADDRESS
c0de2320 c0de2320       14     1         build/nanox/obj/main.o:(.rodata.CURVE_OETH_POOL_ADDRESS)
c0de2320 c0de2320       14     1                 CURVE_OETH_POOL_ADDRESS
c0de2334 c0de2334       14     1         build/nanox/obj/main.o:(.rodata.CURVE_OUSD_POOL_ADDRESS)
c0de2334 c0de2334       14     1                 CURVE_OUSD_POOL_ADDRESS
c0de2348 c0de2348       10     1         build/nanox/obj/os_printf.o:(.rodata.g_pcHex)
c0de2348 c0de2348       10     1                 g_pcHex
c0de2358 c0de2358       10     1         build/nanox/obj/os_printf.o:(.rodata.g_pcHex_cap)
c0de2358 c0de2358       10     1                 g_pcHex_cap
c0de2368 c0de2368       14     1         build/nanox/obj/main.o:(.rodata.NULL_ETH_ADDRESS)
c0de2368 c0de2368       14     1                 NULL_ETH_ADDRESS
c0de237c c0de237c        0     1         . = ALIGN ( 4 )
c0de237c c0de237c        0     1         _etext = .
c0de237c c0de237c       84     1         . = ALIGN ( PAGE_SIZE )
c0de2400 c0de2400        0     1         _nvram_data = .
c0de2400 c0de2400        0     1         . = ALIGN ( PAGE_SIZE )
c0de2400 c0de2400        0     1         _envram_data = .
c0de2400 c0de2400        0     1         _install_parameters = .
c0de2400 c0de2400        0     1         _nvram_end = .
d0000000 d0000000        0     1 .data
d0000000 d0000000        0     1         . = ALIGN ( 4 )
d0000000 d0000000        0     1         _data = .
d0000000 d0000000        0     1         _edata = .
da7a0000 da7a0000      5e4     1 .bss
da7a0000 da7a0000        0     1         _bss = .
da7a0000 da7a0000        0     1         __stack_chk_guard = .
da7a0000 da7a0000        4     1         . += 4
da7a0004 da7a0004        0     1         _ebss = .
da7a0004 da7a0004        0     1         . = ALIGN ( 4 )
da7a0004 da7a0004        0     1         app_stack_canary = .
da7a0004 da7a0004        4     1         . += 4
da7a0008 da7a0008        0     1         _stack_validation = .
da7a0008 da7a0008      5dc     1         . = _stack_validation + STACK_SIZE
da7a05e4 da7a05e4        0     1         _stack = ABSOLUTE ( END_STACK ) - STACK_SIZE
da7a05e4 da7a05e4        0     1         _estack = ABSOLUTE ( END_STACK )
       0        0       30     1 .comment
       0        0       30     1         <internal>:(.comment)
       0        0      4b0     8 .debug_aranges
       0        0      450     8         build/nanox/obj/cx_stubs.o:(.debug_aranges)
     450      450       20     8         build/nanox/obj/stack_protector_init.o:(.debug_aranges)
     470      470       20     8         build/nanox/obj/svc_call.o:(.debug_aranges)
     490      490       20     8         build/nanox/obj/svc_cx_call.o:(.debug_aranges)
       0        0    1c609     1 .debug_info
       0        0      9ee     1         build/nanox/obj/bagl.o:(.debug_info)
     9ee      9ee      278     1         build/nanox/obj/bagl_fonts.o:(.debug_info)
     c66      c66     2982     1         build/nanox/obj/ble_gap_aci.o:(.debug_info)
    35e8     35e8     2d9b     1         build/nanox/obj/ble_gatt_aci.o:(.debug_info)
    6383     6383      bf0     1         build/nanox/obj/ble_hal_aci.o:(.debug_info)
    6f73     6f73     2e4e     1         build/nanox/obj/ble_hci_le.o:(.debug_info)
    9dc1     9dc1      9bb     1         build/nanox/obj/ble_l2cap_aci.o:(.debug_info)
    a77c     a77c       22     1         build/nanox/obj/cx_stubs.o:(.debug_info)
    a79e     a79e      bb8     1         build/nanox/obj/eth_internals.o:(.debug_info)
    b356     b356      3be     1         build/nanox/obj/glyphs.o:(.debug_info)
    b714     b714      753     1         build/nanox/obj/handle_finalize.o:(.debug_info)
    be67     be67      7da     1         build/nanox/obj/handle_init_contract.o:(.debug_info)
    c641     c641      a68     1         build/nanox/obj/handle_provide_parameter.o:(.debug_info)
    d0a9     d0a9      74f     1         build/nanox/obj/handle_provide_token.o:(.debug_info)
    d7f8     d7f8      67d     1         build/nanox/obj/handle_query_contract_id.o:(.debug_info)
    de75     de75      929     1         build/nanox/obj/handle_query_contract_ui.o:(.debug_info)
    e79e     e79e     11bd     1         build/nanox/obj/ledger_ble.o:(.debug_info)
    f95b     f95b      36d     1         build/nanox/obj/ledger_protocol.o:(.debug_info)
    fcc8     fcc8      862     1         build/nanox/obj/main.o:(.debug_info)
   1052a    1052a      73a     1         build/nanox/obj/os.o:(.debug_info)
   10c64    10c64      fea     1         build/nanox/obj/os_io_seproxyhal.o:(.debug_info)
   11c4e    11c4e       78     1         build/nanox/obj/os_io_task.o:(.debug_info)
   11cc6    11cc6      2b6     1         build/nanox/obj/os_io_usb.o:(.debug_info)
   11f7c    11f7c      39e     1         build/nanox/obj/os_printf.o:(.debug_info)
   1231a    1231a      105     1         build/nanox/obj/osal.o:(.debug_info)
   1241f    1241f       8c     1         build/nanox/obj/pic.o:(.debug_info)
   124ab    124ab      3d2     1         build/nanox/obj/printf.o:(.debug_info)
   1287d    1287d       26     1         build/nanox/obj/stack_protector_init.o:(.debug_info)
   128a3    128a3       26     1         build/nanox/obj/svc_call.o:(.debug_info)
   128c9    128c9       26     1         build/nanox/obj/svc_cx_call.o:(.debug_info)
   128ef    128ef     34de     1         build/nanox/obj/syscalls.o:(.debug_info)
   15dcd    15dcd      8e9     1         build/nanox/obj/usbd_conf.o:(.debug_info)
   166b6    166b6      aa7     1         build/nanox/obj/usbd_core.o:(.debug_info)
   1715d    1715d      9fb     1         build/nanox/obj/usbd_ctlreq.o:(.debug_info)
   17b58    17b58      612     1         build/nanox/obj/usbd_hid.o:(.debug_info)
   1816a    1816a      9fd     1         build/nanox/obj/usbd_impl.o:(.debug_info)
   18b67    18b67      6ac     1         build/nanox/obj/usbd_ioreq.o:(.debug_info)
   19213    19213      3a0     1         build/nanox/obj/ux_flow_engine.o:(.debug_info)
   195b3    195b3      1e6     1         build/nanox/obj/ux_layout_bb.o:(.debug_info)
   19799    19799      249     1         build/nanox/obj/ux_layout_bn.o:(.debug_info)
   199e2    199e2      1c5     1         build/nanox/obj/ux_layout_bnn.o:(.debug_info)
   19ba7    19ba7      1c5     1         build/nanox/obj/ux_layout_bnnn.o:(.debug_info)
   19d6c    19d6c      249     1         build/nanox/obj/ux_layout_nn.o:(.debug_info)
   19fb5    19fb5      23a     1         build/nanox/obj/ux_layout_nnbnn.o:(.debug_info)
   1a1ef    1a1ef      1c5     1         build/nanox/obj/ux_layout_nnn.o:(.debug_info)
   1a3b4    1a3b4      1c5     1         build/nanox/obj/ux_layout_nnnn.o:(.debug_info)
   1a579    1a579      7fc     1         build/nanox/obj/ux_layout_paging.o:(.debug_info)
   1ad75    1ad75      251     1         build/nanox/obj/ux_layout_paging_compute.o:(.debug_info)
   1afc6    1afc6      2a8     1         build/nanox/obj/ux_layout_pb.o:(.debug_info)
   1b26e    1b26e      2d5     1         build/nanox/obj/ux_layout_pbb.o:(.debug_info)
   1b543    1b543      249     1         build/nanox/obj/ux_layout_pbn.o:(.debug_info)
   1b78c    1b78c      1c5     1         build/nanox/obj/ux_layout_pn.o:(.debug_info)
   1b951    1b951      249     1         build/nanox/obj/ux_layout_pnn.o:(.debug_info)
   1bb9a    1bb9a      251     1         build/nanox/obj/ux_layout_utils.o:(.debug_info)
   1bdeb    1bdeb      1b6     1         build/nanox/obj/ux_legacy.o:(.debug_info)
   1bfa1    1bfa1      204     1         build/nanox/obj/ux_menulist.o:(.debug_info)
   1c1a5    1c1a5      464     1         build/nanox/obj/ux_stack.o:(.debug_info)
       0        0     44ba     1 .debug_abbrev
       0        0      1d4     1         build/nanox/obj/bagl.o:(.debug_abbrev)
     1d4      1d4       96     1         build/nanox/obj/bagl_fonts.o:(.debug_abbrev)
     26a      26a      194     1         build/nanox/obj/ble_gap_aci.o:(.debug_abbrev)
     3fe      3fe      199     1         build/nanox/obj/ble_gatt_aci.o:(.debug_abbrev)
     597      597      162     1         build/nanox/obj/ble_hal_aci.o:(.debug_abbrev)
     6f9      6f9      17a     1         build/nanox/obj/ble_hci_le.o:(.debug_abbrev)
     873      873      151     1         build/nanox/obj/ble_l2cap_aci.o:(.debug_abbrev)
     9c4      9c4       12     1         build/nanox/obj/cx_stubs.o:(.debug_abbrev)
     9d6      9d6      222     1         build/nanox/obj/eth_internals.o:(.debug_abbrev)
     bf8      bf8       7e     1         build/nanox/obj/glyphs.o:(.debug_abbrev)
     c76      c76      180     1         build/nanox/obj/handle_finalize.o:(.debug_abbrev)
     df6      df6      167     1         build/nanox/obj/handle_init_contract.o:(.debug_abbrev)
     f5d      f5d      1c7     1         build/nanox/obj/handle_provide_parameter.o:(.debug_abbrev)
    1124     1124      15a     1         build/nanox/obj/handle_provide_token.o:(.debug_abbrev)
    127e     127e      106     1         build/nanox/obj/handle_query_contract_id.o:(.debug_abbrev)
    1384     1384      180     1         build/nanox/obj/handle_query_contract_ui.o:(.debug_abbrev)
    1504     1504      2d8     1         build/nanox/obj/ledger_ble.o:(.debug_abbrev)
    17dc     17dc      141     1         build/nanox/obj/ledger_protocol.o:(.debug_abbrev)
    191d     191d      1e0     1         build/nanox/obj/main.o:(.debug_abbrev)
    1afd     1afd      201     1         build/nanox/obj/os.o:(.debug_abbrev)
    1cfe     1cfe      2fb     1         build/nanox/obj/os_io_seproxyhal.o:(.debug_abbrev)
    1ff9     1ff9       84     1         build/nanox/obj/os_io_task.o:(.debug_abbrev)
    207d     207d      160     1         build/nanox/obj/os_io_usb.o:(.debug_abbrev)
    21dd     21dd      150     1         build/nanox/obj/os_printf.o:(.debug_abbrev)
    232d     232d       59     1         build/nanox/obj/osal.o:(.debug_abbrev)
    2386     2386       7d     1         build/nanox/obj/pic.o:(.debug_abbrev)
    2403     2403      18b     1         build/nanox/obj/printf.o:(.debug_abbrev)
    258e     258e       14     1         build/nanox/obj/stack_protector_init.o:(.debug_abbrev)
    25a2     25a2       14     1         build/nanox/obj/svc_call.o:(.debug_abbrev)
    25b6     25b6       14     1         build/nanox/obj/svc_cx_call.o:(.debug_abbrev)
    25ca     25ca      1b0     1         build/nanox/obj/syscalls.o:(.debug_abbrev)
    277a     277a      157     1         build/nanox/obj/usbd_conf.o:(.debug_abbrev)
    28d1     28d1      1e1     1         build/nanox/obj/usbd_core.o:(.debug_abbrev)
    2ab2     2ab2      207     1         build/nanox/obj/usbd_ctlreq.o:(.debug_abbrev)
    2cb9     2cb9      10e     1         build/nanox/obj/usbd_hid.o:(.debug_abbrev)
    2dc7     2dc7      1a7     1         build/nanox/obj/usbd_impl.o:(.debug_abbrev)
    2f6e     2f6e       f0     1         build/nanox/obj/usbd_ioreq.o:(.debug_abbrev)
    305e     305e      180     1         build/nanox/obj/ux_flow_engine.o:(.debug_abbrev)
    31de     31de       cc     1         build/nanox/obj/ux_layout_bb.o:(.debug_abbrev)
    32aa     32aa       d6     1         build/nanox/obj/ux_layout_bn.o:(.debug_abbrev)
    3380     3380       cc     1         build/nanox/obj/ux_layout_bnn.o:(.debug_abbrev)
    344c     344c       cc     1         build/nanox/obj/ux_layout_bnnn.o:(.debug_abbrev)
    3518     3518       d6     1         build/nanox/obj/ux_layout_nn.o:(.debug_abbrev)
    35ee     35ee       fa     1         build/nanox/obj/ux_layout_nnbnn.o:(.debug_abbrev)
    36e8     36e8       cc     1         build/nanox/obj/ux_layout_nnn.o:(.debug_abbrev)
    37b4     37b4       cc     1         build/nanox/obj/ux_layout_nnnn.o:(.debug_abbrev)
    3880     3880      2a4     1         build/nanox/obj/ux_layout_paging.o:(.debug_abbrev)
    3b24     3b24       f0     1         build/nanox/obj/ux_layout_paging_compute.o:(.debug_abbrev)
    3c14     3c14       fa     1         build/nanox/obj/ux_layout_pb.o:(.debug_abbrev)
    3d0e     3d0e       fa     1         build/nanox/obj/ux_layout_pbb.o:(.debug_abbrev)
    3e08     3e08       d6     1         build/nanox/obj/ux_layout_pbn.o:(.debug_abbrev)
    3ede     3ede       cc     1         build/nanox/obj/ux_layout_pn.o:(.debug_abbrev)
    3faa     3faa       d6     1         build/nanox/obj/ux_layout_pnn.o:(.debug_abbrev)
    4080     4080      101     1         build/nanox/obj/ux_layout_utils.o:(.debug_abbrev)
    4181     4181       a2     1         build/nanox/obj/ux_legacy.o:(.debug_abbrev)
    4223     4223      100     1         build/nanox/obj/ux_menulist.o:(.debug_abbrev)
    4323     4323      197     1         build/nanox/obj/ux_stack.o:(.debug_abbrev)
       0        0    1170e     1 .debug_line
       0        0      d1e     1         build/nanox/obj/bagl.o:(.debug_line)
     d1e      d1e      11c     1         build/nanox/obj/bagl_fonts.o:(.debug_line)
     e3a      e3a     12c0     1         build/nanox/obj/ble_gap_aci.o:(.debug_line)
    20fa     20fa     1479     1         build/nanox/obj/ble_gatt_aci.o:(.debug_line)
    3573     3573      7ca     1         build/nanox/obj/ble_hal_aci.o:(.debug_line)
    3d3d     3d3d     19a5     1         build/nanox/obj/ble_hci_le.o:(.debug_line)
    56e2     56e2      4ae     1         build/nanox/obj/ble_l2cap_aci.o:(.debug_line)
    5b90     5b90      911     1         build/nanox/obj/cx_stubs.o:(.debug_line)
    64a1     64a1      76e     1         build/nanox/obj/eth_internals.o:(.debug_line)
    6c0f     6c0f       6f     1         build/nanox/obj/glyphs.o:(.debug_line)
    6c7e     6c7e      2b0     1         build/nanox/obj/handle_finalize.o:(.debug_line)
    6f2e     6f2e      2ae     1         build/nanox/obj/handle_init_contract.o:(.debug_line)
    71dc     71dc      5a3     1         build/nanox/obj/handle_provide_parameter.o:(.debug_line)
    777f     777f      2a1     1         build/nanox/obj/handle_provide_token.o:(.debug_line)
    7a20     7a20      22a     1         build/nanox/obj/handle_query_contract_id.o:(.debug_line)
    7c4a     7c4a      5cd     1         build/nanox/obj/handle_query_contract_ui.o:(.debug_line)
    8217     8217     11d6     1         build/nanox/obj/ledger_ble.o:(.debug_line)
    93ed     93ed      422     1         build/nanox/obj/ledger_protocol.o:(.debug_line)
    980f     980f      335     1         build/nanox/obj/main.o:(.debug_line)
    9b44     9b44      5ba     1         build/nanox/obj/os.o:(.debug_line)
    a0fe     a0fe      d41     1         build/nanox/obj/os_io_seproxyhal.o:(.debug_line)
    ae3f     ae3f       a2     1         build/nanox/obj/os_io_task.o:(.debug_line)
    aee1     aee1      38d     1         build/nanox/obj/os_io_usb.o:(.debug_line)
    b26e     b26e      705     1         build/nanox/obj/os_printf.o:(.debug_line)
    b973     b973       9d     1         build/nanox/obj/osal.o:(.debug_line)
    ba10     ba10       8e     1         build/nanox/obj/pic.o:(.debug_line)
    ba9e     ba9e      3f9     1         build/nanox/obj/printf.o:(.debug_line)
    be97     be97       60     1         build/nanox/obj/stack_protector_init.o:(.debug_line)
    bef7     bef7       57     1         build/nanox/obj/svc_call.o:(.debug_line)
    bf4e     bf4e       56     1         build/nanox/obj/svc_cx_call.o:(.debug_line)
    bfa4     bfa4     1b6b     1         build/nanox/obj/syscalls.o:(.debug_line)
    db0f     db0f      301     1         build/nanox/obj/usbd_conf.o:(.debug_line)
    de10     de10      690     1         build/nanox/obj/usbd_core.o:(.debug_line)
    e4a0     e4a0      740     1         build/nanox/obj/usbd_ctlreq.o:(.debug_line)
    ebe0     ebe0      231     1         build/nanox/obj/usbd_hid.o:(.debug_line)
    ee11     ee11      3d1     1         build/nanox/obj/usbd_impl.o:(.debug_line)
    f1e2     f1e2      208     1         build/nanox/obj/usbd_ioreq.o:(.debug_line)
    f3ea     f3ea      677     1         build/nanox/obj/ux_flow_engine.o:(.debug_line)
    fa61     fa61      10f     1         build/nanox/obj/ux_layout_bb.o:(.debug_line)
    fb70     fb70      107     1         build/nanox/obj/ux_layout_bn.o:(.debug_line)
    fc77     fc77       e8     1         build/nanox/obj/ux_layout_bnn.o:(.debug_line)
    fd5f     fd5f       e9     1         build/nanox/obj/ux_layout_bnnn.o:(.debug_line)
    fe48     fe48      107     1         build/nanox/obj/ux_layout_nn.o:(.debug_line)
    ff4f     ff4f      14a     1         build/nanox/obj/ux_layout_nnbnn.o:(.debug_line)
   10099    10099       e8     1         build/nanox/obj/ux_layout_nnn.o:(.debug_line)
   10181    10181       e9     1         build/nanox/obj/ux_layout_nnnn.o:(.debug_line)
   1026a    1026a      4cc     1         build/nanox/obj/ux_layout_paging.o:(.debug_line)
   10736    10736      22f     1         build/nanox/obj/ux_layout_paging_compute.o:(.debug_line)
   10965    10965      166     1         build/nanox/obj/ux_layout_pb.o:(.debug_line)
   10acb    10acb      187     1         build/nanox/obj/ux_layout_pbb.o:(.debug_line)
   10c52    10c52      108     1         build/nanox/obj/ux_layout_pbn.o:(.debug_line)
   10d5a    10d5a       e7     1         build/nanox/obj/ux_layout_pn.o:(.debug_line)
   10e41    10e41      108     1         build/nanox/obj/ux_layout_pnn.o:(.debug_line)
   10f49    10f49      175     1         build/nanox/obj/ux_layout_utils.o:(.debug_line)
   110be    110be       ca     1         build/nanox/obj/ux_legacy.o:(.debug_line)
   11188    11188      199     1         build/nanox/obj/ux_menulist.o:(.debug_line)
   11321    11321      3ed     1         build/nanox/obj/ux_stack.o:(.debug_line)
       0        0     49c8     4 .debug_frame
       0        0      140     4         build/nanox/obj/bagl.o:(.debug_frame)
     140      140      5f0     4         build/nanox/obj/ble_gap_aci.o:(.debug_frame)
     730      730      660     4         build/nanox/obj/ble_gatt_aci.o:(.debug_frame)
     d90      d90      294     4         build/nanox/obj/ble_hal_aci.o:(.debug_frame)
    1024     1024      8c4     4         build/nanox/obj/ble_hci_le.o:(.debug_frame)
    18e8     18e8      158     4         build/nanox/obj/ble_l2cap_aci.o:(.debug_frame)
    1a40     1a40      1a8     4         build/nanox/obj/eth_internals.o:(.debug_frame)
    1be8     1be8       50     4         build/nanox/obj/handle_finalize.o:(.debug_frame)
    1c38     1c38       34     4         build/nanox/obj/handle_init_contract.o:(.debug_frame)
    1c6c     1c6c       a4     4         build/nanox/obj/handle_provide_parameter.o:(.debug_frame)
    1d10     1d10       34     4         build/nanox/obj/handle_provide_token.o:(.debug_frame)
    1d44     1d44       30     4         build/nanox/obj/handle_query_contract_id.o:(.debug_frame)
    1d74     1d74       34     4         build/nanox/obj/handle_query_contract_ui.o:(.debug_frame)
    1da8     1da8      220     4         build/nanox/obj/ledger_ble.o:(.debug_frame)
    1fc8     1fc8       64     4         build/nanox/obj/ledger_protocol.o:(.debug_frame)
    202c     202c       74     4         build/nanox/obj/main.o:(.debug_frame)
    20a0     20a0      1a4     4         build/nanox/obj/os.o:(.debug_frame)
    2244     2244      33c     4         build/nanox/obj/os_io_seproxyhal.o:(.debug_frame)
    2580     2580       2c     4         build/nanox/obj/os_io_task.o:(.debug_frame)
    25ac     25ac       7c     4         build/nanox/obj/os_io_usb.o:(.debug_frame)
    2628     2628       5c     4         build/nanox/obj/os_printf.o:(.debug_frame)
    2684     2684       5c     4         build/nanox/obj/osal.o:(.debug_frame)
    26e0     26e0       3c     4         build/nanox/obj/pic.o:(.debug_frame)
    271c     271c       58     4         build/nanox/obj/printf.o:(.debug_frame)
    2774     2774      f78     4         build/nanox/obj/syscalls.o:(.debug_frame)
    36ec     36ec      148     4         build/nanox/obj/usbd_conf.o:(.debug_frame)
    3834     3834      1f8     4         build/nanox/obj/usbd_core.o:(.debug_frame)
    3a2c     3a2c      1a0     4         build/nanox/obj/usbd_ctlreq.o:(.debug_frame)
    3bcc     3bcc       64     4         build/nanox/obj/usbd_hid.o:(.debug_frame)
    3c30     3c30      124     4         build/nanox/obj/usbd_impl.o:(.debug_frame)
    3d54     3d54       ac     4         build/nanox/obj/usbd_ioreq.o:(.debug_frame)
    3e00     3e00      1dc     4         build/nanox/obj/ux_flow_engine.o:(.debug_frame)
    3fdc     3fdc       44     4         build/nanox/obj/ux_layout_bb.o:(.debug_frame)
    4020     4020       44     4         build/nanox/obj/ux_layout_bn.o:(.debug_frame)
    4064     4064       2c     4         build/nanox/obj/ux_layout_bnn.o:(.debug_frame)
    4090     4090       2c     4         build/nanox/obj/ux_layout_bnnn.o:(.debug_frame)
    40bc     40bc       44     4         build/nanox/obj/ux_layout_nn.o:(.debug_frame)
    4100     4100       4c     4         build/nanox/obj/ux_layout_nnbnn.o:(.debug_frame)
    414c     414c       2c     4         build/nanox/obj/ux_layout_nnn.o:(.debug_frame)
    4178     4178       2c     4         build/nanox/obj/ux_layout_nnnn.o:(.debug_frame)
    41a4     41a4      164     4         build/nanox/obj/ux_layout_paging.o:(.debug_frame)
    4308     4308       44     4         build/nanox/obj/ux_layout_paging_compute.o:(.debug_frame)
    434c     434c       4c     4         build/nanox/obj/ux_layout_pb.o:(.debug_frame)
    4398     4398       64     4         build/nanox/obj/ux_layout_pbb.o:(.debug_frame)
    43fc     43fc       44     4         build/nanox/obj/ux_layout_pbn.o:(.debug_frame)
    4440     4440       2c     4         build/nanox/obj/ux_layout_pn.o:(.debug_frame)
    446c     446c       44     4         build/nanox/obj/ux_layout_pnn.o:(.debug_frame)
    44b0     44b0       5c     4         build/nanox/obj/ux_layout_utils.o:(.debug_frame)
    450c     450c       2c     4         build/nanox/obj/ux_legacy.o:(.debug_frame)
    4538     4538       84     4         build/nanox/obj/ux_menulist.o:(.debug_frame)
    45bc     45bc      11c     4         build/nanox/obj/ux_stack.o:(.debug_frame)
    46d8     46d8       20     4         /opt/nanox-secure-sdk/arch/st33/lib/libgcc.a(_udivsi3.o):(.debug_frame)
    46e8     46e8        0     1                 $d
    46f8     46f8       34     4         /opt/nanox-secure-sdk/arch/st33/lib/libgcc.a(_muldi3.o):(.debug_frame)
    472c     472c       3c     4         /opt/nanox-secure-sdk/arch/st33/lib/libgcc.a(_udivmoddi4.o):(.debug_frame)
    4768     4768       28     4         /opt/nanox-secure-sdk/arch/st33/lib/libc.a(lib_a-aeabi_memclr.o):(.debug_frame)
    4790     4790       28     4         /opt/nanox-secure-sdk/arch/st33/lib/libc.a(lib_a-aeabi_memcpy.o):(.debug_frame)
    47b8     47b8       28     4         /opt/nanox-secure-sdk/arch/st33/lib/libc.a(lib_a-aeabi_memmove.o):(.debug_frame)
    47e0     47e0       28     4         /opt/nanox-secure-sdk/arch/st33/lib/libc.a(lib_a-aeabi_memset.o):(.debug_frame)
    4808     4808       28     4         /opt/nanox-secure-sdk/arch/st33/lib/libc.a(lib_a-explicit_bzero.o):(.debug_frame)
    4830     4830       28     4         /opt/nanox-secure-sdk/arch/st33/lib/libc.a(lib_a-bzero.o):(.debug_frame)
    4858     4858       2c     4         /opt/nanox-secure-sdk/arch/st33/lib/libc.a(lib_a-memcmp.o):(.debug_frame)
    4884     4884       34     4         /opt/nanox-secure-sdk/arch/st33/lib/libc.a(lib_a-memcpy-stub.o):(.debug_frame)
    48b8     48b8       34     4         /opt/nanox-secure-sdk/arch/st33/lib/libc.a(lib_a-memmove.o):(.debug_frame)
    48ec     48ec       30     4         /opt/nanox-secure-sdk/arch/st33/lib/libc.a(lib_a-memset.o):(.debug_frame)
    491c     491c       2c     4         /opt/nanox-secure-sdk/arch/st33/lib/libc.a(lib_a-strlcat.o):(.debug_frame)
    4948     4948       30     4         /opt/nanox-secure-sdk/arch/st33/lib/libc.a(lib_a-strlcpy.o):(.debug_frame)
    4978     4978       28     4         /opt/nanox-secure-sdk/arch/st33/lib/libc.a(lib_a-strlen-stub.o):(.debug_frame)
    49a0     49a0       28     4         /opt/nanox-secure-sdk/arch/st33/lib/libc.a(lib_a-strnlen.o):(.debug_frame)
       0        0     aff0     1 .debug_str
       0        0     aff0     1         <internal>:(.debug_str)
       0        0    15e61     1 .debug_loc
       0        0     1278     1         build/nanox/obj/bagl.o:(.debug_loc)
    1278     1278     2808     1         build/nanox/obj/ble_gap_aci.o:(.debug_loc)
    3a80     3a80     3200     1         build/nanox/obj/ble_gatt_aci.o:(.debug_loc)
    6c80     6c80      804     1         build/nanox/obj/ble_hal_aci.o:(.debug_loc)
    7484     7484     27ba     1         build/nanox/obj/ble_hci_le.o:(.debug_loc)
    9c3e     9c3e      9b7     1         build/nanox/obj/ble_l2cap_aci.o:(.debug_loc)
    a5f5     a5f5      d15     1         build/nanox/obj/eth_internals.o:(.debug_loc)
    b30a     b30a       a9     1         build/nanox/obj/handle_finalize.o:(.debug_loc)
    b3b3     b3b3       75     1         build/nanox/obj/handle_init_contract.o:(.debug_loc)
    b428     b428      3dc     1         build/nanox/obj/handle_provide_parameter.o:(.debug_loc)
    b804     b804       3c     1         build/nanox/obj/handle_provide_token.o:(.debug_loc)
    b840     b840       3c     1         build/nanox/obj/handle_query_contract_id.o:(.debug_loc)
    b87c     b87c      29d     1         build/nanox/obj/handle_query_contract_ui.o:(.debug_loc)
    bb19     bb19      955     1         build/nanox/obj/ledger_ble.o:(.debug_loc)
    c46e     c46e      2c8     1         build/nanox/obj/ledger_protocol.o:(.debug_loc)
    c736     c736      1ac     1         build/nanox/obj/main.o:(.debug_loc)
    c8e2     c8e2      ae2     1         build/nanox/obj/os.o:(.debug_loc)
    d3c4     d3c4      a49     1         build/nanox/obj/os_io_seproxyhal.o:(.debug_loc)
    de0d     de0d      1a8     1         build/nanox/obj/os_io_usb.o:(.debug_loc)
    dfb5     dfb5      c8b     1         build/nanox/obj/os_printf.o:(.debug_loc)
    ec40     ec40      189     1         build/nanox/obj/osal.o:(.debug_loc)
    edc9     edc9       8b     1         build/nanox/obj/pic.o:(.debug_loc)
    ee54     ee54      700     1         build/nanox/obj/printf.o:(.debug_loc)
    f554     f554     3ae0     1         build/nanox/obj/syscalls.o:(.debug_loc)
   13034    13034      429     1         build/nanox/obj/usbd_conf.o:(.debug_loc)
   1345d    1345d      724     1         build/nanox/obj/usbd_core.o:(.debug_loc)
   13b81    13b81      8ca     1         build/nanox/obj/usbd_ctlreq.o:(.debug_loc)
   1444b    1444b      178     1         build/nanox/obj/usbd_hid.o:(.debug_loc)
   145c3    145c3      2b8     1         build/nanox/obj/usbd_impl.o:(.debug_loc)
   1487b    1487b      235     1         build/nanox/obj/usbd_ioreq.o:(.debug_loc)
   14ab0    14ab0      37c     1         build/nanox/obj/ux_flow_engine.o:(.debug_loc)
   14e2c    14e2c       4c     1         build/nanox/obj/ux_layout_bb.o:(.debug_loc)
   14e78    14e78       6a     1         build/nanox/obj/ux_layout_bn.o:(.debug_loc)
   14ee2    14ee2       1e     1         build/nanox/obj/ux_layout_bnn.o:(.debug_loc)
   14f00    14f00       1e     1         build/nanox/obj/ux_layout_bnnn.o:(.debug_loc)
   14f1e    14f1e       6a     1         build/nanox/obj/ux_layout_nn.o:(.debug_loc)
   14f88    14f88       67     1         build/nanox/obj/ux_layout_nnbnn.o:(.debug_loc)
   14fef    14fef       1e     1         build/nanox/obj/ux_layout_nnn.o:(.debug_loc)
   1500d    1500d       1e     1         build/nanox/obj/ux_layout_nnnn.o:(.debug_loc)
   1502b    1502b      49c     1         build/nanox/obj/ux_layout_paging.o:(.debug_loc)
   154c7    154c7      2ed     1         build/nanox/obj/ux_layout_paging_compute.o:(.debug_loc)
   157b4    157b4       67     1         build/nanox/obj/ux_layout_pb.o:(.debug_loc)
   1581b    1581b       8d     1         build/nanox/obj/ux_layout_pbb.o:(.debug_loc)
   158a8    158a8       6a     1         build/nanox/obj/ux_layout_pbn.o:(.debug_loc)
   15912    15912       1e     1         build/nanox/obj/ux_layout_pn.o:(.debug_loc)
   15930    15930       6a     1         build/nanox/obj/ux_layout_pnn.o:(.debug_loc)
   1599a    1599a       bc     1         build/nanox/obj/ux_layout_utils.o:(.debug_loc)
   15a56    15a56      1d4     1         build/nanox/obj/ux_menulist.o:(.debug_loc)
   15c2a    15c2a      237     1         build/nanox/obj/ux_stack.o:(.debug_loc)
da7a05e4 da7a05e4        0     1 PROVIDE ( _nvram = ABSOLUTE ( _nvram_start ) )
da7a05e4 da7a05e4        0     1 PROVIDE ( _envram = ABSOLUTE ( _nvram_end ) )
       0        0     1dc0     8 .debug_ranges
       0        0       c0     1         build/nanox/obj/bagl.o:(.debug_ranges)
      c0       c0      158     1         build/nanox/obj/ble_gap_aci.o:(.debug_ranges)
     218      218      1b8     1         build/nanox/obj/ble_gatt_aci.o:(.debug_ranges)
     3d0      3d0       a0     1         build/nanox/obj/ble_hal_aci.o:(.debug_ranges)
     470      470      208     1         build/nanox/obj/ble_hci_le.o:(.debug_ranges)
     678      678       50     1         build/nanox/obj/ble_l2cap_aci.o:(.debug_ranges)
     6c8      6c8      448     8         build/nanox/obj/cx_stubs.o:(.debug_ranges)
     b10      b10       f0     1         build/nanox/obj/eth_internals.o:(.debug_ranges)
     c00      c00       18     1         build/nanox/obj/handle_finalize.o:(.debug_ranges)
     c18      c18       b0     1         build/nanox/obj/handle_provide_parameter.o:(.debug_ranges)
     cc8      cc8       18     1         build/nanox/obj/handle_provide_token.o:(.debug_ranges)
     ce0      ce0       90     1         build/nanox/obj/handle_query_contract_ui.o:(.debug_ranges)
     d70      d70      1f8     1         build/nanox/obj/ledger_ble.o:(.debug_ranges)
     f68      f68       78     1         build/nanox/obj/ledger_protocol.o:(.debug_ranges)
     fe0      fe0       58     1         build/nanox/obj/main.o:(.debug_ranges)
    1038     1038       a8     1         build/nanox/obj/os.o:(.debug_ranges)
    10e0     10e0      158     1         build/nanox/obj/os_io_seproxyhal.o:(.debug_ranges)
    1238     1238       40     1         build/nanox/obj/os_io_usb.o:(.debug_ranges)
    1278     1278       30     1         build/nanox/obj/os_printf.o:(.debug_ranges)
    12a8     12a8       20     1         build/nanox/obj/osal.o:(.debug_ranges)
    12c8     12c8       18     1         build/nanox/obj/pic.o:(.debug_ranges)
    12e0     12e0       78     1         build/nanox/obj/printf.o:(.debug_ranges)
    1358     1358      518     1         build/nanox/obj/syscalls.o:(.debug_ranges)
    1870     1870       70     1         build/nanox/obj/usbd_conf.o:(.debug_ranges)
    18e0     18e0       b0     1         build/nanox/obj/usbd_core.o:(.debug_ranges)
    1990     1990       88     1         build/nanox/obj/usbd_ctlreq.o:(.debug_ranges)
    1a18     1a18       20     1         build/nanox/obj/usbd_hid.o:(.debug_ranges)
    1a38     1a38       80     1         build/nanox/obj/usbd_impl.o:(.debug_ranges)
    1ab8     1ab8       38     1         build/nanox/obj/usbd_ioreq.o:(.debug_ranges)
    1af0     1af0       98     1         build/nanox/obj/ux_flow_engine.o:(.debug_ranges)
    1b88     1b88       18     1         build/nanox/obj/ux_layout_bb.o:(.debug_ranges)
    1ba0     1ba0       18     1         build/nanox/obj/ux_layout_bn.o:(.debug_ranges)
    1bb8     1bb8       18     1         build/nanox/obj/ux_layout_nn.o:(.debug_ranges)
    1bd0     1bd0       18     1         build/nanox/obj/ux_layout_nnbnn.o:(.debug_ranges)
    1be8     1be8       a0     1         build/nanox/obj/ux_layout_paging.o:(.debug_ranges)
    1c88     1c88       18     1         build/nanox/obj/ux_layout_paging_compute.o:(.debug_ranges)
    1ca0     1ca0       18     1         build/nanox/obj/ux_layout_pb.o:(.debug_ranges)
    1cb8     1cb8       20     1         build/nanox/obj/ux_layout_pbb.o:(.debug_ranges)
    1cd8     1cd8       18     1         build/nanox/obj/ux_layout_pbn.o:(.debug_ranges)
    1cf0     1cf0       18     1         build/nanox/obj/ux_layout_pnn.o:(.debug_ranges)
    1d08     1d08       20     1         build/nanox/obj/ux_layout_utils.o:(.debug_ranges)
    1d28     1d28       28     1         build/nanox/obj/ux_menulist.o:(.debug_ranges)
    1d50     1d50       70     1         build/nanox/obj/ux_stack.o:(.debug_ranges)
       0        0       45     1 .ARM.attributes
       0        0       45     1         build/nanox/obj/bagl.o:(.ARM.attributes)
       0        0     11f0     4 .symtab
       0        0     11f0     4         <internal>:(.symtab)
       0        0       ab     1 .shstrtab
       0        0       ab     1         <internal>:(.shstrtab)
       0        0      af7     1 .strtab
       0        0      af7     1         <internal>:(.strtab)
